Archive member included to satisfy reference by file (symbol)

C:/devkitPro/libnds/lib\libnds9.a(background.o)
                              main.o (bgState)
C:/devkitPro/libnds/lib\libnds9.a(trig.o)
                              C:/devkitPro/libnds/lib\libnds9.a(background.o) (sinLerp)
C:/devkitPro/libnds/lib\libnds9.a(touch.o)
                              main.o (touchRead)
C:/devkitPro/libnds/lib\libnds9.a(sprite_alloc.o)
                              main.o (oamAllocateGfx)
C:/devkitPro/libnds/lib\libnds9.a(console.o)
                              main.o (consoleDemoInit)
C:/devkitPro/libnds/lib\libnds9.a(sprite.o)
                              main.o (oamInit)
C:/devkitPro/libnds/lib\libnds9.a(keys.o)
                              main.o (scanKeys)
C:/devkitPro/libnds/lib\libnds9.a(initSystem.o)
                              c:/devkitpro/devkitarm/bin/../lib/gcc/arm-none-eabi/12.1.0/../../../../arm-none-eabi/lib/ds_arm9_crt0.o (initSystem)
C:/devkitPro/libnds/lib\libnds9.a(securearea.o)
                              c:/devkitpro/devkitarm/bin/../lib/gcc/arm-none-eabi/12.1.0/../../../../arm-none-eabi/lib/ds_arm9_crt0.o (__secure_area__)
C:/devkitPro/libnds/lib\libnds9.a(interrupts.o)
                              C:/devkitPro/libnds/lib\libnds9.a(initSystem.o) (irqInit)
C:/devkitPro/libnds/lib\libnds9.a(libnds_exit.arm.o)
                              c:/devkitpro/devkitarm/bin/../lib/gcc/arm-none-eabi/12.1.0/../../../../arm-none-eabi/lib/ds_arm9_crt0.o (__libnds_exit)
C:/devkitPro/libnds/lib\libnds9.a(fifosystem.o)
                              C:/devkitPro/libnds/lib\libnds9.a(initSystem.o) (fifoSetValue32Handler)
C:/devkitPro/libnds/lib\libnds9.a(dcache.o)
                              C:/devkitPro/libnds/lib\libnds9.a(sprite.o) (DC_FlushRange)
C:/devkitPro/libnds/lib\libnds9.a(mpu_setup.o)
                              c:/devkitpro/devkitarm/bin/../lib/gcc/arm-none-eabi/12.1.0/../../../../arm-none-eabi/lib/ds_arm9_crt0.o (__libnds_mpu_setup)
C:/devkitPro/libnds/lib\libnds9.a(IntrWait.o)
                              main.o (swiWaitForVBlank)
C:/devkitPro/libnds/lib\libnds9.a(cpu_clock.o)
                              C:/devkitPro/libnds/lib\libnds9.a(initSystem.o) (setCpuClock)
C:/devkitPro/libnds/lib\libnds9.a(interruptDispatcher.o)
                              C:/devkitPro/libnds/lib\libnds9.a(interrupts.o) (IntrMain)
C:/devkitPro/libnds/lib\libnds9.a(debugprint.o)
                              C:/devkitPro/libnds/lib\libnds9.a(console.o) (nocashWrite)
C:/devkitPro/libnds/lib\libnds9.a(swiSoftReset.o)
                              C:/devkitPro/libnds/lib\libnds9.a(fifosystem.o) (swiSoftReset)
C:/devkitPro/libnds/lib\libnds9.a(default_font.bin.o)
                              C:/devkitPro/libnds/lib\libnds9.a(console.o) (default_font_bin)
C:/devkitPro/libnds/lib\libnds9.a(video.o)
                              C:/devkitPro/libnds/lib\libnds9.a(initSystem.o) (vramDefault)
C:/devkitPro/libnds/lib\libnds9.a(system.o)
                              C:/devkitPro/libnds/lib\libnds9.a(initSystem.o) (systemValueHandler)
C:/devkitPro/libnds/lib\libnds9.a(biosCalls.o)
                              C:/devkitPro/libnds/lib\libnds9.a(system.o) (swiDelay)
c:/devkitpro/devkitarm/bin/../lib/gcc/arm-none-eabi/12.1.0/../../../../arm-none-eabi/lib\libstdc++.a(del_ops.o)
                              main.o (operator delete(void*, unsigned int))
c:/devkitpro/devkitarm/bin/../lib/gcc/arm-none-eabi/12.1.0/../../../../arm-none-eabi/lib\libstdc++.a(new_op.o)
                              main.o (operator new(unsigned int))
c:/devkitpro/devkitarm/bin/../lib/gcc/arm-none-eabi/12.1.0/../../../../arm-none-eabi/lib\libstdc++.a(bad_alloc.o)
                              c:/devkitpro/devkitarm/bin/../lib/gcc/arm-none-eabi/12.1.0/../../../../arm-none-eabi/lib\libstdc++.a(new_op.o) (vtable for std::bad_alloc)
c:/devkitpro/devkitarm/bin/../lib/gcc/arm-none-eabi/12.1.0/../../../../arm-none-eabi/lib\libstdc++.a(del_op.o)
                              c:/devkitpro/devkitarm/bin/../lib/gcc/arm-none-eabi/12.1.0/../../../../arm-none-eabi/lib\libstdc++.a(del_ops.o) (operator delete(void*))
c:/devkitpro/devkitarm/bin/../lib/gcc/arm-none-eabi/12.1.0/../../../../arm-none-eabi/lib\libstdc++.a(eh_alloc.o)
                              c:/devkitpro/devkitarm/bin/../lib/gcc/arm-none-eabi/12.1.0/../../../../arm-none-eabi/lib\libstdc++.a(new_op.o) (__cxa_allocate_exception)
c:/devkitpro/devkitarm/bin/../lib/gcc/arm-none-eabi/12.1.0/../../../../arm-none-eabi/lib\libstdc++.a(eh_exception.o)
                              c:/devkitpro/devkitarm/bin/../lib/gcc/arm-none-eabi/12.1.0/../../../../arm-none-eabi/lib\libstdc++.a(bad_alloc.o) (std::exception::~exception())
c:/devkitpro/devkitarm/bin/../lib/gcc/arm-none-eabi/12.1.0/../../../../arm-none-eabi/lib\libstdc++.a(eh_terminate.o)
                              c:/devkitpro/devkitarm/bin/../lib/gcc/arm-none-eabi/12.1.0/../../../../arm-none-eabi/lib\libstdc++.a(eh_alloc.o) (std::terminate())
[...]
Memory Configuration

Name             Origin             Length             Attributes
ewram            0x0000000002000000 0x0000000000380000
dtcm             0x0000000002ff0000 0x0000000000004000
vectors          0x0000000001000000 0x0000000000000100
itcm             0x0000000001000100 0x0000000000007f00
*default*        0x0000000000000000 0xffffffffffffffff

Linker script and memory map

                0x0000000002380000                __ewram_end = (ORIGIN (ewram) + LENGTH (ewram))
                0x0000000002380000                __eheap_end = (ORIGIN (ewram) + LENGTH (ewram))
                0x0000000002ff4000                __dtcm_top = (ORIGIN (dtcm) + LENGTH (dtcm))
                0x0000000002ff3ff8                __irq_flags = (__dtcm_top - 0x8)
                0x0000000002ff3ffc                __irq_vector = (__dtcm_top - 0x4)
                0x0000000002ff3f00                __sp_svc = (__dtcm_top - 0x100)
                0x0000000002ff3e00                __sp_irq = (__sp_svc - 0x100)
                0x0000000002ff3d00                __sp_usr = (__sp_irq - 0x100)

.secure         0x0000000002000000      0x800
 *(.secure)
 .secure        0x0000000002000000      0x800 C:/devkitPro/libnds/lib\libnds9.a(securearea.o)
                0x0000000002000000                __secure_area__

.crt0           0x0000000002000800      0x300
                0x0000000002000800                __text_start = .
 *(.crt0)
 .crt0          0x0000000002000800      0x300 c:/devkitpro/devkitarm/bin/../lib/gcc/arm-none-eabi/12.1.0/../../../../arm-none-eabi/lib/ds_arm9_crt0.o
                0x0000000002000800                _start
                0x0000000002000b00                . = ALIGN (0x4)

.plt
 *(.plt)

.init           0x0000000002000b00       0x18
 *(SORT_NONE(.init))
 .init          0x0000000002000b00        0xc c:/devkitpro/devkitarm/bin/../lib/gcc/arm-none-eabi/12.1.0/crti.o
                0x0000000002000b00                _init
 .init          0x0000000002000b0c        0xc c:/devkitpro/devkitarm/bin/../lib/gcc/arm-none-eabi/12.1.0/crtn.o

.text           0x0000000002000b18    0x17d50
 *(EXCLUDE_FILE(*.twl* *.vectors* *.itcm*) .text)
 .text          0x0000000002000b18      0xc40 main.o
                0x0000000002000b18                Entity::OnHit()
                0x0000000002000b18                Barrel::OnHit()
                0x0000000002000b1c                Player::OnHit()
                0x0000000002000b30                Fracas::UpdateEntity(unsigned short)
                0x0000000002000b34                Barrel::UpdateEntity(unsigned short)
                0x0000000002000b78                Player::UpdateEntity(unsigned short)
                0x000000000200106c                Entity::Entity(int, int, int, int, int)
                0x000000000200106c                Entity::Entity(int, int, int, int, int)
                0x00000000020010a4                Entity::~Entity()
                0x00000000020010a4                Entity::~Entity()
                0x00000000020010a8                Entity::getX()
                0x00000000020010b0                Entity::getY()
                0x00000000020010b8                Entity::getBoundingBoxX()
                0x00000000020010c0                Entity::getBoundingBoxY()
                0x00000000020010c8                Entity::getBoundingBoxWidth()
                0x00000000020010d0                Entity::getBoundingBoxHeight()
                0x00000000020010d8                Entity::setX(int)
                0x00000000020010e0                Entity::setY(int)
                0x00000000020010e8                Entity::setXVelocity(int)
                0x00000000020010f0                Entity::setYVelocity(int)
                0x00000000020010f8                Entity::setGFX(unsigned short*)
                0x0000000002001100                Entity::Update(unsigned short)
                0x000000000200124c                Entity::Draw()
                0x0000000002001328                Player::Player(int, int, int, int, int)
                0x0000000002001328                Player::Player(int, int, int, int, int)
                0x0000000002001394                Player::~Player()
                0x0000000002001394                Player::~Player()
                0x0000000002001398                Barrel::Barrel(int, int, int, int, int)
                0x0000000002001398                Barrel::Barrel(int, int, int, int, int)
                0x000000000200140c                Barrel::~Barrel()
                0x000000000200140c                Barrel::~Barrel()
                0x0000000002001410                Fracas::Fracas(int, int, int, int, int)
                0x0000000002001410                Fracas::Fracas(int, int, int, int, int)
                0x0000000002001470                Fracas::~Fracas()
                0x0000000002001470                Fracas::~Fracas()
                0x0000000002001474                setStar(Star*, int, int, int, int)
                0x00000000020014dc                InitStars()
                0x0000000002001554                SpawnPlayer()
                0x00000000020015dc                SpawnBarrels()
                0x00000000020016d8                SpawnFracas()
 .text          0x0000000002001758      0x148 c:/devkitpro/devkitarm/bin/../lib/gcc/arm-none-eabi/12.1.0\libgcc.a(_divsi3.o)
                0x0000000002001758                __divsi3
                0x0000000002001758                __aeabi_idiv
                0x0000000002001880                __aeabi_idivmod
 .text          0x00000000020018a0        0x4 c:/devkitpro/devkitarm/bin/../lib/gcc/arm-none-eabi/12.1.0\libgcc.a(_dvmd_tls.o)
                0x00000000020018a0                __aeabi_idiv0
                0x00000000020018a0                __aeabi_ldiv0
 .text          0x00000000020018a4      0x2ac c:/devkitpro/devkitarm/bin/../lib/gcc/arm-none-eabi/12.1.0\libgcc.a(_arm_addsubsf3.o)
                0x00000000020018a4                __aeabi_frsub
                0x00000000020018ac                __subsf3
                0x00000000020018ac                __aeabi_fsub
                0x00000000020018b0                __aeabi_fadd
                0x00000000020018b0                __addsf3
                0x0000000002001a6c                __aeabi_ui2f
                0x0000000002001a6c                __floatunsisf
                0x0000000002001a74                __aeabi_i2f
                0x0000000002001a74                __floatsisf
                0x0000000002001a94                __aeabi_ul2f
                0x0000000002001a94                __floatundisf
                0x0000000002001aa4                __aeabi_l2f
                0x0000000002001aa4                __floatdisf
 .text          0x0000000002001b50      0x114 c:/devkitpro/devkitarm/bin/../lib/gcc/arm-none-eabi/12.1.0\libgcc.a(_arm_cmpsf2.o)
                0x0000000002001b50                __gesf2
                0x0000000002001b50                __gtsf2
                0x0000000002001b58                __lesf2
                0x0000000002001b58                __ltsf2
                0x0000000002001b60                __nesf2
                0x0000000002001b60                __eqsf2
                0x0000000002001b60                __cmpsf2
                0x0000000002001bc4                __aeabi_cfrcmple
                0x0000000002001bd4                __aeabi_cfcmpeq
                0x0000000002001bd4                __aeabi_cfcmple
                0x0000000002001bec                __aeabi_fcmpeq
                0x0000000002001c04                __aeabi_fcmplt
                0x0000000002001c1c                __aeabi_fcmple
                0x0000000002001c34                __aeabi_fcmpge
                0x0000000002001c4c                __aeabi_fcmpgt
 .text          0x0000000002001c64      0x1b0 c:/devkitpro/devkitarm/bin/../lib/gcc/arm-none-eabi/12.1.0\libgcc.a(libunwind.o)
                0x0000000002001c64                __restore_core_regs
                0x0000000002001c64                restore_core_regs
                0x0000000002001c80                __gnu_Unwind_Restore_VFP
                0x0000000002001c88                __gnu_Unwind_Save_VFP
                0x0000000002001c90                __gnu_Unwind_Restore_VFP_D
                0x0000000002001c98                __gnu_Unwind_Save_VFP_D
                0x0000000002001ca0                __gnu_Unwind_Restore_VFP_D_16_to_31
                0x0000000002001ca8                __gnu_Unwind_Save_VFP_D_16_to_31
                0x0000000002001cb0                __gnu_Unwind_Restore_WMMXD
                0x0000000002001cf4                __gnu_Unwind_Save_WMMXD
                0x0000000002001d38                __gnu_Unwind_Restore_WMMXC
                0x0000000002001d4c                __gnu_Unwind_Save_WMMXC
                0x0000000002001d60                ___Unwind_RaiseException
                0x0000000002001d60                _Unwind_RaiseException
                0x0000000002001d84                _Unwind_Resume
                0x0000000002001d84                ___Unwind_Resume
                0x0000000002001da8                _Unwind_Resume_or_Rethrow
                0x0000000002001da8                ___Unwind_Resume_or_Rethrow
                0x0000000002001dcc                _Unwind_ForcedUnwind
                0x0000000002001dcc                ___Unwind_ForcedUnwind
                0x0000000002001df0                ___Unwind_Backtrace
                0x0000000002001df0                _Unwind_Backtrace
 .text          0x0000000002001e14      0x224 c:/devkitpro/devkitarm/bin/../lib/gcc/arm-none-eabi/12.1.0/../../../../arm-none-eabi/lib\libg.a(lib_a-strcmp.o)
                0x0000000002001e14                strcmp
 .text          0x0000000002002038      0x114 c:/devkitpro/devkitarm/bin/../lib/gcc/arm-none-eabi/12.1.0\libgcc.a(_udivsi3.o)
                0x0000000002002038                __aeabi_uidiv
                0x0000000002002038                __udivsi3
                0x000000000200212c                __aeabi_uidivmod
 .text          0x000000000200214c      0x424 c:/devkitpro/devkitarm/bin/../lib/gcc/arm-none-eabi/12.1.0\libgcc.a(_arm_addsubdf3.o)
                0x000000000200214c                __aeabi_drsub
                0x0000000002002154                __aeabi_dsub
                0x0000000002002154                __subdf3
                0x0000000002002158                __aeabi_dadd
                0x0000000002002158                __adddf3
                0x0000000002002468                __floatunsidf
                0x0000000002002468                __aeabi_ui2d
                0x000000000200248c                __floatsidf
                0x000000000200248c                __aeabi_i2d
                0x00000000020024b4                __aeabi_f2d
                0x00000000020024b4                __extendsfdf2
                0x00000000020024fc                __floatundidf
                0x00000000020024fc                __aeabi_ul2d
                0x0000000002002510                __floatdidf
                0x0000000002002510                __aeabi_l2d
 .text          0x0000000002002570      0x49c c:/devkitpro/devkitarm/bin/../lib/gcc/arm-none-eabi/12.1.0\libgcc.a(_arm_muldivdf3.o)
                0x0000000002002570                __aeabi_dmul
                0x0000000002002570                __muldf3
                0x0000000002002800                __divdf3
                0x0000000002002800                __aeabi_ddiv
 .text          0x0000000002002a0c      0x144 c:/devkitpro/devkitarm/bin/../lib/gcc/arm-none-eabi/12.1.0\libgcc.a(_arm_cmpdf2.o)
                0x0000000002002a0c                __gtdf2
                0x0000000002002a0c                __gedf2
                0x0000000002002a14                __ltdf2
                0x0000000002002a14                __ledf2
                0x0000000002002a1c                __nedf2
                0x0000000002002a1c                __eqdf2
                0x0000000002002a1c                __cmpdf2
                0x0000000002002aa4                __aeabi_cdrcmple
                0x0000000002002ac0                __aeabi_cdcmpeq
                0x0000000002002ac0                __aeabi_cdcmple
                0x0000000002002ad8                __aeabi_dcmpeq
                0x0000000002002af0                __aeabi_dcmplt
                0x0000000002002b08                __aeabi_dcmple
                0x0000000002002b20                __aeabi_dcmpge
                0x0000000002002b38                __aeabi_dcmpgt
 .text          0x0000000002002b50       0x38 c:/devkitpro/devkitarm/bin/../lib/gcc/arm-none-eabi/12.1.0\libgcc.a(_arm_unorddf2.o)
                0x0000000002002b50                __unorddf2
                0x0000000002002b50                __aeabi_dcmpun
 .text          0x0000000002002b88       0x5c c:/devkitpro/devkitarm/bin/../lib/gcc/arm-none-eabi/12.1.0\libgcc.a(_arm_fixdfsi.o)
                0x0000000002002b88                __aeabi_d2iz
                0x0000000002002b88                __fixdfsi
 .text          0x0000000002002be4       0x3c c:/devkitpro/devkitarm/bin/../lib/gcc/arm-none-eabi/12.1.0\libgcc.a(_aeabi_uldivmod.o)
                0x0000000002002be4                __aeabi_uldivmod
 .text          0x0000000002002c20       0x28 c:/devkitpro/devkitarm/bin/../lib/gcc/arm-none-eabi/12.1.0\libgcc.a(_clzdi2.o)
                0x0000000002002c20                __clzdi2
 .text          0x0000000002002c48       0x48 c:/devkitpro/devkitarm/bin/../lib/gcc/arm-none-eabi/12.1.0\libgcc.a(_clzsi2.o)
                0x0000000002002c48                __clzsi2
 *(EXCLUDE_FILE(*.twl* *.vectors* *.itcm*) .stub)
 *(EXCLUDE_FILE(*.twl* *.vectors* *.itcm*) .text.*)
 .text.__do_global_dtors_aux
                0x0000000002002c90       0x40 c:/devkitpro/devkitarm/bin/../lib/gcc/arm-none-eabi/12.1.0/crtbegin.o
 .text.frame_dummy
                0x0000000002002cd0       0x30 c:/devkitpro/devkitarm/bin/../lib/gcc/arm-none-eabi/12.1.0/crtbegin.o
 .text.startup  0x0000000002002d00      0x964 main.o
                0x0000000002002d00                main
 .text.checkIfText
                0x0000000002003664       0x5c C:/devkitPro/libnds/lib\libnds9.a(background.o)
                0x0000000002003664                checkIfText
 .text.bgUpdate
                0x00000000020036c0       0xf4 C:/devkitPro/libnds/lib\libnds9.a(background.o)
                0x00000000020036c0                bgUpdate
 .text.bgInit_call
                0x00000000020037b4       0xc4 C:/devkitPro/libnds/lib\libnds9.a(background.o)
                0x00000000020037b4                bgInit_call
 .text.bgInitSub_call
                0x0000000002003878       0xcc C:/devkitPro/libnds/lib\libnds9.a(background.o)
                0x0000000002003878                bgInitSub_call
 .text.sinLutLookup
                0x0000000002003944       0x4c C:/devkitPro/libnds/lib\libnds9.a(trig.o)
                0x0000000002003944                sinLutLookup
 .text.sinLerp  0x0000000002003990       0x40 C:/devkitPro/libnds/lib\libnds9.a(trig.o)
                0x0000000002003990                sinLerp
 .text.cosLerp  0x00000000020039d0       0x4c C:/devkitPro/libnds/lib\libnds9.a(trig.o)
                0x00000000020039d0                cosLerp
 .text.touchRead
                0x0000000002003a1c       0x24 C:/devkitPro/libnds/lib\libnds9.a(touch.o)
                0x0000000002003a1c                touchRead
 .text.oamAllocReset
                0x0000000002003a40       0x1c C:/devkitPro/libnds/lib\libnds9.a(sprite_alloc.o)
                0x0000000002003a40                oamAllocReset
 .text.oamAllocateGfx
                0x0000000002003a5c      0x50c C:/devkitPro/libnds/lib\libnds9.a(sprite_alloc.o)
                0x0000000002003a5c                oamAllocateGfx
 .text.newRow   0x0000000002003f68       0xa8 C:/devkitPro/libnds/lib\libnds9.a(console.o)
 .text.consolePrintChar
                0x0000000002004010       0xe0 C:/devkitPro/libnds/lib\libnds9.a(console.o)
                0x0000000002004010                consolePrintChar
 .text.con_write
                0x00000000020040f0      0x36c C:/devkitPro/libnds/lib\libnds9.a(console.o)
                0x00000000020040f0                con_write
 .text.consoleLoadFont
                0x000000000200445c      0x2a0 C:/devkitPro/libnds/lib\libnds9.a(console.o)
                0x000000000200445c                consoleLoadFont
 .text.consoleInit
                0x00000000020046fc      0x18c C:/devkitPro/libnds/lib\libnds9.a(console.o)
                0x00000000020046fc                consoleInit
 .text.consoleDemoInit
                0x0000000002004888       0x40 C:/devkitPro/libnds/lib\libnds9.a(console.o)
                0x0000000002004888                consoleDemoInit
 .text.oamInit  0x00000000020048c8      0x114 C:/devkitPro/libnds/lib\libnds9.a(sprite.o)
                0x00000000020048c8                oamInit
 .text.oamGetGfxPtr
                0x00000000020049dc       0x38 C:/devkitPro/libnds/lib\libnds9.a(sprite.o)
                0x00000000020049dc                oamGetGfxPtr
 .text.oamGfxPtrToOffset
                0x0000000002004a14       0x34 C:/devkitPro/libnds/lib\libnds9.a(sprite.o)
                0x0000000002004a14                oamGfxPtrToOffset
 .text.oamSet   0x0000000002004a48      0x104 C:/devkitPro/libnds/lib\libnds9.a(sprite.o)
                0x0000000002004a48                oamSet
 .text.oamUpdate
                0x0000000002004b4c       0x60 C:/devkitPro/libnds/lib\libnds9.a(sprite.o)
                0x0000000002004b4c                oamUpdate
 .text.oamRotateScale
                0x0000000002004bac       0x4c C:/devkitPro/libnds/lib\libnds9.a(sprite.o)
                0x0000000002004bac                oamRotateScale
 .text.scanKeys
                0x0000000002004bf8       0x8c C:/devkitPro/libnds/lib\libnds9.a(keys.o)
                0x0000000002004bf8                scanKeys
 .text.keysHeld
                0x0000000002004c84        0xc C:/devkitPro/libnds/lib\libnds9.a(keys.o)
                0x0000000002004c84                keysHeld
 .text.__syscall_exit
                0x0000000002004c90        0x8 C:/devkitPro/libnds/lib\libnds9.a(initSystem.o)
                0x0000000002004c90                __syscall_exit
 .text.initSystem
                0x0000000002004c98      0x180 C:/devkitPro/libnds/lib\libnds9.a(initSystem.o)
                0x0000000002004c98                initSystem
 .text.irqDummy
                0x0000000002004e18        0x4 C:/devkitPro/libnds/lib\libnds9.a(interrupts.o)
                0x0000000002004e18                irqDummy
 .text.irqSet   0x0000000002004e1c       0x6c C:/devkitPro/libnds/lib\libnds9.a(interrupts.o)
                0x0000000002004e1c                irqSet
 .text.irqInit  0x0000000002004e88       0x50 C:/devkitPro/libnds/lib\libnds9.a(interrupts.o)
                0x0000000002004e88                irqInit
 .text.irqEnable
                0x0000000002004ed8       0x64 C:/devkitPro/libnds/lib\libnds9.a(interrupts.o)
                0x0000000002004ed8                irqEnable
 .text.systemErrorExit
                0x0000000002004f3c        0x4 C:/devkitPro/libnds/lib\libnds9.a(libnds_exit.arm.o)
                0x0000000002004f3c                systemErrorExit
 .text.__libnds_exit
                0x0000000002004f40       0x5c C:/devkitPro/libnds/lib\libnds9.a(libnds_exit.arm.o)
                0x0000000002004f40                __libnds_exit
 .text.fifo_queueBlock
                0x0000000002004f9c       0x44 C:/devkitPro/libnds/lib\libnds9.a(fifosystem.o)
 .text.fifo_waitBlock
                0x0000000002004fe0       0x80 C:/devkitPro/libnds/lib\libnds9.a(fifosystem.o)
 .text.fifoInternalSend.part.0
                0x0000000002005060       0xd4 C:/devkitPro/libnds/lib\libnds9.a(fifosystem.o)
 .text.fifoInternalSendInterrupt
                0x0000000002005134       0xb0 C:/devkitPro/libnds/lib\libnds9.a(fifosystem.o)
 .text.fifoSetValue32Handler
                0x00000000020051e4       0xd4 C:/devkitPro/libnds/lib\libnds9.a(fifosystem.o)
                0x00000000020051e4                fifoSetValue32Handler
 .text.fifoSendValue32
                0x00000000020052b8       0x4c C:/devkitPro/libnds/lib\libnds9.a(fifosystem.o)
                0x00000000020052b8                fifoSendValue32
 .text.fifoGetDatamsg
                0x0000000002005304       0xf4 C:/devkitPro/libnds/lib\libnds9.a(fifosystem.o)
                0x0000000002005304                fifoGetDatamsg
 .text.fifoInternalRecvInterrupt
                0x00000000020053f8      0x37c C:/devkitPro/libnds/lib\libnds9.a(fifosystem.o)
 .text.fifoSetDatamsgHandler
                0x0000000002005774       0x9c C:/devkitPro/libnds/lib\libnds9.a(fifosystem.o)
                0x0000000002005774                fifoSetDatamsgHandler
 .text.fifoInit
                0x0000000002005810      0x108 C:/devkitPro/libnds/lib\libnds9.a(fifosystem.o)
                0x0000000002005810                fifoInit
 .text.DC_FlushRange
                0x0000000002005918       0x24 C:/devkitPro/libnds/lib\libnds9.a(dcache.o)
                0x0000000002005918                DC_FlushRange
 .text.__libnds_mpu_setup
                0x000000000200593c      0x174 C:/devkitPro/libnds/lib\libnds9.a(mpu_setup.o)
                0x000000000200593c                __libnds_mpu_setup
 .text.memUncached
                0x0000000002005ab0       0x20 C:/devkitPro/libnds/lib\libnds9.a(mpu_setup.o)
                0x0000000002005ab0                memUncached
 .text.swiWaitForVBlank
                0x0000000002005ad0        0x8 C:/devkitPro/libnds/lib\libnds9.a(IntrWait.o)
                0x0000000002005ad0                swiWaitForVBlank
 .text.swiIntrWait
                0x0000000002005ad8       0x70 C:/devkitPro/libnds/lib\libnds9.a(IntrWait.o)
                0x0000000002005ad8                swiIntrWait
 .text.setCpuClock
                0x0000000002005b48       0x50 C:/devkitPro/libnds/lib\libnds9.a(cpu_clock.o)
                0x0000000002005b48                setCpuClock
 .text.swiSoftReset
                0x0000000002005b98       0x2c C:/devkitPro/libnds/lib\libnds9.a(swiSoftReset.o)
                0x0000000002005b98                swiSoftReset
 .text.vramDefault
                0x0000000002005bc4       0xd0 C:/devkitPro/libnds/lib\libnds9.a(video.o)
                0x0000000002005bc4                vramDefault
 .text.systemValueHandler
                0x0000000002005c94       0x48 C:/devkitPro/libnds/lib\libnds9.a(system.o)
                0x0000000002005c94                systemValueHandler
 .text.systemMsgHandler
                0x0000000002005cdc       0x60 C:/devkitPro/libnds/lib\libnds9.a(system.o)
                0x0000000002005cdc                systemMsgHandler
 .text.powerOn  0x0000000002005d3c       0x2c C:/devkitPro/libnds/lib\libnds9.a(system.o)
                0x0000000002005d3c                powerOn
 .text.swiDelay
                0x0000000002005d68        0x4 C:/devkitPro/libnds/lib\libnds9.a(biosCalls.o)
                0x0000000002005d68                swiDelay
 .text._ZdlPvj  0x0000000002005d6c       0x10 c:/devkitpro/devkitarm/bin/../lib/gcc/arm-none-eabi/12.1.0/../../../../arm-none-eabi/lib\libstdc++.a(del_ops.o)
                0x0000000002005d6c                operator delete(void*, unsigned int)
 .text._Znwj    0x0000000002005d7c       0x68 c:/devkitpro/devkitarm/bin/../lib/gcc/arm-none-eabi/12.1.0/../../../../arm-none-eabi/lib\libstdc++.a(new_op.o)
                0x0000000002005d7c                operator new(unsigned int)
 .text._ZNKSt9bad_alloc4whatEv
                0x0000000002005de4        0xc c:/devkitpro/devkitarm/bin/../lib/gcc/arm-none-eabi/12.1.0/../../../../arm-none-eabi/lib\libstdc++.a(bad_alloc.o)
                0x0000000002005de4                std::bad_alloc::what() const
 .text._ZNSt9bad_allocD2Ev
                0x0000000002005df0       0x24 c:/devkitpro/devkitarm/bin/../lib/gcc/arm-none-eabi/12.1.0/../../../../arm-none-eabi/lib\libstdc++.a(bad_alloc.o)
                0x0000000002005df0                std::bad_alloc::~bad_alloc()
                0x0000000002005df0                std::bad_alloc::~bad_alloc()
 .text._ZNSt9bad_allocD0Ev
                0x0000000002005e14       0x30 c:/devkitpro/devkitarm/bin/../lib/gcc/arm-none-eabi/12.1.0/../../../../arm-none-eabi/lib\libstdc++.a(bad_alloc.o)
                0x0000000002005e14                std::bad_alloc::~bad_alloc()
 .text._ZdlPv   0x0000000002005e44       0x10 c:/devkitpro/devkitarm/bin/../lib/gcc/arm-none-eabi/12.1.0/../../../../arm-none-eabi/lib\libstdc++.a(del_op.o)
                0x0000000002005e44                operator delete(void*)
 .text._ZN12_GLOBAL__N_14pool4freeEPv.constprop.0
                0x0000000002005e54       0xd4 c:/devkitpro/devkitarm/bin/../lib/gcc/arm-none-eabi/12.1.0/../../../../arm-none-eabi/lib\libstdc++.a(eh_alloc.o)
 .text._ZN12_GLOBAL__N_14pool8allocateEj.constprop.0
                0x0000000002005f28       0x9c c:/devkitpro/devkitarm/bin/../lib/gcc/arm-none-eabi/12.1.0/../../../../arm-none-eabi/lib\libstdc++.a(eh_alloc.o)
 .text.__cxa_allocate_exception
                0x0000000002005fc4       0x48 c:/devkitpro/devkitarm/bin/../lib/gcc/arm-none-eabi/12.1.0/../../../../arm-none-eabi/lib\libstdc++.a(eh_alloc.o)
                0x0000000002005fc4                __cxa_allocate_exception
 .text.__cxa_free_exception
                0x000000000200600c       0x38 c:/devkitpro/devkitarm/bin/../lib/gcc/arm-none-eabi/12.1.0/../../../../arm-none-eabi/lib\libstdc++.a(eh_alloc.o)
                0x000000000200600c                __cxa_free_exception
 .text.startup._GLOBAL__sub_I__ZN9__gnu_cxx9__freeresEv
                0x0000000002006044       0x40 c:/devkitpro/devkitarm/bin/../lib/gcc/arm-none-eabi/12.1.0/../../../../arm-none-eabi/lib\libstdc++.a(eh_alloc.o)
 .text._ZNSt9exceptionD2Ev
                0x0000000002006084        0x4 c:/devkitpro/devkitarm/bin/../lib/gcc/arm-none-eabi/12.1.0/../../../../arm-none-eabi/lib\libstdc++.a(eh_exception.o)
                0x0000000002006084                std::exception::~exception()
                0x0000000002006084                std::exception::~exception()
 .text._ZNSt13bad_exceptionD2Ev
                0x0000000002006088        0x4 c:/devkitpro/devkitarm/bin/../lib/gcc/arm-none-eabi/12.1.0/../../../../arm-none-eabi/lib\libstdc++.a(eh_exception.o)
                0x0000000002006088                std::bad_exception::~bad_exception()
                0x0000000002006088                std::bad_exception::~bad_exception()
 .text._ZNKSt13bad_exception4whatEv
                0x000000000200608c        0xc c:/devkitpro/devkitarm/bin/../lib/gcc/arm-none-eabi/12.1.0/../../../../arm-none-eabi/lib\libstdc++.a(eh_exception.o)
                0x000000000200608c                std::bad_exception::what() const
                0x000000000200608c                transaction clone for std::bad_exception::what() const
 .text._ZNSt13bad_exceptionD0Ev
                0x0000000002006098       0x1c c:/devkitpro/devkitarm/bin/../lib/gcc/arm-none-eabi/12.1.0/../../../../arm-none-eabi/lib\libstdc++.a(eh_exception.o)
                0x0000000002006098                std::bad_exception::~bad_exception()
 .text._ZN10__cxxabiv111__terminateEPFvvE
                0x00000000020060b4       0x18 c:/devkitpro/devkitarm/bin/../lib/gcc/arm-none-eabi/12.1.0/../../../../arm-none-eabi/lib\libstdc++.a(eh_terminate.o)
                0x00000000020060b4                __cxxabiv1::__terminate(void (*)())
 .text._ZSt9terminatev
                0x00000000020060cc       0x14 c:/devkitpro/devkitarm/bin/../lib/gcc/arm-none-eabi/12.1.0/../../../../arm-none-eabi/lib\libstdc++.a(eh_terminate.o)
                0x00000000020060cc                std::terminate()
 .text._ZN10__cxxabiv112__unexpectedEPFvvE
                0x00000000020060e0       0x10 c:/devkitpro/devkitarm/bin/../lib/gcc/arm-none-eabi/12.1.0/../../../../arm-none-eabi/lib\libstdc++.a(eh_terminate.o)
                0x00000000020060e0                __cxxabiv1::__unexpected(void (*)())
 .text._ZSt10unexpectedv
                0x00000000020060f0       0x14 c:/devkitpro/devkitarm/bin/../lib/gcc/arm-none-eabi/12.1.0/../../../../arm-none-eabi/lib\libstdc++.a(eh_terminate.o)
                0x00000000020060f0                std::unexpected()
 .text._ZSt13get_terminatev
                0x0000000002006104       0x10 c:/devkitpro/devkitarm/bin/../lib/gcc/arm-none-eabi/12.1.0/../../../../arm-none-eabi/lib\libstdc++.a(eh_terminate.o)
                0x0000000002006104                std::get_terminate()
 .text._ZSt14get_unexpectedv
                0x0000000002006114       0x10 c:/devkitpro/devkitarm/bin/../lib/gcc/arm-none-eabi/12.1.0/../../../../arm-none-eabi/lib\libstdc++.a(eh_terminate.o)
                0x0000000002006114                std::get_unexpected()
 .text._ZL23__gxx_exception_cleanup19_Unwind_Reason_CodeP21_Unwind_Control_Block
                0x0000000002006124       0x58 c:/devkitpro/devkitarm/bin/../lib/gcc/arm-none-eabi/12.1.0/../../../../arm-none-eabi/lib\libstdc++.a(eh_throw.o)
 .text.__cxa_init_primary_exception
                0x000000000200617c       0x74 c:/devkitpro/devkitarm/bin/../lib/gcc/arm-none-eabi/12.1.0/../../../../arm-none-eabi/lib\libstdc++.a(eh_throw.o)
                0x000000000200617c                __cxa_init_primary_exception
 .text.__cxa_throw
                0x00000000020061f0       0x54 c:/devkitpro/devkitarm/bin/../lib/gcc/arm-none-eabi/12.1.0/../../../../arm-none-eabi/lib\libstdc++.a(eh_throw.o)
                0x00000000020061f0                __cxa_throw
 .text.__cxa_rethrow
                0x0000000002006244       0xb0 c:/devkitpro/devkitarm/bin/../lib/gcc/arm-none-eabi/12.1.0/../../../../arm-none-eabi/lib\libstdc++.a(eh_throw.o)
                0x0000000002006244                __cxa_rethrow
 .text._ZSt15get_new_handlerv
                0x00000000020062f4       0x10 c:/devkitpro/devkitarm/bin/../lib/gcc/arm-none-eabi/12.1.0/../../../../arm-none-eabi/lib\libstdc++.a(new_handler.o)
                0x00000000020062f4                std::get_new_handler()
 .text._ZN10__cxxabiv120__si_class_type_infoD2Ev
                0x0000000002006304       0x24 c:/devkitpro/devkitarm/bin/../lib/gcc/arm-none-eabi/12.1.0/../../../../arm-none-eabi/lib\libstdc++.a(si_class_type_info.o)
                0x0000000002006304                __cxxabiv1::__si_class_type_info::~__si_class_type_info()
                0x0000000002006304                __cxxabiv1::__si_class_type_info::~__si_class_type_info()
 .text._ZN10__cxxabiv120__si_class_type_infoD0Ev
                0x0000000002006328       0x30 c:/devkitpro/devkitarm/bin/../lib/gcc/arm-none-eabi/12.1.0/../../../../arm-none-eabi/lib\libstdc++.a(si_class_type_info.o)
                0x0000000002006328                __cxxabiv1::__si_class_type_info::~__si_class_type_info()
 .text._ZNK10__cxxabiv120__si_class_type_info20__do_find_public_srcEiPKvPKNS_17__class_type_infoES2_
                0x0000000002006358       0x70 c:/devkitpro/devkitarm/bin/../lib/gcc/arm-none-eabi/12.1.0/../../../../arm-none-eabi/lib\libstdc++.a(si_class_type_info.o)
                0x0000000002006358                __cxxabiv1::__si_class_type_info::__do_find_public_src(int, void const*, __cxxabiv1::__class_type_info const*, void const*) const
 .text._ZNK10__cxxabiv120__si_class_type_info12__do_dyncastEiNS_17__class_type_info10__sub_kindEPKS1_PKvS4_S6_RNS1_16__dyncast_resultE
                0x00000000020063c8       0xe4 c:/devkitpro/devkitarm/bin/../lib/gcc/arm-none-eabi/12.1.0/../../../../arm-none-eabi/lib\libstdc++.a(si_class_type_info.o)
                0x00000000020063c8                __cxxabiv1::__si_class_type_info::__do_dyncast(int, __cxxabiv1::__class_type_info::__sub_kind, __cxxabiv1::__class_type_info const*, void const*, __cxxabiv1::__class_type_info const*, void const*, __cxxabiv1::__class_type_info::__dyncast_result&) const
 .text._ZNK10__cxxabiv120__si_class_type_info11__do_upcastEPKNS_17__class_type_infoEPKvRNS1_15__upcast_resultE
                0x00000000020064ac       0x4c c:/devkitpro/devkitarm/bin/../lib/gcc/arm-none-eabi/12.1.0/../../../../arm-none-eabi/lib\libstdc++.a(si_class_type_info.o)
                0x00000000020064ac                __cxxabiv1::__si_class_type_info::__do_upcast(__cxxabiv1::__class_type_info const*, void const*, __cxxabiv1::__class_type_info::__upcast_result&) const
 .text._ZNSt9type_infoD2Ev
                0x00000000020064f8        0x4 c:/devkitpro/devkitarm/bin/../lib/gcc/arm-none-eabi/12.1.0/../../../../arm-none-eabi/lib\libstdc++.a(tinfo.o)
                0x00000000020064f8                std::type_info::~type_info()
                0x00000000020064f8                std::type_info::~type_info()
 .text._ZNKSt9type_info14__is_pointer_pEv
                0x00000000020064fc        0x8 c:/devkitpro/devkitarm/bin/../lib/gcc/arm-none-eabi/12.1.0/../../../../arm-none-eabi/lib\libstdc++.a(tinfo.o)
                0x00000000020064fc                std::type_info::__is_pointer_p() const
                0x00000000020064fc                std::type_info::__is_function_p() const
 .text._ZNKSt9type_infoeqERKS_
                0x0000000002006504       0x50 c:/devkitpro/devkitarm/bin/../lib/gcc/arm-none-eabi/12.1.0/../../../../arm-none-eabi/lib\libstdc++.a(tinfo.o)
                0x0000000002006504                std::type_info::operator==(std::type_info const&) const
                0x0000000002006504                std::type_info::__equal(std::type_info const&) const
 .text._ZNK10__cxxabiv117__class_type_info11__do_upcastEPKS0_PPv
                0x0000000002006554       0x64 c:/devkitpro/devkitarm/bin/../lib/gcc/arm-none-eabi/12.1.0/../../../../arm-none-eabi/lib\libstdc++.a(class_type_info.o)
                0x0000000002006554                __cxxabiv1::__class_type_info::__do_upcast(__cxxabiv1::__class_type_info const*, void**) const
 .text._ZNK10__cxxabiv117__class_type_info20__do_find_public_srcEiPKvPKS0_S2_
                0x00000000020065b8       0x14 c:/devkitpro/devkitarm/bin/../lib/gcc/arm-none-eabi/12.1.0/../../../../arm-none-eabi/lib\libstdc++.a(class_type_info.o)
                0x00000000020065b8                __cxxabiv1::__class_type_info::__do_find_public_src(int, void const*, __cxxabiv1::__class_type_info const*, void const*) const
 .text._ZN10__cxxabiv117__class_type_infoD2Ev
                0x00000000020065cc       0x24 c:/devkitpro/devkitarm/bin/../lib/gcc/arm-none-eabi/12.1.0/../../../../arm-none-eabi/lib\libstdc++.a(class_type_info.o)
                0x00000000020065cc                __cxxabiv1::__class_type_info::~__class_type_info()
                0x00000000020065cc                __cxxabiv1::__class_type_info::~__class_type_info()
 .text._ZN10__cxxabiv117__class_type_infoD0Ev
                0x00000000020065f0       0x30 c:/devkitpro/devkitarm/bin/../lib/gcc/arm-none-eabi/12.1.0/../../../../arm-none-eabi/lib\libstdc++.a(class_type_info.o)
                0x00000000020065f0                __cxxabiv1::__class_type_info::~__class_type_info()
 .text._ZNK10__cxxabiv117__class_type_info12__do_dyncastEiNS0_10__sub_kindEPKS0_PKvS3_S5_RNS0_16__dyncast_resultE
                0x0000000002006620       0x70 c:/devkitpro/devkitarm/bin/../lib/gcc/arm-none-eabi/12.1.0/../../../../arm-none-eabi/lib\libstdc++.a(class_type_info.o)
                0x0000000002006620                __cxxabiv1::__class_type_info::__do_dyncast(int, __cxxabiv1::__class_type_info::__sub_kind, __cxxabiv1::__class_type_info const*, void const*, __cxxabiv1::__class_type_info const*, void const*, __cxxabiv1::__class_type_info::__dyncast_result&) const
 .text._ZNK10__cxxabiv117__class_type_info11__do_upcastEPKS0_PKvRNS0_15__upcast_resultE
                0x0000000002006690       0x30 c:/devkitpro/devkitarm/bin/../lib/gcc/arm-none-eabi/12.1.0/../../../../arm-none-eabi/lib\libstdc++.a(class_type_info.o)
                0x0000000002006690                __cxxabiv1::__class_type_info::__do_upcast(__cxxabiv1::__class_type_info const*, void const*, __cxxabiv1::__class_type_info::__upcast_result&) const
 .text._ZNK10__cxxabiv117__class_type_info10__do_catchEPKSt9type_infoPPvj
                0x00000000020066c0       0x4c c:/devkitpro/devkitarm/bin/../lib/gcc/arm-none-eabi/12.1.0/../../../../arm-none-eabi/lib\libstdc++.a(class_type_info.o)
                0x00000000020066c0                __cxxabiv1::__class_type_info::__do_catch(std::type_info const*, void**, unsigned int) const
 .text.__cxa_begin_catch
                0x000000000200670c       0xd4 c:/devkitpro/devkitarm/bin/../lib/gcc/arm-none-eabi/12.1.0/../../../../arm-none-eabi/lib\libstdc++.a(eh_catch.o)
                0x000000000200670c                __cxa_begin_catch
 .text.__cxa_end_catch
                0x00000000020067e0       0xe0 c:/devkitpro/devkitarm/bin/../lib/gcc/arm-none-eabi/12.1.0/../../../../arm-none-eabi/lib\libstdc++.a(eh_catch.o)
                0x00000000020067e0                __cxa_end_catch
 .text.__cxa_get_globals_fast
                0x00000000020068c0        0xc c:/devkitpro/devkitarm/bin/../lib/gcc/arm-none-eabi/12.1.0/../../../../arm-none-eabi/lib\libstdc++.a(eh_globals.o)
                0x00000000020068c0                __cxa_get_globals_fast
 .text.__cxa_get_globals
                0x00000000020068cc        0xc c:/devkitpro/devkitarm/bin/../lib/gcc/arm-none-eabi/12.1.0/../../../../arm-none-eabi/lib\libstdc++.a(eh_globals.o)
                0x00000000020068cc                __cxa_get_globals
 .text._ZL28read_encoded_value_with_basehjPKhPj
                0x00000000020068d8      0x174 c:/devkitpro/devkitarm/bin/../lib/gcc/arm-none-eabi/12.1.0/../../../../arm-none-eabi/lib\libstdc++.a(eh_personality.o)
 .text._ZL21base_of_encoded_valuehP15_Unwind_Context
                0x0000000002006a4c       0x78 c:/devkitpro/devkitarm/bin/../lib/gcc/arm-none-eabi/12.1.0/../../../../arm-none-eabi/lib\libstdc++.a(eh_personality.o)
 .text._ZL17parse_lsda_headerP15_Unwind_ContextPKhP16lsda_header_info
                0x0000000002006ac4       0xd8 c:/devkitpro/devkitarm/bin/../lib/gcc/arm-none-eabi/12.1.0/../../../../arm-none-eabi/lib\libstdc++.a(eh_personality.o)
 .text.__gxx_personality_v0
                0x0000000002006b9c      0x6f8 c:/devkitpro/devkitarm/bin/../lib/gcc/arm-none-eabi/12.1.0/../../../../arm-none-eabi/lib\libstdc++.a(eh_personality.o)
                0x0000000002006b9c                __gxx_personality_v0
 .text.__cxa_end_cleanup
                0x0000000002007294       0x10 c:/devkitpro/devkitarm/bin/../lib/gcc/arm-none-eabi/12.1.0/../../../../arm-none-eabi/lib\libstdc++.a(eh_arm.o)
                0x0000000002007294                __cxa_end_cleanup
 .text.__cxa_type_match
                0x00000000020072a4      0x138 c:/devkitpro/devkitarm/bin/../lib/gcc/arm-none-eabi/12.1.0/../../../../arm-none-eabi/lib\libstdc++.a(eh_arm.o)
                0x00000000020072a4                __cxa_type_match
 .text.__cxa_begin_cleanup
                0x00000000020073dc       0xbc c:/devkitpro/devkitarm/bin/../lib/gcc/arm-none-eabi/12.1.0/../../../../arm-none-eabi/lib\libstdc++.a(eh_arm.o)
                0x00000000020073dc                __cxa_begin_cleanup
 .text.__gnu_end_cleanup
                0x0000000002007498       0xbc c:/devkitpro/devkitarm/bin/../lib/gcc/arm-none-eabi/12.1.0/../../../../arm-none-eabi/lib\libstdc++.a(eh_arm.o)
                0x0000000002007498                __gnu_end_cleanup
 .text._ZN10__cxxabiv1L24__is_gxx_exception_classEPc
                0x0000000002007554       0x70 c:/devkitpro/devkitarm/bin/../lib/gcc/arm-none-eabi/12.1.0/../../../../arm-none-eabi/lib\libstdc++.a(eh_call.o)
 .text.__cxa_call_terminate
                0x00000000020075c4       0x2c c:/devkitpro/devkitarm/bin/../lib/gcc/arm-none-eabi/12.1.0/../../../../arm-none-eabi/lib\libstdc++.a(eh_call.o)
                0x00000000020075c4                __cxa_call_terminate
 .text.unlikely.__cxa_call_unexpected
                0x00000000020075f0      0x138 c:/devkitpro/devkitarm/bin/../lib/gcc/arm-none-eabi/12.1.0/../../../../arm-none-eabi/lib\libstdc++.a(eh_call.o)
                0x00000000020075f0                __cxa_call_unexpected
 .text.selfrel_offset31
                0x0000000002007728       0x18 c:/devkitpro/devkitarm/bin/../lib/gcc/arm-none-eabi/12.1.0\libgcc.a(unwind-arm.o)
 .text.search_EIT_table
                0x0000000002007740       0x98 c:/devkitpro/devkitarm/bin/../lib/gcc/arm-none-eabi/12.1.0\libgcc.a(unwind-arm.o)
 .text.__gnu_unwind_get_pr_addr
                0x00000000020077d8       0x40 c:/devkitpro/devkitarm/bin/../lib/gcc/arm-none-eabi/12.1.0\libgcc.a(unwind-arm.o)
 .text.get_eit_entry
                0x0000000002007818       0xf8 c:/devkitpro/devkitarm/bin/../lib/gcc/arm-none-eabi/12.1.0\libgcc.a(unwind-arm.o)
 .text.restore_non_core_regs
                0x0000000002007910       0x90 c:/devkitpro/devkitarm/bin/../lib/gcc/arm-none-eabi/12.1.0\libgcc.a(unwind-arm.o)
 .text._Unwind_decode_typeinfo_ptr.constprop.0
                0x00000000020079a0       0x14 c:/devkitpro/devkitarm/bin/../lib/gcc/arm-none-eabi/12.1.0\libgcc.a(unwind-arm.o)
 .text._Unwind_DebugHook
                0x00000000020079b4        0x4 c:/devkitpro/devkitarm/bin/../lib/gcc/arm-none-eabi/12.1.0\libgcc.a(unwind-arm.o)
 .text.unwind_phase2
                0x00000000020079b8       0x68 c:/devkitpro/devkitarm/bin/../lib/gcc/arm-none-eabi/12.1.0\libgcc.a(unwind-arm.o)
 .text.unwind_phase2_forced
                0x0000000002007a20      0x154 c:/devkitpro/devkitarm/bin/../lib/gcc/arm-none-eabi/12.1.0\libgcc.a(unwind-arm.o)
 .text.__gnu_Unwind_RaiseException
                0x0000000002007b74       0xac c:/devkitpro/devkitarm/bin/../lib/gcc/arm-none-eabi/12.1.0\libgcc.a(unwind-arm.o)
                0x0000000002007b74                __gnu_Unwind_RaiseException
 .text.__gnu_Unwind_ForcedUnwind
                0x0000000002007c20       0x28 c:/devkitpro/devkitarm/bin/../lib/gcc/arm-none-eabi/12.1.0\libgcc.a(unwind-arm.o)
                0x0000000002007c20                __gnu_Unwind_ForcedUnwind
 .text.__gnu_Unwind_Resume
                0x0000000002007c48       0x78 c:/devkitpro/devkitarm/bin/../lib/gcc/arm-none-eabi/12.1.0\libgcc.a(unwind-arm.o)
                0x0000000002007c48                __gnu_Unwind_Resume
 .text.__gnu_Unwind_Resume_or_Rethrow
                0x0000000002007cc0       0x1c c:/devkitpro/devkitarm/bin/../lib/gcc/arm-none-eabi/12.1.0\libgcc.a(unwind-arm.o)
                0x0000000002007cc0                __gnu_Unwind_Resume_or_Rethrow
 .text._Unwind_Complete
                0x0000000002007cdc        0x4 c:/devkitpro/devkitarm/bin/../lib/gcc/arm-none-eabi/12.1.0\libgcc.a(unwind-arm.o)
                0x0000000002007cdc                _Unwind_Complete
 .text._Unwind_DeleteException
                0x0000000002007ce0       0x18 c:/devkitpro/devkitarm/bin/../lib/gcc/arm-none-eabi/12.1.0\libgcc.a(unwind-arm.o)
                0x0000000002007ce0                _Unwind_DeleteException
 .text._Unwind_VRS_Get
                0x0000000002007cf8       0x5c c:/devkitpro/devkitarm/bin/../lib/gcc/arm-none-eabi/12.1.0\libgcc.a(unwind-arm.o)
                0x0000000002007cf8                _Unwind_VRS_Get
 .text._Unwind_GetGR
                0x0000000002007d54       0x30 c:/devkitpro/devkitarm/bin/../lib/gcc/arm-none-eabi/12.1.0\libgcc.a(unwind-arm.o)
 .text._Unwind_VRS_Set
                0x0000000002007d84       0x5c c:/devkitpro/devkitarm/bin/../lib/gcc/arm-none-eabi/12.1.0\libgcc.a(unwind-arm.o)
                0x0000000002007d84                _Unwind_VRS_Set
 .text._Unwind_SetGR
                0x0000000002007de0       0x30 c:/devkitpro/devkitarm/bin/../lib/gcc/arm-none-eabi/12.1.0\libgcc.a(unwind-arm.o)
 .text.__gnu_Unwind_Backtrace
                0x0000000002007e10       0xcc c:/devkitpro/devkitarm/bin/../lib/gcc/arm-none-eabi/12.1.0\libgcc.a(unwind-arm.o)
                0x0000000002007e10                __gnu_Unwind_Backtrace
 .text.__gnu_unwind_pr_common
                0x0000000002007edc      0x41c c:/devkitpro/devkitarm/bin/../lib/gcc/arm-none-eabi/12.1.0\libgcc.a(unwind-arm.o)
 .text.__aeabi_unwind_cpp_pr0
                0x00000000020082f8        0x8 c:/devkitpro/devkitarm/bin/../lib/gcc/arm-none-eabi/12.1.0\libgcc.a(unwind-arm.o)
                0x00000000020082f8                __aeabi_unwind_cpp_pr0
 .text.__aeabi_unwind_cpp_pr1
                0x0000000002008300        0x8 c:/devkitpro/devkitarm/bin/../lib/gcc/arm-none-eabi/12.1.0\libgcc.a(unwind-arm.o)
                0x0000000002008300                __aeabi_unwind_cpp_pr1
 .text.__aeabi_unwind_cpp_pr2
                0x0000000002008308        0x8 c:/devkitpro/devkitarm/bin/../lib/gcc/arm-none-eabi/12.1.0\libgcc.a(unwind-arm.o)
                0x0000000002008308                __aeabi_unwind_cpp_pr2
 .text._Unwind_VRS_Pop
                0x0000000002008310      0x3e4 c:/devkitpro/devkitarm/bin/../lib/gcc/arm-none-eabi/12.1.0\libgcc.a(unwind-arm.o)
                0x0000000002008310                _Unwind_VRS_Pop
 .text.next_unwind_byte
                0x00000000020086f4       0x60 c:/devkitpro/devkitarm/bin/../lib/gcc/arm-none-eabi/12.1.0\libgcc.a(pr-support.o)
 .text._Unwind_GetGR.constprop.0
                0x0000000002008754       0x30 c:/devkitpro/devkitarm/bin/../lib/gcc/arm-none-eabi/12.1.0\libgcc.a(pr-support.o)
 .text.unwind_UCB_from_context
                0x0000000002008784        0x4 c:/devkitpro/devkitarm/bin/../lib/gcc/arm-none-eabi/12.1.0\libgcc.a(pr-support.o)
 .text.__gnu_unwind_execute
                0x0000000002008788      0x424 c:/devkitpro/devkitarm/bin/../lib/gcc/arm-none-eabi/12.1.0\libgcc.a(pr-support.o)
                0x0000000002008788                __gnu_unwind_execute
 .text.__gnu_unwind_frame
                0x0000000002008bac       0x4c c:/devkitpro/devkitarm/bin/../lib/gcc/arm-none-eabi/12.1.0\libgcc.a(pr-support.o)
                0x0000000002008bac                __gnu_unwind_frame
 .text._Unwind_GetRegionStart
                0x0000000002008bf8       0x14 c:/devkitpro/devkitarm/bin/../lib/gcc/arm-none-eabi/12.1.0\libgcc.a(pr-support.o)
                0x0000000002008bf8                _Unwind_GetRegionStart
 .text._Unwind_GetLanguageSpecificData
                0x0000000002008c0c       0x20 c:/devkitpro/devkitarm/bin/../lib/gcc/arm-none-eabi/12.1.0\libgcc.a(pr-support.o)
                0x0000000002008c0c                _Unwind_GetLanguageSpecificData
 .text.unlikely._Unwind_GetDataRelBase
                0x0000000002008c2c        0x8 c:/devkitpro/devkitarm/bin/../lib/gcc/arm-none-eabi/12.1.0\libgcc.a(pr-support.o)
                0x0000000002008c2c                _Unwind_GetDataRelBase
 .text.unlikely._Unwind_GetTextRelBase
                0x0000000002008c34        0x8 c:/devkitpro/devkitarm/bin/../lib/gcc/arm-none-eabi/12.1.0\libgcc.a(pr-support.o)
                0x0000000002008c34                _Unwind_GetTextRelBase
 .text.abort    0x0000000002008c3c       0x14 c:/devkitpro/devkitarm/bin/../lib/gcc/arm-none-eabi/12.1.0/../../../../arm-none-eabi/lib\libg.a(lib_a-abort.o)
                0x0000000002008c3c                abort
 .text.__libc_init_array
                0x0000000002008c50       0x90 c:/devkitpro/devkitarm/bin/../lib/gcc/arm-none-eabi/12.1.0/../../../../arm-none-eabi/lib\libg.a(lib_a-init.o)
                0x0000000002008c50                __libc_init_array
 .text.malloc   0x0000000002008ce0       0x1c c:/devkitpro/devkitarm/bin/../lib/gcc/arm-none-eabi/12.1.0/../../../../arm-none-eabi/lib\libg.a(lib_a-malloc.o)
                0x0000000002008ce0                malloc
 .text.free     0x0000000002008cfc       0x1c c:/devkitpro/devkitarm/bin/../lib/gcc/arm-none-eabi/12.1.0/../../../../arm-none-eabi/lib\libg.a(lib_a-malloc.o)
                0x0000000002008cfc                free
 .text._malloc_r
                0x0000000002008d18      0x7f0 c:/devkitpro/devkitarm/bin/../lib/gcc/arm-none-eabi/12.1.0/../../../../arm-none-eabi/lib\libg.a(lib_a-mallocr.o)
                0x0000000002008d18                _malloc_r
 .text.memcpy   0x0000000002009508      0x114 c:/devkitpro/devkitarm/bin/../lib/gcc/arm-none-eabi/12.1.0/../../../../arm-none-eabi/lib\libg.a(lib_a-memcpy-stub.o)
                0x0000000002009508                memcpy
 .text.memset   0x000000000200961c       0xfc c:/devkitpro/devkitarm/bin/../lib/gcc/arm-none-eabi/12.1.0/../../../../arm-none-eabi/lib\libg.a(lib_a-memset.o)
                0x000000000200961c                memset
 .text.__malloc_lock
                0x0000000002009718       0x18 c:/devkitpro/devkitarm/bin/../lib/gcc/arm-none-eabi/12.1.0/../../../../arm-none-eabi/lib\libg.a(lib_a-mlock.o)
                0x0000000002009718                __malloc_lock
 .text.__malloc_unlock
                0x0000000002009730       0x18 c:/devkitpro/devkitarm/bin/../lib/gcc/arm-none-eabi/12.1.0/../../../../arm-none-eabi/lib\libg.a(lib_a-mlock.o)
                0x0000000002009730                __malloc_unlock
 .text.printf   0x0000000002009748       0x34 c:/devkitpro/devkitarm/bin/../lib/gcc/arm-none-eabi/12.1.0/../../../../arm-none-eabi/lib\libg.a(lib_a-printf.o)
                0x0000000002009748                printf
 .text._puts_r  0x000000000200977c       0xe8 c:/devkitpro/devkitarm/bin/../lib/gcc/arm-none-eabi/12.1.0/../../../../arm-none-eabi/lib\libg.a(lib_a-puts.o)
                0x000000000200977c                _puts_r
 .text.puts     0x0000000002009864       0x18 c:/devkitpro/devkitarm/bin/../lib/gcc/arm-none-eabi/12.1.0/../../../../arm-none-eabi/lib\libg.a(lib_a-puts.o)
                0x0000000002009864                puts
 .text.rand     0x000000000200987c       0x48 c:/devkitpro/devkitarm/bin/../lib/gcc/arm-none-eabi/12.1.0/../../../../arm-none-eabi/lib\libg.a(lib_a-rand.o)
                0x000000000200987c                rand
 .text.realloc  0x00000000020098c4       0x24 c:/devkitpro/devkitarm/bin/../lib/gcc/arm-none-eabi/12.1.0/../../../../arm-none-eabi/lib\libg.a(lib_a-realloc.o)
                0x00000000020098c4                realloc
 .text._realloc_r
                0x00000000020098e8      0x4b8 c:/devkitpro/devkitarm/bin/../lib/gcc/arm-none-eabi/12.1.0/../../../../arm-none-eabi/lib\libg.a(lib_a-reallocr.o)
                0x00000000020098e8                _realloc_r
 .text.setvbuf  0x0000000002009da0      0x25c c:/devkitpro/devkitarm/bin/../lib/gcc/arm-none-eabi/12.1.0/../../../../arm-none-eabi/lib\libg.a(lib_a-setvbuf.o)
                0x0000000002009da0                setvbuf
 .text._raise_r
                0x0000000002009ffc       0x94 c:/devkitpro/devkitarm/bin/../lib/gcc/arm-none-eabi/12.1.0/../../../../arm-none-eabi/lib\libg.a(lib_a-signal.o)
                0x0000000002009ffc                _raise_r
 .text.raise    0x000000000200a090       0x18 c:/devkitpro/devkitarm/bin/../lib/gcc/arm-none-eabi/12.1.0/../../../../arm-none-eabi/lib\libg.a(lib_a-signal.o)
                0x000000000200a090                raise
 .text.siscanf  0x000000000200a0a8       0x74 c:/devkitpro/devkitarm/bin/../lib/gcc/arm-none-eabi/12.1.0/../../../../arm-none-eabi/lib\libg.a(lib_a-siscanf.o)
                0x000000000200a0a8                siscanf
 .text.__sread  0x000000000200a11c       0x4c c:/devkitpro/devkitarm/bin/../lib/gcc/arm-none-eabi/12.1.0/../../../../arm-none-eabi/lib\libg.a(lib_a-stdio.o)
                0x000000000200a11c                __sread
 .text.__seofread
                0x000000000200a168        0x8 c:/devkitpro/devkitarm/bin/../lib/gcc/arm-none-eabi/12.1.0/../../../../arm-none-eabi/lib\libg.a(lib_a-stdio.o)
                0x000000000200a168                __seofread
 .text.__swrite
                0x000000000200a170       0x6c c:/devkitpro/devkitarm/bin/../lib/gcc/arm-none-eabi/12.1.0/../../../../arm-none-eabi/lib\libg.a(lib_a-stdio.o)
                0x000000000200a170                __swrite
 .text.__sseek  0x000000000200a1dc       0x48 c:/devkitpro/devkitarm/bin/../lib/gcc/arm-none-eabi/12.1.0/../../../../arm-none-eabi/lib\libg.a(lib_a-stdio.o)
                0x000000000200a1dc                __sseek
 .text.__sclose
                0x000000000200a224       0x14 c:/devkitpro/devkitarm/bin/../lib/gcc/arm-none-eabi/12.1.0/../../../../arm-none-eabi/lib\libg.a(lib_a-stdio.o)
                0x000000000200a224                __sclose
 .text.strlen   0x000000000200a238       0x60 c:/devkitpro/devkitarm/bin/../lib/gcc/arm-none-eabi/12.1.0/../../../../arm-none-eabi/lib\libg.a(lib_a-strlen-stub.o)
                0x000000000200a238                strlen
 .text.get_arg  0x000000000200a298       0x54 c:/devkitpro/devkitarm/bin/../lib/gcc/arm-none-eabi/12.1.0/../../../../arm-none-eabi/lib\libg.a(lib_a-svfiscanf.o)
 .text._sungetc_r
                0x000000000200a2ec       0xdc c:/devkitpro/devkitarm/bin/../lib/gcc/arm-none-eabi/12.1.0/../../../../arm-none-eabi/lib\libg.a(lib_a-svfiscanf.o)
                0x000000000200a2ec                _sungetc_r
 .text.__ssrefill_r
                0x000000000200a3c8       0x68 c:/devkitpro/devkitarm/bin/../lib/gcc/arm-none-eabi/12.1.0/../../../../arm-none-eabi/lib\libg.a(lib_a-svfiscanf.o)
                0x000000000200a3c8                __ssrefill_r
 .text._sfread_r
                0x000000000200a430       0xc8 c:/devkitpro/devkitarm/bin/../lib/gcc/arm-none-eabi/12.1.0/../../../../arm-none-eabi/lib\libg.a(lib_a-svfiscanf.o)
                0x000000000200a430                _sfread_r
 .text.__ssvfiscanf_r
                0x000000000200a4f8     0x2338 c:/devkitpro/devkitarm/bin/../lib/gcc/arm-none-eabi/12.1.0/../../../../arm-none-eabi/lib\libg.a(lib_a-svfiscanf.o)
                0x000000000200a4f8                __ssvfiscanf_r
 .text.__submore
                0x000000000200c830       0xa8 c:/devkitpro/devkitarm/bin/../lib/gcc/arm-none-eabi/12.1.0/../../../../arm-none-eabi/lib\libg.a(lib_a-ungetc.o)
                0x000000000200c830                __submore
 .text.get_arg  0x000000000200c8d8      0x674 c:/devkitpro/devkitarm/bin/../lib/gcc/arm-none-eabi/12.1.0/../../../../arm-none-eabi/lib\libg.a(lib_a-vfiprintf.o)
 .text.__sprint_r
                0x000000000200cf4c       0x34 c:/devkitpro/devkitarm/bin/../lib/gcc/arm-none-eabi/12.1.0/../../../../arm-none-eabi/lib\libg.a(lib_a-vfiprintf.o)
                0x000000000200cf4c                __sprint_r
 .text._vfiprintf_r
                0x000000000200cf80     0x2320 c:/devkitpro/devkitarm/bin/../lib/gcc/arm-none-eabi/12.1.0/../../../../arm-none-eabi/lib\libg.a(lib_a-vfiprintf.o)
                0x000000000200cf80                _vfiprintf_r
 .text.__sbprintf
                0x000000000200f2a0       0xd4 c:/devkitpro/devkitarm/bin/../lib/gcc/arm-none-eabi/12.1.0/../../../../arm-none-eabi/lib\libg.a(lib_a-vfiprintf.o)
 .text.get_arg  0x000000000200f374      0x674 c:/devkitpro/devkitarm/bin/../lib/gcc/arm-none-eabi/12.1.0/../../../../arm-none-eabi/lib\libg.a(lib_a-vfprintf.o)
 .text._vfprintf_r
                0x000000000200f9e8     0x370c c:/devkitpro/devkitarm/bin/../lib/gcc/arm-none-eabi/12.1.0/../../../../arm-none-eabi/lib\libg.a(lib_a-vfprintf.o)
                0x000000000200f9e8                _vfprintf_r
 .text.__sbprintf
                0x00000000020130f4       0xd4 c:/devkitpro/devkitarm/bin/../lib/gcc/arm-none-eabi/12.1.0/../../../../arm-none-eabi/lib\libg.a(lib_a-vfprintf.o)
 .text._wcrtomb_r
                0x00000000020131c8       0x5c c:/devkitpro/devkitarm/bin/../lib/gcc/arm-none-eabi/12.1.0/../../../../arm-none-eabi/lib\libg.a(lib_a-wcrtomb.o)
                0x00000000020131c8                _wcrtomb_r
 .text._wcsrtombs_r
                0x0000000002013224       0x2c c:/devkitpro/devkitarm/bin/../lib/gcc/arm-none-eabi/12.1.0/../../../../arm-none-eabi/lib\libg.a(lib_a-wcsrtombs.o)
                0x0000000002013224                _wcsrtombs_r
 .text.__swsetup_r
                0x0000000002013250      0x148 c:/devkitpro/devkitarm/bin/../lib/gcc/arm-none-eabi/12.1.0/../../../../arm-none-eabi/lib\libg.a(lib_a-wsetup.o)
                0x0000000002013250                __swsetup_r
 .text.quorem   0x0000000002013398      0x1d0 c:/devkitpro/devkitarm/bin/../lib/gcc/arm-none-eabi/12.1.0/../../../../arm-none-eabi/lib\libg.a(lib_a-dtoa.o)
 .text._dtoa_r  0x0000000002013568     0x1658 c:/devkitpro/devkitarm/bin/../lib/gcc/arm-none-eabi/12.1.0/../../../../arm-none-eabi/lib\libg.a(lib_a-dtoa.o)
                0x0000000002013568                _dtoa_r
 .text.__sflush_r
                0x0000000002014bc0      0x250 c:/devkitpro/devkitarm/bin/../lib/gcc/arm-none-eabi/12.1.0/../../../../arm-none-eabi/lib\libg.a(lib_a-fflush.o)
                0x0000000002014bc0                __sflush_r
 .text._fflush_r
                0x0000000002014e10       0x9c c:/devkitpro/devkitarm/bin/../lib/gcc/arm-none-eabi/12.1.0/../../../../arm-none-eabi/lib\libg.a(lib_a-fflush.o)
                0x0000000002014e10                _fflush_r
 .text._cleanup_r
                0x0000000002014eac       0x18 c:/devkitpro/devkitarm/bin/../lib/gcc/arm-none-eabi/12.1.0/../../../../arm-none-eabi/lib\libg.a(lib_a-findfp.o)
                0x0000000002014eac                _cleanup_r
 .text.__sinit  0x0000000002014ec4      0x18c c:/devkitpro/devkitarm/bin/../lib/gcc/arm-none-eabi/12.1.0/../../../../arm-none-eabi/lib\libg.a(lib_a-findfp.o)
                0x0000000002014ec4                __sinit
 .text.__sfp_lock_acquire
                0x0000000002015050       0x18 c:/devkitpro/devkitarm/bin/../lib/gcc/arm-none-eabi/12.1.0/../../../../arm-none-eabi/lib\libg.a(lib_a-findfp.o)
                0x0000000002015050                __sfp_lock_acquire
 .text.__sfp_lock_release
                0x0000000002015068       0x18 c:/devkitpro/devkitarm/bin/../lib/gcc/arm-none-eabi/12.1.0/../../../../arm-none-eabi/lib\libg.a(lib_a-findfp.o)
                0x0000000002015068                __sfp_lock_release
 .text._malloc_trim_r
                0x0000000002015080      0x100 c:/devkitpro/devkitarm/bin/../lib/gcc/arm-none-eabi/12.1.0/../../../../arm-none-eabi/lib\libg.a(lib_a-freer.o)
                0x0000000002015080                _malloc_trim_r
 .text._free_r  0x0000000002015180      0x2e8 c:/devkitpro/devkitarm/bin/../lib/gcc/arm-none-eabi/12.1.0/../../../../arm-none-eabi/lib\libg.a(lib_a-freer.o)
                0x0000000002015180                _free_r
 .text.__sfvwrite_r
                0x0000000002015468      0x4c8 c:/devkitpro/devkitarm/bin/../lib/gcc/arm-none-eabi/12.1.0/../../../../arm-none-eabi/lib\libg.a(lib_a-fvwrite.o)
                0x0000000002015468                __sfvwrite_r
 .text._fwalk_reent
                0x0000000002015930       0x78 c:/devkitpro/devkitarm/bin/../lib/gcc/arm-none-eabi/12.1.0/../../../../arm-none-eabi/lib\libg.a(lib_a-fwalk.o)
                0x0000000002015930                _fwalk_reent
 .text.iswspace
                0x00000000020159a8       0x14 c:/devkitpro/devkitarm/bin/../lib/gcc/arm-none-eabi/12.1.0/../../../../arm-none-eabi/lib\libg.a(lib_a-iswspace.o)
                0x00000000020159a8                iswspace
 .text._localeconv_r
                0x00000000020159bc        0xc c:/devkitpro/devkitarm/bin/../lib/gcc/arm-none-eabi/12.1.0/../../../../arm-none-eabi/lib\libg.a(lib_a-localeconv.o)
                0x00000000020159bc                _localeconv_r
 .text.__locale_mb_cur_max
                0x00000000020159c8       0x10 c:/devkitpro/devkitarm/bin/../lib/gcc/arm-none-eabi/12.1.0/../../../../arm-none-eabi/lib\libg.a(lib_a-locale.o)
                0x00000000020159c8                __locale_mb_cur_max
 .text.__smakebuf_r
                0x00000000020159d8      0x144 c:/devkitpro/devkitarm/bin/../lib/gcc/arm-none-eabi/12.1.0/../../../../arm-none-eabi/lib\libg.a(lib_a-makebuf.o)
                0x00000000020159d8                __smakebuf_r
 .text.__swhatbuf_r
                0x0000000002015b1c       0x80 c:/devkitpro/devkitarm/bin/../lib/gcc/arm-none-eabi/12.1.0/../../../../arm-none-eabi/lib\libg.a(lib_a-makebuf.o)
                0x0000000002015b1c                __swhatbuf_r
 .text._mbrtowc_r
                0x0000000002015b9c       0x70 c:/devkitpro/devkitarm/bin/../lib/gcc/arm-none-eabi/12.1.0/../../../../arm-none-eabi/lib\libg.a(lib_a-mbrtowc.o)
                0x0000000002015b9c                _mbrtowc_r
 .text.__utf8_mbtowc
                0x0000000002015c0c      0x308 c:/devkitpro/devkitarm/bin/../lib/gcc/arm-none-eabi/12.1.0/../../../../arm-none-eabi/lib\libg.a(lib_a-mbtowc_r.o)
                0x0000000002015c0c                __utf8_mbtowc
 .text.memchr   0x0000000002015f14       0xf4 c:/devkitpro/devkitarm/bin/../lib/gcc/arm-none-eabi/12.1.0/../../../../arm-none-eabi/lib\libg.a(lib_a-memchr-stub.o)
                0x0000000002015f14                memchr
 .text.memmove  0x0000000002016008      0x154 c:/devkitpro/devkitarm/bin/../lib/gcc/arm-none-eabi/12.1.0/../../../../arm-none-eabi/lib\libg.a(lib_a-memmove.o)
                0x0000000002016008                memmove
 .text._Balloc  0x000000000201615c       0x8c c:/devkitpro/devkitarm/bin/../lib/gcc/arm-none-eabi/12.1.0/../../../../arm-none-eabi/lib\libg.a(lib_a-mprec.o)
                0x000000000201615c                _Balloc
 .text._Bfree   0x00000000020161e8       0x1c c:/devkitpro/devkitarm/bin/../lib/gcc/arm-none-eabi/12.1.0/../../../../arm-none-eabi/lib\libg.a(lib_a-mprec.o)
                0x00000000020161e8                _Bfree
 .text.__multadd
                0x0000000002016204      0x100 c:/devkitpro/devkitarm/bin/../lib/gcc/arm-none-eabi/12.1.0/../../../../arm-none-eabi/lib\libg.a(lib_a-mprec.o)
                0x0000000002016204                __multadd
 .text.__hi0bits
                0x0000000002016304       0x60 c:/devkitpro/devkitarm/bin/../lib/gcc/arm-none-eabi/12.1.0/../../../../arm-none-eabi/lib\libg.a(lib_a-mprec.o)
                0x0000000002016304                __hi0bits
 .text.__lo0bits
                0x0000000002016364       0xa0 c:/devkitpro/devkitarm/bin/../lib/gcc/arm-none-eabi/12.1.0/../../../../arm-none-eabi/lib\libg.a(lib_a-mprec.o)
                0x0000000002016364                __lo0bits
 .text.__i2b    0x0000000002016404       0xa8 c:/devkitpro/devkitarm/bin/../lib/gcc/arm-none-eabi/12.1.0/../../../../arm-none-eabi/lib\libg.a(lib_a-mprec.o)
                0x0000000002016404                __i2b
 .text.__multiply
                0x00000000020164ac      0x218 c:/devkitpro/devkitarm/bin/../lib/gcc/arm-none-eabi/12.1.0/../../../../arm-none-eabi/lib\libg.a(lib_a-mprec.o)
                0x00000000020164ac                __multiply
 .text.__pow5mult
                0x00000000020166c4      0x128 c:/devkitpro/devkitarm/bin/../lib/gcc/arm-none-eabi/12.1.0/../../../../arm-none-eabi/lib\libg.a(lib_a-mprec.o)
                0x00000000020166c4                __pow5mult
 .text.__lshift
                0x00000000020167ec      0x144 c:/devkitpro/devkitarm/bin/../lib/gcc/arm-none-eabi/12.1.0/../../../../arm-none-eabi/lib\libg.a(lib_a-mprec.o)
                0x00000000020167ec                __lshift
 .text.__mcmp   0x0000000002016930       0x54 c:/devkitpro/devkitarm/bin/../lib/gcc/arm-none-eabi/12.1.0/../../../../arm-none-eabi/lib\libg.a(lib_a-mprec.o)
                0x0000000002016930                __mcmp
 .text.__mdiff  0x0000000002016984      0x204 c:/devkitpro/devkitarm/bin/../lib/gcc/arm-none-eabi/12.1.0/../../../../arm-none-eabi/lib\libg.a(lib_a-mprec.o)
                0x0000000002016984                __mdiff
 .text.__d2b    0x0000000002016b88      0x128 c:/devkitpro/devkitarm/bin/../lib/gcc/arm-none-eabi/12.1.0/../../../../arm-none-eabi/lib\libg.a(lib_a-mprec.o)
                0x0000000002016b88                __d2b
 .text.__sccl   0x0000000002016cb0       0xe4 c:/devkitpro/devkitarm/bin/../lib/gcc/arm-none-eabi/12.1.0/../../../../arm-none-eabi/lib\libg.a(lib_a-sccl.o)
                0x0000000002016cb0                __sccl
 .text.frexp    0x0000000002016d94       0xa4 c:/devkitpro/devkitarm/bin/../lib/gcc/arm-none-eabi/12.1.0/../../../../arm-none-eabi/lib\libg.a(lib_a-s_frexp.o)
                0x0000000002016d94                frexp
 .text.strncpy  0x0000000002016e38       0xd0 c:/devkitpro/devkitarm/bin/../lib/gcc/arm-none-eabi/12.1.0/../../../../arm-none-eabi/lib\libg.a(lib_a-strncpy.o)
                0x0000000002016e38                strncpy
 .text._strtoll_l.constprop.0
                0x0000000002016f08      0x234 c:/devkitpro/devkitarm/bin/../lib/gcc/arm-none-eabi/12.1.0/../../../../arm-none-eabi/lib\libg.a(lib_a-strtoll.o)
 .text._strtoll_r
                0x000000000201713c        0x4 c:/devkitpro/devkitarm/bin/../lib/gcc/arm-none-eabi/12.1.0/../../../../arm-none-eabi/lib\libg.a(lib_a-strtoll.o)
                0x000000000201713c                _strtoll_r
 .text._strtol_l.part.0
                0x0000000002017140      0x1a8 c:/devkitpro/devkitarm/bin/../lib/gcc/arm-none-eabi/12.1.0/../../../../arm-none-eabi/lib\libg.a(lib_a-strtol.o)
 .text._strtol_r
                0x00000000020172e8       0x3c c:/devkitpro/devkitarm/bin/../lib/gcc/arm-none-eabi/12.1.0/../../../../arm-none-eabi/lib\libg.a(lib_a-strtol.o)
                0x00000000020172e8                _strtol_r
 .text._strtoull_l.constprop.0
                0x0000000002017324      0x248 c:/devkitpro/devkitarm/bin/../lib/gcc/arm-none-eabi/12.1.0/../../../../arm-none-eabi/lib\libg.a(lib_a-strtoull.o)
 .text._strtoull_r
                0x000000000201756c        0x4 c:/devkitpro/devkitarm/bin/../lib/gcc/arm-none-eabi/12.1.0/../../../../arm-none-eabi/lib\libg.a(lib_a-strtoull.o)
                0x000000000201756c                _strtoull_r
 .text._strtoul_l.constprop.0
                0x0000000002017570      0x1c8 c:/devkitpro/devkitarm/bin/../lib/gcc/arm-none-eabi/12.1.0/../../../../arm-none-eabi/lib\libg.a(lib_a-strtoul.o)
 .text._strtoul_r
                0x0000000002017738        0x4 c:/devkitpro/devkitarm/bin/../lib/gcc/arm-none-eabi/12.1.0/../../../../arm-none-eabi/lib\libg.a(lib_a-strtoul.o)
                0x0000000002017738                _strtoul_r
 .text._wcsnrtombs_l
                0x000000000201773c      0x198 c:/devkitpro/devkitarm/bin/../lib/gcc/arm-none-eabi/12.1.0/../../../../arm-none-eabi/lib\libg.a(lib_a-wcsnrtombs.o)
                0x000000000201773c                _wcsnrtombs_l
 .text._wcsnrtombs_r
                0x00000000020178d4       0x50 c:/devkitpro/devkitarm/bin/../lib/gcc/arm-none-eabi/12.1.0/../../../../arm-none-eabi/lib\libg.a(lib_a-wcsnrtombs.o)
                0x00000000020178d4                _wcsnrtombs_r
 .text.__utf8_wctomb
                0x0000000002017924       0xf4 c:/devkitpro/devkitarm/bin/../lib/gcc/arm-none-eabi/12.1.0/../../../../arm-none-eabi/lib\libg.a(lib_a-wctomb_r.o)
                0x0000000002017924                __utf8_wctomb
 .text.__assert_func
                0x0000000002017a18       0x5c c:/devkitpro/devkitarm/bin/../lib/gcc/arm-none-eabi/12.1.0/../../../../arm-none-eabi/lib\libg.a(lib_a-assert.o)
                0x0000000002017a18                __assert_func
 .text._calloc_r
                0x0000000002017a74       0xd0 c:/devkitpro/devkitarm/bin/../lib/gcc/arm-none-eabi/12.1.0/../../../../arm-none-eabi/lib\libg.a(lib_a-callocr.o)
                0x0000000002017a74                _calloc_r
 .text.__errno  0x0000000002017b44       0x10 c:/devkitpro/devkitarm/bin/../lib/gcc/arm-none-eabi/12.1.0/../../../../arm-none-eabi/lib\libg.a(lib_a-errno.o)
                0x0000000002017b44                __errno
 .text._fclose_r
                0x0000000002017b54      0x164 c:/devkitpro/devkitarm/bin/../lib/gcc/arm-none-eabi/12.1.0/../../../../arm-none-eabi/lib\libg.a(lib_a-fclose.o)
                0x0000000002017b54                _fclose_r
 .text.fiprintf
                0x0000000002017cb8       0x3c c:/devkitpro/devkitarm/bin/../lib/gcc/arm-none-eabi/12.1.0/../../../../arm-none-eabi/lib\libg.a(lib_a-fiprintf.o)
                0x0000000002017cb8                fiprintf
 .text.iswspace_l
                0x0000000002017cf4       0x44 c:/devkitpro/devkitarm/bin/../lib/gcc/arm-none-eabi/12.1.0/../../../../arm-none-eabi/lib\libg.a(lib_a-iswspace_l.o)
                0x0000000002017cf4                iswspace_l
 .text.__jp2uc  0x0000000002017d38      0x1e8 c:/devkitpro/devkitarm/bin/../lib/gcc/arm-none-eabi/12.1.0/../../../../arm-none-eabi/lib\libg.a(lib_a-jp2uc.o)
 .text._jp2uc_l
                0x0000000002017f20       0x94 c:/devkitpro/devkitarm/bin/../lib/gcc/arm-none-eabi/12.1.0/../../../../arm-none-eabi/lib\libg.a(lib_a-jp2uc.o)
                0x0000000002017f20                _jp2uc_l
 .text.category
                0x0000000002017fb4       0x94 c:/devkitpro/devkitarm/bin/../lib/gcc/arm-none-eabi/12.1.0/../../../../arm-none-eabi/lib\libg.a(lib_a-categories.o)
                0x0000000002017fb4                category
 .text.null_write
                0x0000000002018048        0x8 c:/devkitpro/devkitarm/bin/../lib/gcc/arm-none-eabi/12.1.0/../../../../arm-none-eabi/lib\libsysbase.a(iosupport.o)
 .text._fstat_r
                0x0000000002018050       0x7c c:/devkitpro/devkitarm/bin/../lib/gcc/arm-none-eabi/12.1.0/../../../../arm-none-eabi/lib\libsysbase.a(fstat.o)
                0x0000000002018050                _fstat_r
 .text._getpid_r
                0x00000000020180cc       0x14 c:/devkitpro/devkitarm/bin/../lib/gcc/arm-none-eabi/12.1.0/../../../../arm-none-eabi/lib\libsysbase.a(getpid.o)
                0x00000000020180cc                _getpid_r
 .text._isatty_r
                0x00000000020180e0        0x8 c:/devkitpro/devkitarm/bin/../lib/gcc/arm-none-eabi/12.1.0/../../../../arm-none-eabi/lib\libsysbase.a(isatty.o)
                0x00000000020180e0                _isatty_r
 .text._kill_r  0x00000000020180e8       0x14 c:/devkitpro/devkitarm/bin/../lib/gcc/arm-none-eabi/12.1.0/../../../../arm-none-eabi/lib\libsysbase.a(kill.o)
                0x00000000020180e8                _kill_r
 .text._lseek_r
                0x00000000020180fc       0x88 c:/devkitpro/devkitarm/bin/../lib/gcc/arm-none-eabi/12.1.0/../../../../arm-none-eabi/lib\libsysbase.a(lseek.o)
                0x00000000020180fc                _lseek_r
 .text._read_r  0x0000000002018184       0x84 c:/devkitpro/devkitarm/bin/../lib/gcc/arm-none-eabi/12.1.0/../../../../arm-none-eabi/lib\libsysbase.a(read.o)
                0x0000000002018184                _read_r
 .text._sbrk_r  0x0000000002018208       0x7c c:/devkitpro/devkitarm/bin/../lib/gcc/arm-none-eabi/12.1.0/../../../../arm-none-eabi/lib\libsysbase.a(sbrk.o)
                0x0000000002018208                _sbrk_r
 .text._write_r
                0x0000000002018284       0x84 c:/devkitpro/devkitarm/bin/../lib/gcc/arm-none-eabi/12.1.0/../../../../arm-none-eabi/lib\libsysbase.a(write.o)
                0x0000000002018284                _write_r
 .text._exit    0x0000000002018308       0x20 c:/devkitpro/devkitarm/bin/../lib/gcc/arm-none-eabi/12.1.0/../../../../arm-none-eabi/lib\libsysbase.a(_exit.o)
                0x0000000002018308                _exit
 .text.build_argv
                0x0000000002018328       0x80 c:/devkitpro/devkitarm/bin/../lib/gcc/arm-none-eabi/12.1.0/../../../../arm-none-eabi/lib\libsysbase.a(build_argv.o)
                0x0000000002018328                build_argv
 .text.__flockfile
                0x00000000020183a8       0x14 c:/devkitpro/devkitarm/bin/../lib/gcc/arm-none-eabi/12.1.0/../../../../arm-none-eabi/lib\libsysbase.a(flock.o)
                0x00000000020183a8                __flockfile
 .text.__funlockfile
                0x00000000020183bc       0x14 c:/devkitpro/devkitarm/bin/../lib/gcc/arm-none-eabi/12.1.0/../../../../arm-none-eabi/lib\libsysbase.a(flock.o)
                0x00000000020183bc                __funlockfile
 .text.__get_handle
                0x00000000020183d0       0x40 c:/devkitpro/devkitarm/bin/../lib/gcc/arm-none-eabi/12.1.0/../../../../arm-none-eabi/lib\libsysbase.a(handle_manager.o)
                0x00000000020183d0                __get_handle
 .text._close_r
                0x0000000002018410       0xfc c:/devkitpro/devkitarm/bin/../lib/gcc/arm-none-eabi/12.1.0/../../../../arm-none-eabi/lib\libsysbase.a(handle_manager.o)
                0x0000000002018410                _close_r
 .text.__getreent
                0x000000000201850c       0x30 c:/devkitpro/devkitarm/bin/../lib/gcc/arm-none-eabi/12.1.0/../../../../arm-none-eabi/lib\libsysbase.a(getreent.o)
                0x000000000201850c                __getreent
 .text.__libc_lock_acquire
                0x000000000201853c       0x20 c:/devkitpro/devkitarm/bin/../lib/gcc/arm-none-eabi/12.1.0/../../../../arm-none-eabi/lib\libsysbase.a(syscall_support.o)
                0x000000000201853c                __libc_lock_acquire
 .text.__libc_lock_release
                0x000000000201855c       0x20 c:/devkitpro/devkitarm/bin/../lib/gcc/arm-none-eabi/12.1.0/../../../../arm-none-eabi/lib\libsysbase.a(syscall_support.o)
                0x000000000201855c                __libc_lock_release
 .text.__libc_lock_init_recursive
                0x000000000201857c       0x20 c:/devkitpro/devkitarm/bin/../lib/gcc/arm-none-eabi/12.1.0/../../../../arm-none-eabi/lib\libsysbase.a(syscall_support.o)
                0x000000000201857c                __libc_lock_init_recursive
 .text.__libc_lock_acquire_recursive
                0x000000000201859c       0x20 c:/devkitpro/devkitarm/bin/../lib/gcc/arm-none-eabi/12.1.0/../../../../arm-none-eabi/lib\libsysbase.a(syscall_support.o)
                0x000000000201859c                __libc_lock_acquire_recursive
 .text.__libc_lock_release_recursive
                0x00000000020185bc       0x20 c:/devkitpro/devkitarm/bin/../lib/gcc/arm-none-eabi/12.1.0/../../../../arm-none-eabi/lib\libsysbase.a(syscall_support.o)
                0x00000000020185bc                __libc_lock_release_recursive
 .text.__libc_lock_close_recursive
                0x00000000020185dc       0x20 c:/devkitpro/devkitarm/bin/../lib/gcc/arm-none-eabi/12.1.0/../../../../arm-none-eabi/lib\libsysbase.a(syscall_support.o)
                0x00000000020185dc                __libc_lock_close_recursive
 .text.__udivmoddi4
                0x00000000020185fc      0x128 c:/devkitpro/devkitarm/bin/../lib/gcc/arm-none-eabi/12.1.0\libgcc.a(_udivmoddi4.o)
                0x00000000020185fc                __udivmoddi4
 *fill*         0x0000000002018724        0x4 ff
 .text.__udivmoddi4.__stub
                0x0000000002018728      0x110 linker stubs
 *(EXCLUDE_FILE(*.twl*) .gnu.warning)
 *(EXCLUDE_FILE(*.twl*) .gnu.linkonce.t*)
 *(.glue_7)
 .glue_7        0x0000000002018868        0x0 linker stubs
 *(.glue_7t)
 .glue_7t       0x0000000002018868        0x0 linker stubs
                0x0000000002018868                . = ALIGN (0x4)

.vfp11_veneer   0x0000000002018868        0x0
 .vfp11_veneer  0x0000000002018868        0x0 linker stubs

.v4_bx          0x0000000002018868        0x0
 .v4_bx         0x0000000002018868        0x0 linker stubs

.iplt           0x0000000002018868        0x0
 .iplt          0x0000000002018868        0x0 c:/devkitpro/devkitarm/bin/../lib/gcc/arm-none-eabi/12.1.0/../../../../arm-none-eabi/lib/ds_arm9_crt0.o

.fini           0x0000000002018868       0x18
 *(.fini)
 .fini          0x0000000002018868        0xc c:/devkitpro/devkitarm/bin/../lib/gcc/arm-none-eabi/12.1.0/crti.o
                0x0000000002018868                _fini
 .fini          0x0000000002018874        0xc c:/devkitpro/devkitarm/bin/../lib/gcc/arm-none-eabi/12.1.0/crtn.o
                0x0000000002018880                __text_end = .

.rodata         0x0000000002018880     0xba0c
 *(EXCLUDE_FILE(*.twl*) .rodata)
 .rodata        0x0000000002018880      0x220 barrel.o
                0x0000000002018880                barrelTiles
                0x0000000002018a80                barrelPal
 .rodata        0x0000000002018aa0     0x2020 fracas.o
                0x0000000002018aa0                fracasTiles
                0x000000000201aaa0                fracasPal
 .rodata        0x000000000201aac0      0x220 ship.o
                0x000000000201aac0                shipTiles
                0x000000000201acc0                shipPal
 .rodata        0x000000000201ace0       0x40 main.o
                0x000000000201ace0                vtable for Entity
                0x000000000201acf0                vtable for Player
                0x000000000201ad00                vtable for Barrel
                0x000000000201ad10                vtable for Fracas
 *all.rodata*(*)
 *(EXCLUDE_FILE(*.twl*) .roda)
 *(EXCLUDE_FILE(*.twl*) .rodata.*)
 .rodata.str1.4
                0x000000000201ad20       0xdd main.o
 *fill*         0x000000000201adfd        0x3 ff
 .rodata.SIN_LUT
                0x000000000201ae00      0x102 C:/devkitPro/libnds/lib\libnds9.a(trig.o)
                0x000000000201ae00                SIN_LUT
 *fill*         0x000000000201af02        0x2 ff
 .rodata.con_write.str1.4
                0x000000000201af04       0x30 C:/devkitPro/libnds/lib\libnds9.a(console.o)
 .rodata.con_write
                0x000000000201af34       0xd4 C:/devkitPro/libnds/lib\libnds9.a(console.o)
 .rodata.str1.4
                0x000000000201b008       0x14 C:/devkitPro/libnds/lib\libnds9.a(console.o)
 .rodata.dotab_stdout
                0x000000000201b01c       0x70 C:/devkitPro/libnds/lib\libnds9.a(console.o)
 .rodata.default_font_bin
                0x000000000201b08c     0x2000 C:/devkitPro/libnds/lib\libnds9.a(default_font.bin.o)
                0x000000000201b08c                default_font_bin
                0x000000000201d08c                default_font_bin_end
 .rodata._ZNKSt9bad_alloc4whatEv.str1.4
                0x000000000201d08c        0xf c:/devkitpro/devkitarm/bin/../lib/gcc/arm-none-eabi/12.1.0/../../../../arm-none-eabi/lib\libstdc++.a(bad_alloc.o)
 *fill*         0x000000000201d09b        0x1 ff
 .rodata._ZTSSt9bad_alloc
                0x000000000201d09c        0xd c:/devkitpro/devkitarm/bin/../lib/gcc/arm-none-eabi/12.1.0/../../../../arm-none-eabi/lib\libstdc++.a(bad_alloc.o)
                0x000000000201d09c                typeinfo name for std::bad_alloc
 *fill*         0x000000000201d0a9        0x3 ff
 .rodata._ZTISt9bad_alloc
                0x000000000201d0ac        0xc c:/devkitpro/devkitarm/bin/../lib/gcc/arm-none-eabi/12.1.0/../../../../arm-none-eabi/lib\libstdc++.a(bad_alloc.o)
                0x000000000201d0ac                typeinfo for std::bad_alloc
 .rodata._ZTVSt9bad_alloc
                0x000000000201d0b8       0x14 c:/devkitpro/devkitarm/bin/../lib/gcc/arm-none-eabi/12.1.0/../../../../arm-none-eabi/lib\libstdc++.a(bad_alloc.o)
                0x000000000201d0b8                vtable for std::bad_alloc
 .rodata._ZNKSt13bad_exception4whatEv.str1.4
                0x000000000201d0cc       0x13 c:/devkitpro/devkitarm/bin/../lib/gcc/arm-none-eabi/12.1.0/../../../../arm-none-eabi/lib\libstdc++.a(eh_exception.o)
 *fill*         0x000000000201d0df        0x1 ff
 .rodata._ZTSSt9exception
                0x000000000201d0e0        0xd c:/devkitpro/devkitarm/bin/../lib/gcc/arm-none-eabi/12.1.0/../../../../arm-none-eabi/lib\libstdc++.a(eh_exception.o)
                0x000000000201d0e0                typeinfo name for std::exception
 *fill*         0x000000000201d0ed        0x3 ff
 .rodata._ZTISt9exception
                0x000000000201d0f0        0x8 c:/devkitpro/devkitarm/bin/../lib/gcc/arm-none-eabi/12.1.0/../../../../arm-none-eabi/lib\libstdc++.a(eh_exception.o)
                0x000000000201d0f0                typeinfo for std::exception
 .rodata._ZTSSt13bad_exception
                0x000000000201d0f8       0x12 c:/devkitpro/devkitarm/bin/../lib/gcc/arm-none-eabi/12.1.0/../../../../arm-none-eabi/lib\libstdc++.a(eh_exception.o)
                0x000000000201d0f8                typeinfo name for std::bad_exception
 *fill*         0x000000000201d10a        0x2 ff
 .rodata._ZTISt13bad_exception
                0x000000000201d10c        0xc c:/devkitpro/devkitarm/bin/../lib/gcc/arm-none-eabi/12.1.0/../../../../arm-none-eabi/lib\libstdc++.a(eh_exception.o)
                0x000000000201d10c                typeinfo for std::bad_exception
 .rodata._ZTSN10__cxxabiv115__forced_unwindE
                0x000000000201d118       0x20 c:/devkitpro/devkitarm/bin/../lib/gcc/arm-none-eabi/12.1.0/../../../../arm-none-eabi/lib\libstdc++.a(eh_exception.o)
                0x000000000201d118                typeinfo name for __cxxabiv1::__forced_unwind
 .rodata._ZTIN10__cxxabiv115__forced_unwindE
                0x000000000201d138        0x8 c:/devkitpro/devkitarm/bin/../lib/gcc/arm-none-eabi/12.1.0/../../../../arm-none-eabi/lib\libstdc++.a(eh_exception.o)
                0x000000000201d138                typeinfo for __cxxabiv1::__forced_unwind
 .rodata._ZTSN10__cxxabiv119__foreign_exceptionE
                0x000000000201d140       0x24 c:/devkitpro/devkitarm/bin/../lib/gcc/arm-none-eabi/12.1.0/../../../../arm-none-eabi/lib\libstdc++.a(eh_exception.o)
                0x000000000201d140                typeinfo name for __cxxabiv1::__foreign_exception
 .rodata._ZTIN10__cxxabiv119__foreign_exceptionE
                0x000000000201d164        0x8 c:/devkitpro/devkitarm/bin/../lib/gcc/arm-none-eabi/12.1.0/../../../../arm-none-eabi/lib\libstdc++.a(eh_exception.o)
                0x000000000201d164                typeinfo for __cxxabiv1::__foreign_exception
 .rodata._ZTVSt13bad_exception
                0x000000000201d16c       0x14 c:/devkitpro/devkitarm/bin/../lib/gcc/arm-none-eabi/12.1.0/../../../../arm-none-eabi/lib\libstdc++.a(eh_exception.o)
                0x000000000201d16c                vtable for std::bad_exception
 .rodata._ZTSN10__cxxabiv120__si_class_type_infoE
                0x000000000201d180       0x25 c:/devkitpro/devkitarm/bin/../lib/gcc/arm-none-eabi/12.1.0/../../../../arm-none-eabi/lib\libstdc++.a(si_class_type_info.o)
                0x000000000201d180                typeinfo name for __cxxabiv1::__si_class_type_info
 *fill*         0x000000000201d1a5        0x3 ff
 .rodata._ZTIN10__cxxabiv120__si_class_type_infoE
                0x000000000201d1a8        0xc c:/devkitpro/devkitarm/bin/../lib/gcc/arm-none-eabi/12.1.0/../../../../arm-none-eabi/lib\libstdc++.a(si_class_type_info.o)
                0x000000000201d1a8                typeinfo for __cxxabiv1::__si_class_type_info
 .rodata._ZTVN10__cxxabiv120__si_class_type_infoE
                0x000000000201d1b4       0x2c c:/devkitpro/devkitarm/bin/../lib/gcc/arm-none-eabi/12.1.0/../../../../arm-none-eabi/lib\libstdc++.a(si_class_type_info.o)
                0x000000000201d1b4                vtable for __cxxabiv1::__si_class_type_info
 .rodata._ZTSSt9type_info
                0x000000000201d1e0        0xd c:/devkitpro/devkitarm/bin/../lib/gcc/arm-none-eabi/12.1.0/../../../../arm-none-eabi/lib\libstdc++.a(tinfo.o)
                0x000000000201d1e0                typeinfo name for std::type_info
 *fill*         0x000000000201d1ed        0x3 ff
 .rodata._ZTISt9type_info
                0x000000000201d1f0        0x8 c:/devkitpro/devkitarm/bin/../lib/gcc/arm-none-eabi/12.1.0/../../../../arm-none-eabi/lib\libstdc++.a(tinfo.o)
                0x000000000201d1f0                typeinfo for std::type_info
 .rodata._ZTSN10__cxxabiv117__class_type_infoE
                0x000000000201d1f8       0x22 c:/devkitpro/devkitarm/bin/../lib/gcc/arm-none-eabi/12.1.0/../../../../arm-none-eabi/lib\libstdc++.a(class_type_info.o)
                0x000000000201d1f8                typeinfo name for __cxxabiv1::__class_type_info
 *fill*         0x000000000201d21a        0x2 ff
 .rodata._ZTIN10__cxxabiv117__class_type_infoE
                0x000000000201d21c        0xc c:/devkitpro/devkitarm/bin/../lib/gcc/arm-none-eabi/12.1.0/../../../../arm-none-eabi/lib\libstdc++.a(class_type_info.o)
                0x000000000201d21c                typeinfo for __cxxabiv1::__class_type_info
 .rodata._ZTVN10__cxxabiv117__class_type_infoE
                0x000000000201d228       0x2c c:/devkitpro/devkitarm/bin/../lib/gcc/arm-none-eabi/12.1.0/../../../../arm-none-eabi/lib\libstdc++.a(class_type_info.o)
                0x000000000201d228                vtable for __cxxabiv1::__class_type_info
 .rodata._puts_r.str1.4
                0x000000000201d254        0x2 c:/devkitpro/devkitarm/bin/../lib/gcc/arm-none-eabi/12.1.0/../../../../arm-none-eabi/lib\libg.a(lib_a-puts.o)
 *fill*         0x000000000201d256        0x2 ff
 .rodata.basefix.0
                0x000000000201d258       0x22 c:/devkitpro/devkitarm/bin/../lib/gcc/arm-none-eabi/12.1.0/../../../../arm-none-eabi/lib\libg.a(lib_a-svfiscanf.o)
 .rodata._vfiprintf_r.str1.1
                0x000000000201d27a       0x29 c:/devkitpro/devkitarm/bin/../lib/gcc/arm-none-eabi/12.1.0/../../../../arm-none-eabi/lib\libg.a(lib_a-vfiprintf.o)
 *fill*         0x000000000201d2a3        0x1 ff
 .rodata.zeroes.0
                0x000000000201d2a4       0x10 c:/devkitpro/devkitarm/bin/../lib/gcc/arm-none-eabi/12.1.0/../../../../arm-none-eabi/lib\libg.a(lib_a-vfiprintf.o)
 .rodata.blanks.1
                0x000000000201d2b4       0x10 c:/devkitpro/devkitarm/bin/../lib/gcc/arm-none-eabi/12.1.0/../../../../arm-none-eabi/lib\libg.a(lib_a-vfiprintf.o)
 .rodata._vfprintf_r.str1.1
                0x000000000201d2c4       0x12 c:/devkitpro/devkitarm/bin/../lib/gcc/arm-none-eabi/12.1.0/../../../../arm-none-eabi/lib\libg.a(lib_a-vfprintf.o)
                                         0x3b (size before relaxing)
 *fill*         0x000000000201d2d6        0x2 ff
 .rodata.zeroes.0
                0x000000000201d2d8       0x10 c:/devkitpro/devkitarm/bin/../lib/gcc/arm-none-eabi/12.1.0/../../../../arm-none-eabi/lib\libg.a(lib_a-vfprintf.o)
 .rodata.blanks.1
                0x000000000201d2e8       0x10 c:/devkitpro/devkitarm/bin/../lib/gcc/arm-none-eabi/12.1.0/../../../../arm-none-eabi/lib\libg.a(lib_a-vfprintf.o)
 .rodata._ctype_
                0x000000000201d2f8      0x101 c:/devkitpro/devkitarm/bin/../lib/gcc/arm-none-eabi/12.1.0/../../../../arm-none-eabi/lib\libg.a(lib_a-ctype_.o)
                0x000000000201d2f8                _ctype_
 *fill*         0x000000000201d3f9        0x3 ff
 .rodata._dtoa_r.str1.4
                0x000000000201d3fc       0x6a c:/devkitpro/devkitarm/bin/../lib/gcc/arm-none-eabi/12.1.0/../../../../arm-none-eabi/lib\libg.a(lib_a-dtoa.o)
 *fill*         0x000000000201d466        0x2 ff
 .rodata.str1.4
                0x000000000201d468       0x48 c:/devkitpro/devkitarm/bin/../lib/gcc/arm-none-eabi/12.1.0/../../../../arm-none-eabi/lib\libg.a(lib_a-locale.o)
                                         0x4c (size before relaxing)
 .rodata._mbrtowc_r.str1.4
                0x000000000201d4b0        0x1 c:/devkitpro/devkitarm/bin/../lib/gcc/arm-none-eabi/12.1.0/../../../../arm-none-eabi/lib\libg.a(lib_a-mbrtowc.o)
 .rodata.__multadd.str1.4
                0x000000000201d4b0       0x43 c:/devkitpro/devkitarm/bin/../lib/gcc/arm-none-eabi/12.1.0/../../../../arm-none-eabi/lib\libg.a(lib_a-mprec.o)
                                         0x57 (size before relaxing)
 *fill*         0x000000000201d4f3        0x1 ff
 .rodata.p05.0  0x000000000201d4f4        0xc c:/devkitpro/devkitarm/bin/../lib/gcc/arm-none-eabi/12.1.0/../../../../arm-none-eabi/lib\libg.a(lib_a-mprec.o)
 .rodata.__mprec_bigtens
                0x000000000201d500       0x28 c:/devkitpro/devkitarm/bin/../lib/gcc/arm-none-eabi/12.1.0/../../../../arm-none-eabi/lib\libg.a(lib_a-mprec.o)
                0x000000000201d500                __mprec_bigtens
 .rodata.__mprec_tens
                0x000000000201d528       0xc8 c:/devkitpro/devkitarm/bin/../lib/gcc/arm-none-eabi/12.1.0/../../../../arm-none-eabi/lib\libg.a(lib_a-mprec.o)
                0x000000000201d528                __mprec_tens
 .rodata.__action_table
                0x000000000201d5f0       0x6c c:/devkitpro/devkitarm/bin/../lib/gcc/arm-none-eabi/12.1.0/../../../../arm-none-eabi/lib\libg.a(lib_a-svfiprintf.o)
                0x000000000201d5f0                __action_table
 .rodata.__state_table
                0x000000000201d65c       0x6c c:/devkitpro/devkitarm/bin/../lib/gcc/arm-none-eabi/12.1.0/../../../../arm-none-eabi/lib\libg.a(lib_a-svfiprintf.o)
                0x000000000201d65c                __state_table
 .rodata.__chclass
                0x000000000201d6c8      0x100 c:/devkitpro/devkitarm/bin/../lib/gcc/arm-none-eabi/12.1.0/../../../../arm-none-eabi/lib\libg.a(lib_a-svfiprintf.o)
                0x000000000201d6c8                __chclass
 .rodata.__assert_func.str1.4
                0x000000000201d7c8       0x3f c:/devkitpro/devkitarm/bin/../lib/gcc/arm-none-eabi/12.1.0/../../../../arm-none-eabi/lib\libg.a(lib_a-assert.o)
                                         0x43 (size before relaxing)
 *fill*         0x000000000201d807        0x1 ff
 .rodata._jp2uc_l.str1.4
                0x000000000201d808       0x12 c:/devkitpro/devkitarm/bin/../lib/gcc/arm-none-eabi/12.1.0/../../../../arm-none-eabi/lib\libg.a(lib_a-jp2uc.o)
 *fill*         0x000000000201d81a        0x2 ff
 .rodata.d02f4  0x000000000201d81c     0x1a7c c:/devkitpro/devkitarm/bin/../lib/gcc/arm-none-eabi/12.1.0/../../../../arm-none-eabi/lib\libg.a(lib_a-jp2uc.o)
 .rodata.b02cf  0x000000000201f298     0x172a c:/devkitpro/devkitarm/bin/../lib/gcc/arm-none-eabi/12.1.0/../../../../arm-none-eabi/lib\libg.a(lib_a-jp2uc.o)
 *fill*         0x00000000020209c2        0x2 ff
 .rodata.a8     0x00000000020209c4       0x40 c:/devkitpro/devkitarm/bin/../lib/gcc/arm-none-eabi/12.1.0/../../../../arm-none-eabi/lib\libg.a(lib_a-jp2uc.o)
 .rodata.a7     0x0000000002020a04       0xa2 c:/devkitpro/devkitarm/bin/../lib/gcc/arm-none-eabi/12.1.0/../../../../arm-none-eabi/lib\libg.a(lib_a-jp2uc.o)
 *fill*         0x0000000002020aa6        0x2 ff
 .rodata.a6     0x0000000002020aa8       0x70 c:/devkitpro/devkitarm/bin/../lib/gcc/arm-none-eabi/12.1.0/../../../../arm-none-eabi/lib\libg.a(lib_a-jp2uc.o)
 .rodata.a3     0x0000000002020b18       0x5b c:/devkitpro/devkitarm/bin/../lib/gcc/arm-none-eabi/12.1.0/../../../../arm-none-eabi/lib\libg.a(lib_a-jp2uc.o)
 *fill*         0x0000000002020b73        0x1 ff
 .rodata.a2     0x0000000002020b74       0xbc c:/devkitpro/devkitarm/bin/../lib/gcc/arm-none-eabi/12.1.0/../../../../arm-none-eabi/lib\libg.a(lib_a-jp2uc.o)
 .rodata.a1     0x0000000002020c30       0xbc c:/devkitpro/devkitarm/bin/../lib/gcc/arm-none-eabi/12.1.0/../../../../arm-none-eabi/lib\libg.a(lib_a-jp2uc.o)
 .rodata.categories
                0x0000000002020cec     0x3528 c:/devkitpro/devkitarm/bin/../lib/gcc/arm-none-eabi/12.1.0/../../../../arm-none-eabi/lib\libg.a(lib_a-categories.o)
 .rodata.AddDevice.str1.4
                0x0000000002024214        0x8 c:/devkitpro/devkitarm/bin/../lib/gcc/arm-none-eabi/12.1.0/../../../../arm-none-eabi/lib\libsysbase.a(iosupport.o)
 .rodata.dotab_stdnull
                0x000000000202421c       0x70 c:/devkitpro/devkitarm/bin/../lib/gcc/arm-none-eabi/12.1.0/../../../../arm-none-eabi/lib\libsysbase.a(iosupport.o)
                0x000000000202421c                dotab_stdnull
 *(EXCLUDE_FILE(*.twl*) .gnu.linkonce.r*)
                0x000000000202428c                . = ALIGN (0x4)

.ARM.extab      0x000000000202428c       0x6c
 *(.ARM.extab* .gnu.linkonce.armextab.*)
 .ARM.extab.text._ZN10__cxxabiv111__terminateEPFvvE
                0x000000000202428c       0x18 c:/devkitpro/devkitarm/bin/../lib/gcc/arm-none-eabi/12.1.0/../../../../arm-none-eabi/lib\libstdc++.a(eh_terminate.o)
 .ARM.extab.text.__cxa_begin_catch
                0x00000000020242a4        0xc c:/devkitpro/devkitarm/bin/../lib/gcc/arm-none-eabi/12.1.0/../../../../arm-none-eabi/lib\libstdc++.a(eh_catch.o)
 .ARM.extab.text.__gxx_personality_v0
                0x00000000020242b0       0x20 c:/devkitpro/devkitarm/bin/../lib/gcc/arm-none-eabi/12.1.0/../../../../arm-none-eabi/lib\libstdc++.a(eh_personality.o)
 .ARM.extab.text.unlikely.__cxa_call_unexpected
                0x00000000020242d0       0x28 c:/devkitpro/devkitarm/bin/../lib/gcc/arm-none-eabi/12.1.0/../../../../arm-none-eabi/lib\libstdc++.a(eh_call.o)
                0x00000000020242f8                __exidx_start = .

ARM.exidx       0x00000000020242f8      0x180
 *(.ARM.exidx* .gnu.linkonce.armexidx.*)
 .ARM.exidx.text._ZdlPvj
                0x00000000020242f8        0x8 c:/devkitpro/devkitarm/bin/../lib/gcc/arm-none-eabi/12.1.0/../../../../arm-none-eabi/lib\libstdc++.a(del_ops.o)
 .ARM.exidx.text._Znwj
                0x0000000002024300        0x8 c:/devkitpro/devkitarm/bin/../lib/gcc/arm-none-eabi/12.1.0/../../../../arm-none-eabi/lib\libstdc++.a(new_op.o)
 .ARM.exidx.text._ZNKSt9bad_alloc4whatEv
                0x0000000002024308        0x8 c:/devkitpro/devkitarm/bin/../lib/gcc/arm-none-eabi/12.1.0/../../../../arm-none-eabi/lib\libstdc++.a(bad_alloc.o)
 .ARM.exidx.text._ZNSt9bad_allocD2Ev
                0x0000000002024310        0x0 c:/devkitpro/devkitarm/bin/../lib/gcc/arm-none-eabi/12.1.0/../../../../arm-none-eabi/lib\libstdc++.a(bad_alloc.o)
                                          0x8 (size before relaxing)
 .ARM.exidx.text._ZNSt9bad_allocD0Ev
                0x0000000002024310        0x0 c:/devkitpro/devkitarm/bin/../lib/gcc/arm-none-eabi/12.1.0/../../../../arm-none-eabi/lib\libstdc++.a(bad_alloc.o)
                                          0x8 (size before relaxing)
 .ARM.exidx.text._ZdlPv
                0x0000000002024310        0x0 c:/devkitpro/devkitarm/bin/../lib/gcc/arm-none-eabi/12.1.0/../../../../arm-none-eabi/lib\libstdc++.a(del_op.o)
                                          0x8 (size before relaxing)
 .ARM.exidx.text._ZN12_GLOBAL__N_14pool4freeEPv.constprop.0
                0x0000000002024310        0x0 c:/devkitpro/devkitarm/bin/../lib/gcc/arm-none-eabi/12.1.0/../../../../arm-none-eabi/lib\libstdc++.a(eh_alloc.o)
                                          0x8 (size before relaxing)
 .ARM.exidx.text._ZN12_GLOBAL__N_14pool8allocateEj.constprop.0
                0x0000000002024310        0x0 c:/devkitpro/devkitarm/bin/../lib/gcc/arm-none-eabi/12.1.0/../../../../arm-none-eabi/lib\libstdc++.a(eh_alloc.o)
                                          0x8 (size before relaxing)
 .ARM.exidx.text.__cxa_allocate_exception
                0x0000000002024310        0x0 c:/devkitpro/devkitarm/bin/../lib/gcc/arm-none-eabi/12.1.0/../../../../arm-none-eabi/lib\libstdc++.a(eh_alloc.o)
                                          0x8 (size before relaxing)
 .ARM.exidx.text.__cxa_free_exception
                0x0000000002024310        0x0 c:/devkitpro/devkitarm/bin/../lib/gcc/arm-none-eabi/12.1.0/../../../../arm-none-eabi/lib\libstdc++.a(eh_alloc.o)
                                          0x8 (size before relaxing)
 .ARM.exidx.text.startup._GLOBAL__sub_I__ZN9__gnu_cxx9__freeresEv
                0x0000000002024310        0x0 c:/devkitpro/devkitarm/bin/../lib/gcc/arm-none-eabi/12.1.0/../../../../arm-none-eabi/lib\libstdc++.a(eh_alloc.o)
                                          0x8 (size before relaxing)
 .ARM.exidx.text._ZNSt9exceptionD2Ev