Archive member included to satisfy reference by file (symbol)

C:/devkitPro/libnds/lib\libnds9.a(background.o)
                              main.o (bgState)
C:/devkitPro/libnds/lib\libnds9.a(trig.o)
                              C:/devkitPro/libnds/lib\libnds9.a(background.o) (sinLerp)
C:/devkitPro/libnds/lib\libnds9.a(sassert.o)
                              main.o (__sassert)
C:/devkitPro/libnds/lib\libnds9.a(sprite_alloc.o)
                              main.o (oamAllocateGfx)
C:/devkitPro/libnds/lib\libnds9.a(console.o)
                              main.o (consoleDemoInit)
C:/devkitPro/libnds/lib\libnds9.a(sprite.o)
                              main.o (oamInit)
C:/devkitPro/libnds/lib\libnds9.a(keys.o)
                              main.o (scanKeys)
C:/devkitPro/libnds/lib\libnds9.a(initSystem.o)
                              c:/devkitpro/devkitarm/bin/../lib/gcc/arm-none-eabi/12.1.0/../../../../arm-none-eabi/lib/ds_arm9_crt0.o (initSystem)
C:/devkitPro/libnds/lib\libnds9.a(securearea.o)
                              c:/devkitpro/devkitarm/bin/../lib/gcc/arm-none-eabi/12.1.0/../../../../arm-none-eabi/lib/ds_arm9_crt0.o (__secure_area__)
C:/devkitPro/libnds/lib\libnds9.a(interrupts.o)
                              C:/devkitPro/libnds/lib\libnds9.a(initSystem.o) (irqInit)
C:/devkitPro/libnds/lib\libnds9.a(libnds_exit.arm.o)
                              c:/devkitpro/devkitarm/bin/../lib/gcc/arm-none-eabi/12.1.0/../../../../arm-none-eabi/lib/ds_arm9_crt0.o (__libnds_exit)
C:/devkitPro/libnds/lib\libnds9.a(fifosystem.o)
                              C:/devkitPro/libnds/lib\libnds9.a(initSystem.o) (fifoSetValue32Handler)
C:/devkitPro/libnds/lib\libnds9.a(dcache.o)
                              C:/devkitPro/libnds/lib\libnds9.a(sprite.o) (DC_FlushRange)
C:/devkitPro/libnds/lib\libnds9.a(mpu_setup.o)
                              c:/devkitpro/devkitarm/bin/../lib/gcc/arm-none-eabi/12.1.0/../../../../arm-none-eabi/lib/ds_arm9_crt0.o (__libnds_mpu_setup)
C:/devkitPro/libnds/lib\libnds9.a(IntrWait.o)
                              main.o (swiWaitForVBlank)
C:/devkitPro/libnds/lib\libnds9.a(cpu_clock.o)
                              C:/devkitPro/libnds/lib\libnds9.a(initSystem.o) (setCpuClock)
C:/devkitPro/libnds/lib\libnds9.a(interruptDispatcher.o)
                              C:/devkitPro/libnds/lib\libnds9.a(interrupts.o) (IntrMain)
C:/devkitPro/libnds/lib\libnds9.a(debugprint.o)
                              C:/devkitPro/libnds/lib\libnds9.a(console.o) (nocashWrite)
C:/devkitPro/libnds/lib\libnds9.a(swiSoftReset.o)
                              C:/devkitPro/libnds/lib\libnds9.a(fifosystem.o) (swiSoftReset)
C:/devkitPro/libnds/lib\libnds9.a(default_font.bin.o)
                              C:/devkitPro/libnds/lib\libnds9.a(console.o) (default_font_bin)
C:/devkitPro/libnds/lib\libnds9.a(video.o)
                              C:/devkitPro/libnds/lib\libnds9.a(initSystem.o) (vramDefault)
C:/devkitPro/libnds/lib\libnds9.a(system.o)
                              C:/devkitPro/libnds/lib\libnds9.a(initSystem.o) (systemValueHandler)
C:/devkitPro/libnds/lib\libnds9.a(biosCalls.o)
                              C:/devkitPro/libnds/lib\libnds9.a(system.o) (swiDelay)
c:/devkitpro/devkitarm/bin/../lib/gcc/arm-none-eabi/12.1.0/../../../../arm-none-eabi/lib\libstdc++.a(del_ops.o)
                              main.o (operator delete(void*, unsigned int))
c:/devkitpro/devkitarm/bin/../lib/gcc/arm-none-eabi/12.1.0/../../../../arm-none-eabi/lib\libstdc++.a(new_op.o)
                              main.o (operator new(unsigned int))
c:/devkitpro/devkitarm/bin/../lib/gcc/arm-none-eabi/12.1.0/../../../../arm-none-eabi/lib\libstdc++.a(bad_alloc.o)
                              c:/devkitpro/devkitarm/bin/../lib/gcc/arm-none-eabi/12.1.0/../../../../arm-none-eabi/lib\libstdc++.a(new_op.o) (vtable for std::bad_alloc)
c:/devkitpro/devkitarm/bin/../lib/gcc/arm-none-eabi/12.1.0/../../../../arm-none-eabi/lib\libstdc++.a(del_op.o)
                              c:/devkitpro/devkitarm/bin/../lib/gcc/arm-none-eabi/12.1.0/../../../../arm-none-eabi/lib\libstdc++.a(del_ops.o) (operator delete(void*))
c:/devkitpro/devkitarm/bin/../lib/gcc/arm-none-eabi/12.1.0/../../../../arm-none-eabi/lib\libstdc++.a(eh_alloc.o)
                              c:/devkitpro/devkitarm/bin/../lib/gcc/arm-none-eabi/12.1.0/../../../../arm-none-eabi/lib\libstdc++.a(new_op.o) (__cxa_allocate_exception)
c:/devkitpro/devkitarm/bin/../lib/gcc/arm-none-eabi/12.1.0/../../../../arm-none-eabi/lib\libstdc++.a(eh_exception.o)
                              c:/devkitpro/devkitarm/bin/../lib/gcc/arm-none-eabi/12.1.0/../../../../arm-none-eabi/lib\libstdc++.a(bad_alloc.o) (std::exception::~exception())
c:/devkitpro/devkitarm/bin/../lib/gcc/arm-none-eabi/12.1.0/../../../../arm-none-eabi/lib\libstdc++.a(eh_terminate.o)
                              c:/devkitpro/devkitarm/bin/../lib/gcc/arm-none-eabi/12.1.0/../../../../arm-none-eabi/lib\libstdc++.a(eh_alloc.o) (std::terminate())
[...]
Memory Configuration

Name             Origin             Length             Attributes
ewram            0x0000000002000000 0x0000000000380000
dtcm             0x0000000002ff0000 0x0000000000004000
vectors          0x0000000001000000 0x0000000000000100
itcm             0x0000000001000100 0x0000000000007f00
*default*        0x0000000000000000 0xffffffffffffffff

Linker script and memory map

                0x0000000002380000                __ewram_end = (ORIGIN (ewram) + LENGTH (ewram))
                0x0000000002380000                __eheap_end = (ORIGIN (ewram) + LENGTH (ewram))
                0x0000000002ff4000                __dtcm_top = (ORIGIN (dtcm) + LENGTH (dtcm))
                0x0000000002ff3ff8                __irq_flags = (__dtcm_top - 0x8)
                0x0000000002ff3ffc                __irq_vector = (__dtcm_top - 0x4)
                0x0000000002ff3f00                __sp_svc = (__dtcm_top - 0x100)
                0x0000000002ff3e00                __sp_irq = (__sp_svc - 0x100)
                0x0000000002ff3d00                __sp_usr = (__sp_irq - 0x100)

.secure         0x0000000002000000      0x800
 *(.secure)
 .secure        0x0000000002000000      0x800 C:/devkitPro/libnds/lib\libnds9.a(securearea.o)
                0x0000000002000000                __secure_area__

.crt0           0x0000000002000800      0x300
                0x0000000002000800                __text_start = .
 *(.crt0)
 .crt0          0x0000000002000800      0x300 c:/devkitpro/devkitarm/bin/../lib/gcc/arm-none-eabi/12.1.0/../../../../arm-none-eabi/lib/ds_arm9_crt0.o
                0x0000000002000800                _start
                0x0000000002000b00                . = ALIGN (0x4)

.plt
 *(.plt)

.init           0x0000000002000b00       0x18
 *(SORT_NONE(.init))
 .init          0x0000000002000b00        0xc c:/devkitpro/devkitarm/bin/../lib/gcc/arm-none-eabi/12.1.0/crti.o
                0x0000000002000b00                _init
 .init          0x0000000002000b0c        0xc c:/devkitpro/devkitarm/bin/../lib/gcc/arm-none-eabi/12.1.0/crtn.o

.text           0x0000000002000b18    0x195d8
 *(EXCLUDE_FILE(*.twl* *.vectors* *.itcm*) .text)
 .text          0x0000000002000b18     0x21b4 main.o
                0x0000000002000b18                Entity::OnHit(Entity*)
                0x0000000002000b1c                Player::~Player()
                0x0000000002000b1c                Player::~Player()
                0x0000000002000b20                Player::OnHit(Entity*)
                0x0000000002000b40                Barrel::~Barrel()
                0x0000000002000b40                Barrel::~Barrel()
                0x0000000002000b44                Player::~Player()
                0x0000000002000b5c                Barrel::~Barrel()
                0x0000000002000b74                Fracas::Draw()
                0x0000000002000cfc                Bullet::UpdateEntity(unsigned short)
                0x0000000002000d24                Entity::Draw()
                0x0000000002000f50                Player::UpdateEntity(unsigned short)
                0x0000000002001458                Bullet::~Bullet()
                0x0000000002001458                Bullet::~Bullet()
                0x00000000020014fc                Fracas::OnHit(Entity*)
                0x00000000020015a4                Bullet::~Bullet()
                0x0000000002001654                Barrel::OnHit(Entity*)
                0x0000000002001754                Fracas::~Fracas()
                0x0000000002001754                Fracas::~Fracas()
                0x000000000200193c                Fracas::~Fracas()
                0x0000000002001b30                Barrel::UpdateEntity(unsigned short)
                0x0000000002001dcc                Fracas::UpdateEntity(unsigned short)
                0x0000000002001fe4                Entity::Entity(int, int, int, int, int)
                0x0000000002001fe4                Entity::Entity(int, int, int, int, int)
                0x000000000200201c                Entity::~Entity()
                0x000000000200201c                Entity::~Entity()
                0x0000000002002020                Entity::~Entity()
                0x0000000002002038                Entity::getX()
                0x0000000002002040                Entity::getY()
                0x0000000002002048                Entity::getBoundingBoxX()
                0x0000000002002050                Entity::getBoundingBoxY()
                0x0000000002002058                Entity::getBoundingBoxWidth()
                0x0000000002002060                Entity::getBoundingBoxHeight()
                0x0000000002002068                Entity::isActive()
                0x0000000002002070                Entity::setX(int)
                0x0000000002002078                Entity::setY(int)
                0x0000000002002080                Entity::setXVelocity(int)
                0x0000000002002088                Entity::setYVelocity(int)
                0x0000000002002090                Entity::setGFX(unsigned short*)
                0x0000000002002098                Entity::setActive(bool)
                0x0000000002002138                Entity::Update(unsigned short)
                0x00000000020021d0                Entity::GetCollision(Entity**, int)
                0x0000000002002314                Player::Player(int, int, int, int, int)
                0x0000000002002314                Player::Player(int, int, int, int, int)
                0x000000000200238c                Barrel::Barrel(int, int, int, int, int)
                0x000000000200238c                Barrel::Barrel(int, int, int, int, int)
                0x0000000002002448                Fracas::Fracas(int, int, int, int, int)
                0x0000000002002448                Fracas::Fracas(int, int, int, int, int)
                0x00000000020024d0                Fracas::getHP()
                0x00000000020024d8                Bullet::Bullet(int, int, int, int, int)
                0x00000000020024d8                Bullet::Bullet(int, int, int, int, int)
                0x0000000002002548                setStar(Star*, int, int, int, int)
                0x00000000020025b0                InitStars()
                0x0000000002002628                SpawnEntities()
                0x0000000002002864                ShootBullet()
                0x00000000020029d0                SpawnFracas()
                0x0000000002002a7c                RestartGame()
 .text          0x0000000002002ccc      0x148 c:/devkitpro/devkitarm/bin/../lib/gcc/arm-none-eabi/12.1.0\libgcc.a(_divsi3.o)
                0x0000000002002ccc                __divsi3
                0x0000000002002ccc                __aeabi_idiv
                0x0000000002002df4                __aeabi_idivmod
 .text          0x0000000002002e14        0x4 c:/devkitpro/devkitarm/bin/../lib/gcc/arm-none-eabi/12.1.0\libgcc.a(_dvmd_tls.o)
                0x0000000002002e14                __aeabi_idiv0
                0x0000000002002e14                __aeabi_ldiv0
 .text          0x0000000002002e18      0x2ac c:/devkitpro/devkitarm/bin/../lib/gcc/arm-none-eabi/12.1.0\libgcc.a(_arm_addsubsf3.o)
                0x0000000002002e18                __aeabi_frsub
                0x0000000002002e20                __subsf3
                0x0000000002002e20                __aeabi_fsub
                0x0000000002002e24                __aeabi_fadd
                0x0000000002002e24                __addsf3
                0x0000000002002fe0                __aeabi_ui2f
                0x0000000002002fe0                __floatunsisf
                0x0000000002002fe8                __aeabi_i2f
                0x0000000002002fe8                __floatsisf
                0x0000000002003008                __aeabi_ul2f
                0x0000000002003008                __floatundisf
                0x0000000002003018                __aeabi_l2f
                0x0000000002003018                __floatdisf
 .text          0x00000000020030c4      0x114 c:/devkitpro/devkitarm/bin/../lib/gcc/arm-none-eabi/12.1.0\libgcc.a(_arm_cmpsf2.o)
                0x00000000020030c4                __gesf2
                0x00000000020030c4                __gtsf2
                0x00000000020030cc                __lesf2
                0x00000000020030cc                __ltsf2
                0x00000000020030d4                __nesf2
                0x00000000020030d4                __eqsf2
                0x00000000020030d4                __cmpsf2
                0x0000000002003138                __aeabi_cfrcmple
                0x0000000002003148                __aeabi_cfcmpeq
                0x0000000002003148                __aeabi_cfcmple
                0x0000000002003160                __aeabi_fcmpeq
                0x0000000002003178                __aeabi_fcmplt
                0x0000000002003190                __aeabi_fcmple
                0x00000000020031a8                __aeabi_fcmpge
                0x00000000020031c0                __aeabi_fcmpgt
 .text          0x00000000020031d8      0x1b0 c:/devkitpro/devkitarm/bin/../lib/gcc/arm-none-eabi/12.1.0\libgcc.a(libunwind.o)
                0x00000000020031d8                __restore_core_regs
                0x00000000020031d8                restore_core_regs
                0x00000000020031f4                __gnu_Unwind_Restore_VFP
                0x00000000020031fc                __gnu_Unwind_Save_VFP
                0x0000000002003204                __gnu_Unwind_Restore_VFP_D
                0x000000000200320c                __gnu_Unwind_Save_VFP_D
                0x0000000002003214                __gnu_Unwind_Restore_VFP_D_16_to_31
                0x000000000200321c                __gnu_Unwind_Save_VFP_D_16_to_31
                0x0000000002003224                __gnu_Unwind_Restore_WMMXD
                0x0000000002003268                __gnu_Unwind_Save_WMMXD
                0x00000000020032ac                __gnu_Unwind_Restore_WMMXC
                0x00000000020032c0                __gnu_Unwind_Save_WMMXC
                0x00000000020032d4                ___Unwind_RaiseException
                0x00000000020032d4                _Unwind_RaiseException
                0x00000000020032f8                _Unwind_Resume
                0x00000000020032f8                ___Unwind_Resume
                0x000000000200331c                _Unwind_Resume_or_Rethrow
                0x000000000200331c                ___Unwind_Resume_or_Rethrow
                0x0000000002003340                _Unwind_ForcedUnwind
                0x0000000002003340                ___Unwind_ForcedUnwind
                0x0000000002003364                ___Unwind_Backtrace
                0x0000000002003364                _Unwind_Backtrace
 .text          0x0000000002003388      0x224 c:/devkitpro/devkitarm/bin/../lib/gcc/arm-none-eabi/12.1.0/../../../../arm-none-eabi/lib\libg.a(lib_a-strcmp.o)
                0x0000000002003388                strcmp
 .text          0x00000000020035ac      0x114 c:/devkitpro/devkitarm/bin/../lib/gcc/arm-none-eabi/12.1.0\libgcc.a(_udivsi3.o)
                0x00000000020035ac                __aeabi_uidiv
                0x00000000020035ac                __udivsi3
                0x00000000020036a0                __aeabi_uidivmod
 .text          0x00000000020036c0      0x424 c:/devkitpro/devkitarm/bin/../lib/gcc/arm-none-eabi/12.1.0\libgcc.a(_arm_addsubdf3.o)
                0x00000000020036c0                __aeabi_drsub
                0x00000000020036c8                __aeabi_dsub
                0x00000000020036c8                __subdf3
                0x00000000020036cc                __aeabi_dadd
                0x00000000020036cc                __adddf3
                0x00000000020039dc                __floatunsidf
                0x00000000020039dc                __aeabi_ui2d
                0x0000000002003a00                __floatsidf
                0x0000000002003a00                __aeabi_i2d
                0x0000000002003a28                __aeabi_f2d
                0x0000000002003a28                __extendsfdf2
                0x0000000002003a70                __floatundidf
                0x0000000002003a70                __aeabi_ul2d
                0x0000000002003a84                __floatdidf
                0x0000000002003a84                __aeabi_l2d
 .text          0x0000000002003ae4      0x49c c:/devkitpro/devkitarm/bin/../lib/gcc/arm-none-eabi/12.1.0\libgcc.a(_arm_muldivdf3.o)
                0x0000000002003ae4                __aeabi_dmul
                0x0000000002003ae4                __muldf3
                0x0000000002003d74                __divdf3
                0x0000000002003d74                __aeabi_ddiv
 .text          0x0000000002003f80      0x144 c:/devkitpro/devkitarm/bin/../lib/gcc/arm-none-eabi/12.1.0\libgcc.a(_arm_cmpdf2.o)
                0x0000000002003f80                __gtdf2
                0x0000000002003f80                __gedf2
                0x0000000002003f88                __ltdf2
                0x0000000002003f88                __ledf2
                0x0000000002003f90                __nedf2
                0x0000000002003f90                __eqdf2
                0x0000000002003f90                __cmpdf2
                0x0000000002004018                __aeabi_cdrcmple
                0x0000000002004034                __aeabi_cdcmpeq
                0x0000000002004034                __aeabi_cdcmple
                0x000000000200404c                __aeabi_dcmpeq
                0x0000000002004064                __aeabi_dcmplt
                0x000000000200407c                __aeabi_dcmple
                0x0000000002004094                __aeabi_dcmpge
                0x00000000020040ac                __aeabi_dcmpgt
 .text          0x00000000020040c4       0x38 c:/devkitpro/devkitarm/bin/../lib/gcc/arm-none-eabi/12.1.0\libgcc.a(_arm_unorddf2.o)
                0x00000000020040c4                __unorddf2
                0x00000000020040c4                __aeabi_dcmpun
 .text          0x00000000020040fc       0x5c c:/devkitpro/devkitarm/bin/../lib/gcc/arm-none-eabi/12.1.0\libgcc.a(_arm_fixdfsi.o)
                0x00000000020040fc                __aeabi_d2iz
                0x00000000020040fc                __fixdfsi
 .text          0x0000000002004158       0x3c c:/devkitpro/devkitarm/bin/../lib/gcc/arm-none-eabi/12.1.0\libgcc.a(_aeabi_uldivmod.o)
                0x0000000002004158                __aeabi_uldivmod
 .text          0x0000000002004194       0x28 c:/devkitpro/devkitarm/bin/../lib/gcc/arm-none-eabi/12.1.0\libgcc.a(_clzdi2.o)
                0x0000000002004194                __clzdi2
 .text          0x00000000020041bc       0x48 c:/devkitpro/devkitarm/bin/../lib/gcc/arm-none-eabi/12.1.0\libgcc.a(_clzsi2.o)
                0x00000000020041bc                __clzsi2
 *(EXCLUDE_FILE(*.twl* *.vectors* *.itcm*) .stub)
 *(EXCLUDE_FILE(*.twl* *.vectors* *.itcm*) .text.*)
 .text.__do_global_dtors_aux
                0x0000000002004204       0x40 c:/devkitpro/devkitarm/bin/../lib/gcc/arm-none-eabi/12.1.0/crtbegin.o
 .text.frame_dummy
                0x0000000002004244       0x30 c:/devkitpro/devkitarm/bin/../lib/gcc/arm-none-eabi/12.1.0/crtbegin.o
 .text.startup  0x0000000002004274      0xbd8 main.o
                0x0000000002004274                main
 .text.checkIfText
                0x0000000002004e4c       0x5c C:/devkitPro/libnds/lib\libnds9.a(background.o)
                0x0000000002004e4c                checkIfText
 .text.bgUpdate
                0x0000000002004ea8       0xf4 C:/devkitPro/libnds/lib\libnds9.a(background.o)
                0x0000000002004ea8                bgUpdate
 .text.bgInit_call
                0x0000000002004f9c       0xc4 C:/devkitPro/libnds/lib\libnds9.a(background.o)
                0x0000000002004f9c                bgInit_call
 .text.bgInitSub_call
                0x0000000002005060       0xcc C:/devkitPro/libnds/lib\libnds9.a(background.o)
                0x0000000002005060                bgInitSub_call
 .text.sinLutLookup
                0x000000000200512c       0x4c C:/devkitPro/libnds/lib\libnds9.a(trig.o)
                0x000000000200512c                sinLutLookup
 .text.sinLerp  0x0000000002005178       0x40 C:/devkitPro/libnds/lib\libnds9.a(trig.o)
                0x0000000002005178                sinLerp
 .text.cosLerp  0x00000000020051b8       0x4c C:/devkitPro/libnds/lib\libnds9.a(trig.o)
                0x00000000020051b8                cosLerp
 .text.__sassert
                0x0000000002005204       0x38 C:/devkitPro/libnds/lib\libnds9.a(sassert.o)
                0x0000000002005204                __sassert
 .text.oamAllocReset
                0x000000000200523c       0x1c C:/devkitPro/libnds/lib\libnds9.a(sprite_alloc.o)
                0x000000000200523c                oamAllocReset
 .text.oamAllocateGfx
                0x0000000002005258      0x50c C:/devkitPro/libnds/lib\libnds9.a(sprite_alloc.o)
                0x0000000002005258                oamAllocateGfx
 .text.newRow   0x0000000002005764       0xa8 C:/devkitPro/libnds/lib\libnds9.a(console.o)
 .text.consolePrintChar
                0x000000000200580c       0xe0 C:/devkitPro/libnds/lib\libnds9.a(console.o)
                0x000000000200580c                consolePrintChar
 .text.con_write
                0x00000000020058ec      0x36c C:/devkitPro/libnds/lib\libnds9.a(console.o)
                0x00000000020058ec                con_write
 .text.consoleLoadFont
                0x0000000002005c58      0x2a0 C:/devkitPro/libnds/lib\libnds9.a(console.o)
                0x0000000002005c58                consoleLoadFont
 .text.consoleInit
                0x0000000002005ef8      0x18c C:/devkitPro/libnds/lib\libnds9.a(console.o)
                0x0000000002005ef8                consoleInit
 .text.consoleDemoInit
                0x0000000002006084       0x40 C:/devkitPro/libnds/lib\libnds9.a(console.o)
                0x0000000002006084                consoleDemoInit
 .text.consoleClear
                0x00000000020060c4       0x10 C:/devkitPro/libnds/lib\libnds9.a(console.o)
                0x00000000020060c4                consoleClear
 .text.oamInit  0x00000000020060d4      0x114 C:/devkitPro/libnds/lib\libnds9.a(sprite.o)
                0x00000000020060d4                oamInit
 .text.oamGetGfxPtr
                0x00000000020061e8       0x38 C:/devkitPro/libnds/lib\libnds9.a(sprite.o)
                0x00000000020061e8                oamGetGfxPtr
 .text.oamGfxPtrToOffset
                0x0000000002006220       0x34 C:/devkitPro/libnds/lib\libnds9.a(sprite.o)
                0x0000000002006220                oamGfxPtrToOffset
 .text.oamSet   0x0000000002006254      0x104 C:/devkitPro/libnds/lib\libnds9.a(sprite.o)
                0x0000000002006254                oamSet
 .text.oamUpdate
                0x0000000002006358       0x60 C:/devkitPro/libnds/lib\libnds9.a(sprite.o)
                0x0000000002006358                oamUpdate
 .text.oamRotateScale
                0x00000000020063b8       0x4c C:/devkitPro/libnds/lib\libnds9.a(sprite.o)
                0x00000000020063b8                oamRotateScale
 .text.scanKeys
                0x0000000002006404       0x8c C:/devkitPro/libnds/lib\libnds9.a(keys.o)
                0x0000000002006404                scanKeys
 .text.keysHeld
                0x0000000002006490        0xc C:/devkitPro/libnds/lib\libnds9.a(keys.o)
                0x0000000002006490                keysHeld
 .text.__syscall_exit
                0x000000000200649c        0x8 C:/devkitPro/libnds/lib\libnds9.a(initSystem.o)
                0x000000000200649c                __syscall_exit
 .text.initSystem
                0x00000000020064a4      0x180 C:/devkitPro/libnds/lib\libnds9.a(initSystem.o)
                0x00000000020064a4                initSystem
 .text.irqDummy
                0x0000000002006624        0x4 C:/devkitPro/libnds/lib\libnds9.a(interrupts.o)
                0x0000000002006624                irqDummy
 .text.irqSet   0x0000000002006628       0x6c C:/devkitPro/libnds/lib\libnds9.a(interrupts.o)
                0x0000000002006628                irqSet
 .text.irqInit  0x0000000002006694       0x50 C:/devkitPro/libnds/lib\libnds9.a(interrupts.o)
                0x0000000002006694                irqInit
 .text.irqEnable
                0x00000000020066e4       0x64 C:/devkitPro/libnds/lib\libnds9.a(interrupts.o)
                0x00000000020066e4                irqEnable
 .text.systemErrorExit
                0x0000000002006748        0x4 C:/devkitPro/libnds/lib\libnds9.a(libnds_exit.arm.o)
                0x0000000002006748                systemErrorExit
 .text.__libnds_exit
                0x000000000200674c       0x5c C:/devkitPro/libnds/lib\libnds9.a(libnds_exit.arm.o)
                0x000000000200674c                __libnds_exit
 .text.fifo_queueBlock
                0x00000000020067a8       0x44 C:/devkitPro/libnds/lib\libnds9.a(fifosystem.o)
 .text.fifo_waitBlock
                0x00000000020067ec       0x80 C:/devkitPro/libnds/lib\libnds9.a(fifosystem.o)
 .text.fifoInternalSend.part.0
                0x000000000200686c       0xd4 C:/devkitPro/libnds/lib\libnds9.a(fifosystem.o)
 .text.fifoInternalSendInterrupt
                0x0000000002006940       0xb0 C:/devkitPro/libnds/lib\libnds9.a(fifosystem.o)
 .text.fifoSetValue32Handler
                0x00000000020069f0       0xd4 C:/devkitPro/libnds/lib\libnds9.a(fifosystem.o)
                0x00000000020069f0                fifoSetValue32Handler
 .text.fifoSendValue32
                0x0000000002006ac4       0x4c C:/devkitPro/libnds/lib\libnds9.a(fifosystem.o)
                0x0000000002006ac4                fifoSendValue32
 .text.fifoGetDatamsg
                0x0000000002006b10       0xf4 C:/devkitPro/libnds/lib\libnds9.a(fifosystem.o)
                0x0000000002006b10                fifoGetDatamsg
 .text.fifoInternalRecvInterrupt
                0x0000000002006c04      0x37c C:/devkitPro/libnds/lib\libnds9.a(fifosystem.o)
 .text.fifoSetDatamsgHandler
                0x0000000002006f80       0x9c C:/devkitPro/libnds/lib\libnds9.a(fifosystem.o)
                0x0000000002006f80                fifoSetDatamsgHandler
 .text.fifoInit
                0x000000000200701c      0x108 C:/devkitPro/libnds/lib\libnds9.a(fifosystem.o)
                0x000000000200701c                fifoInit
 .text.DC_FlushRange
                0x0000000002007124       0x24 C:/devkitPro/libnds/lib\libnds9.a(dcache.o)
                0x0000000002007124                DC_FlushRange
 .text.__libnds_mpu_setup
                0x0000000002007148      0x174 C:/devkitPro/libnds/lib\libnds9.a(mpu_setup.o)
                0x0000000002007148                __libnds_mpu_setup
 .text.memUncached
                0x00000000020072bc       0x20 C:/devkitPro/libnds/lib\libnds9.a(mpu_setup.o)
                0x00000000020072bc                memUncached
 .text.swiWaitForVBlank
                0x00000000020072dc        0x8 C:/devkitPro/libnds/lib\libnds9.a(IntrWait.o)
                0x00000000020072dc                swiWaitForVBlank
 .text.swiIntrWait
                0x00000000020072e4       0x70 C:/devkitPro/libnds/lib\libnds9.a(IntrWait.o)
                0x00000000020072e4                swiIntrWait
 .text.setCpuClock
                0x0000000002007354       0x50 C:/devkitPro/libnds/lib\libnds9.a(cpu_clock.o)
                0x0000000002007354                setCpuClock
 .text.swiSoftReset
                0x00000000020073a4       0x2c C:/devkitPro/libnds/lib\libnds9.a(swiSoftReset.o)
                0x00000000020073a4                swiSoftReset
 .text.vramDefault
                0x00000000020073d0       0xd0 C:/devkitPro/libnds/lib\libnds9.a(video.o)
                0x00000000020073d0                vramDefault
 .text.systemValueHandler
                0x00000000020074a0       0x48 C:/devkitPro/libnds/lib\libnds9.a(system.o)
                0x00000000020074a0                systemValueHandler
 .text.systemMsgHandler
                0x00000000020074e8       0x60 C:/devkitPro/libnds/lib\libnds9.a(system.o)
                0x00000000020074e8                systemMsgHandler
 .text.powerOn  0x0000000002007548       0x2c C:/devkitPro/libnds/lib\libnds9.a(system.o)
                0x0000000002007548                powerOn
 .text.swiDelay
                0x0000000002007574        0x4 C:/devkitPro/libnds/lib\libnds9.a(biosCalls.o)
                0x0000000002007574                swiDelay
 .text._ZdlPvj  0x0000000002007578       0x10 c:/devkitpro/devkitarm/bin/../lib/gcc/arm-none-eabi/12.1.0/../../../../arm-none-eabi/lib\libstdc++.a(del_ops.o)
                0x0000000002007578                operator delete(void*, unsigned int)
 .text._Znwj    0x0000000002007588       0x68 c:/devkitpro/devkitarm/bin/../lib/gcc/arm-none-eabi/12.1.0/../../../../arm-none-eabi/lib\libstdc++.a(new_op.o)
                0x0000000002007588                operator new(unsigned int)
 .text._ZNKSt9bad_alloc4whatEv
                0x00000000020075f0        0xc c:/devkitpro/devkitarm/bin/../lib/gcc/arm-none-eabi/12.1.0/../../../../arm-none-eabi/lib\libstdc++.a(bad_alloc.o)
                0x00000000020075f0                std::bad_alloc::what() const
 .text._ZNSt9bad_allocD2Ev
                0x00000000020075fc       0x24 c:/devkitpro/devkitarm/bin/../lib/gcc/arm-none-eabi/12.1.0/../../../../arm-none-eabi/lib\libstdc++.a(bad_alloc.o)
                0x00000000020075fc                std::bad_alloc::~bad_alloc()
                0x00000000020075fc                std::bad_alloc::~bad_alloc()
 .text._ZNSt9bad_allocD0Ev
                0x0000000002007620       0x30 c:/devkitpro/devkitarm/bin/../lib/gcc/arm-none-eabi/12.1.0/../../../../arm-none-eabi/lib\libstdc++.a(bad_alloc.o)
                0x0000000002007620                std::bad_alloc::~bad_alloc()
 .text._ZdlPv   0x0000000002007650       0x10 c:/devkitpro/devkitarm/bin/../lib/gcc/arm-none-eabi/12.1.0/../../../../arm-none-eabi/lib\libstdc++.a(del_op.o)
                0x0000000002007650                operator delete(void*)
 .text._ZN12_GLOBAL__N_14pool4freeEPv.constprop.0
                0x0000000002007660       0xd4 c:/devkitpro/devkitarm/bin/../lib/gcc/arm-none-eabi/12.1.0/../../../../arm-none-eabi/lib\libstdc++.a(eh_alloc.o)
 .text._ZN12_GLOBAL__N_14pool8allocateEj.constprop.0
                0x0000000002007734       0x9c c:/devkitpro/devkitarm/bin/../lib/gcc/arm-none-eabi/12.1.0/../../../../arm-none-eabi/lib\libstdc++.a(eh_alloc.o)
 .text.__cxa_allocate_exception
                0x00000000020077d0       0x48 c:/devkitpro/devkitarm/bin/../lib/gcc/arm-none-eabi/12.1.0/../../../../arm-none-eabi/lib\libstdc++.a(eh_alloc.o)
                0x00000000020077d0                __cxa_allocate_exception
 .text.__cxa_free_exception
                0x0000000002007818       0x38 c:/devkitpro/devkitarm/bin/../lib/gcc/arm-none-eabi/12.1.0/../../../../arm-none-eabi/lib\libstdc++.a(eh_alloc.o)
                0x0000000002007818                __cxa_free_exception
 .text.startup._GLOBAL__sub_I__ZN9__gnu_cxx9__freeresEv
                0x0000000002007850       0x40 c:/devkitpro/devkitarm/bin/../lib/gcc/arm-none-eabi/12.1.0/../../../../arm-none-eabi/lib\libstdc++.a(eh_alloc.o)
 .text._ZNSt9exceptionD2Ev
                0x0000000002007890        0x4 c:/devkitpro/devkitarm/bin/../lib/gcc/arm-none-eabi/12.1.0/../../../../arm-none-eabi/lib\libstdc++.a(eh_exception.o)
                0x0000000002007890                std::exception::~exception()
                0x0000000002007890                std::exception::~exception()
 .text._ZNSt13bad_exceptionD2Ev
                0x0000000002007894        0x4 c:/devkitpro/devkitarm/bin/../lib/gcc/arm-none-eabi/12.1.0/../../../../arm-none-eabi/lib\libstdc++.a(eh_exception.o)
                0x0000000002007894                std::bad_exception::~bad_exception()
                0x0000000002007894                std::bad_exception::~bad_exception()
 .text._ZNKSt13bad_exception4whatEv
                0x0000000002007898        0xc c:/devkitpro/devkitarm/bin/../lib/gcc/arm-none-eabi/12.1.0/../../../../arm-none-eabi/lib\libstdc++.a(eh_exception.o)
                0x0000000002007898                std::bad_exception::what() const
                0x0000000002007898                transaction clone for std::bad_exception::what() const
 .text._ZNSt13bad_exceptionD0Ev
                0x00000000020078a4       0x1c c:/devkitpro/devkitarm/bin/../lib/gcc/arm-none-eabi/12.1.0/../../../../arm-none-eabi/lib\libstdc++.a(eh_exception.o)
                0x00000000020078a4                std::bad_exception::~bad_exception()
 .text._ZN10__cxxabiv111__terminateEPFvvE
                0x00000000020078c0       0x18 c:/devkitpro/devkitarm/bin/../lib/gcc/arm-none-eabi/12.1.0/../../../../arm-none-eabi/lib\libstdc++.a(eh_terminate.o)
                0x00000000020078c0                __cxxabiv1::__terminate(void (*)())
 .text._ZSt9terminatev
                0x00000000020078d8       0x14 c:/devkitpro/devkitarm/bin/../lib/gcc/arm-none-eabi/12.1.0/../../../../arm-none-eabi/lib\libstdc++.a(eh_terminate.o)
                0x00000000020078d8                std::terminate()
 .text._ZN10__cxxabiv112__unexpectedEPFvvE
                0x00000000020078ec       0x10 c:/devkitpro/devkitarm/bin/../lib/gcc/arm-none-eabi/12.1.0/../../../../arm-none-eabi/lib\libstdc++.a(eh_terminate.o)
                0x00000000020078ec                __cxxabiv1::__unexpected(void (*)())
 .text._ZSt10unexpectedv
                0x00000000020078fc       0x14 c:/devkitpro/devkitarm/bin/../lib/gcc/arm-none-eabi/12.1.0/../../../../arm-none-eabi/lib\libstdc++.a(eh_terminate.o)
                0x00000000020078fc                std::unexpected()
 .text._ZSt13get_terminatev
                0x0000000002007910       0x10 c:/devkitpro/devkitarm/bin/../lib/gcc/arm-none-eabi/12.1.0/../../../../arm-none-eabi/lib\libstdc++.a(eh_terminate.o)
                0x0000000002007910                std::get_terminate()
 .text._ZSt14get_unexpectedv
                0x0000000002007920       0x10 c:/devkitpro/devkitarm/bin/../lib/gcc/arm-none-eabi/12.1.0/../../../../arm-none-eabi/lib\libstdc++.a(eh_terminate.o)
                0x0000000002007920                std::get_unexpected()
 .text._ZL23__gxx_exception_cleanup19_Unwind_Reason_CodeP21_Unwind_Control_Block
                0x0000000002007930       0x58 c:/devkitpro/devkitarm/bin/../lib/gcc/arm-none-eabi/12.1.0/../../../../arm-none-eabi/lib\libstdc++.a(eh_throw.o)
 .text.__cxa_init_primary_exception
                0x0000000002007988       0x74 c:/devkitpro/devkitarm/bin/../lib/gcc/arm-none-eabi/12.1.0/../../../../arm-none-eabi/lib\libstdc++.a(eh_throw.o)
                0x0000000002007988                __cxa_init_primary_exception
 .text.__cxa_throw
                0x00000000020079fc       0x54 c:/devkitpro/devkitarm/bin/../lib/gcc/arm-none-eabi/12.1.0/../../../../arm-none-eabi/lib\libstdc++.a(eh_throw.o)
                0x00000000020079fc                __cxa_throw
 .text.__cxa_rethrow
                0x0000000002007a50       0xb0 c:/devkitpro/devkitarm/bin/../lib/gcc/arm-none-eabi/12.1.0/../../../../arm-none-eabi/lib\libstdc++.a(eh_throw.o)
                0x0000000002007a50                __cxa_rethrow
 .text._ZSt15get_new_handlerv
                0x0000000002007b00       0x10 c:/devkitpro/devkitarm/bin/../lib/gcc/arm-none-eabi/12.1.0/../../../../arm-none-eabi/lib\libstdc++.a(new_handler.o)
                0x0000000002007b00                std::get_new_handler()
 .text._ZN10__cxxabiv120__si_class_type_infoD2Ev
                0x0000000002007b10       0x24 c:/devkitpro/devkitarm/bin/../lib/gcc/arm-none-eabi/12.1.0/../../../../arm-none-eabi/lib\libstdc++.a(si_class_type_info.o)
                0x0000000002007b10                __cxxabiv1::__si_class_type_info::~__si_class_type_info()
                0x0000000002007b10                __cxxabiv1::__si_class_type_info::~__si_class_type_info()
 .text._ZN10__cxxabiv120__si_class_type_infoD0Ev
                0x0000000002007b34       0x30 c:/devkitpro/devkitarm/bin/../lib/gcc/arm-none-eabi/12.1.0/../../../../arm-none-eabi/lib\libstdc++.a(si_class_type_info.o)
                0x0000000002007b34                __cxxabiv1::__si_class_type_info::~__si_class_type_info()
 .text._ZNK10__cxxabiv120__si_class_type_info20__do_find_public_srcEiPKvPKNS_17__class_type_infoES2_
                0x0000000002007b64       0x70 c:/devkitpro/devkitarm/bin/../lib/gcc/arm-none-eabi/12.1.0/../../../../arm-none-eabi/lib\libstdc++.a(si_class_type_info.o)
                0x0000000002007b64                __cxxabiv1::__si_class_type_info::__do_find_public_src(int, void const*, __cxxabiv1::__class_type_info const*, void const*) const
 .text._ZNK10__cxxabiv120__si_class_type_info12__do_dyncastEiNS_17__class_type_info10__sub_kindEPKS1_PKvS4_S6_RNS1_16__dyncast_resultE
                0x0000000002007bd4       0xe4 c:/devkitpro/devkitarm/bin/../lib/gcc/arm-none-eabi/12.1.0/../../../../arm-none-eabi/lib\libstdc++.a(si_class_type_info.o)
                0x0000000002007bd4                __cxxabiv1::__si_class_type_info::__do_dyncast(int, __cxxabiv1::__class_type_info::__sub_kind, __cxxabiv1::__class_type_info const*, void const*, __cxxabiv1::__class_type_info const*, void const*, __cxxabiv1::__class_type_info::__dyncast_result&) const
 .text._ZNK10__cxxabiv120__si_class_type_info11__do_upcastEPKNS_17__class_type_infoEPKvRNS1_15__upcast_resultE
                0x0000000002007cb8       0x4c c:/devkitpro/devkitarm/bin/../lib/gcc/arm-none-eabi/12.1.0/../../../../arm-none-eabi/lib\libstdc++.a(si_class_type_info.o)
                0x0000000002007cb8                __cxxabiv1::__si_class_type_info::__do_upcast(__cxxabiv1::__class_type_info const*, void const*, __cxxabiv1::__class_type_info::__upcast_result&) const
 .text._ZNSt9type_infoD2Ev
                0x0000000002007d04        0x4 c:/devkitpro/devkitarm/bin/../lib/gcc/arm-none-eabi/12.1.0/../../../../arm-none-eabi/lib\libstdc++.a(tinfo.o)
                0x0000000002007d04                std::type_info::~type_info()
                0x0000000002007d04                std::type_info::~type_info()
 .text._ZNKSt9type_info14__is_pointer_pEv
                0x0000000002007d08        0x8 c:/devkitpro/devkitarm/bin/../lib/gcc/arm-none-eabi/12.1.0/../../../../arm-none-eabi/lib\libstdc++.a(tinfo.o)
                0x0000000002007d08                std::type_info::__is_pointer_p() const
                0x0000000002007d08                std::type_info::__is_function_p() const
 .text._ZNKSt9type_infoeqERKS_
                0x0000000002007d10       0x50 c:/devkitpro/devkitarm/bin/../lib/gcc/arm-none-eabi/12.1.0/../../../../arm-none-eabi/lib\libstdc++.a(tinfo.o)
                0x0000000002007d10                std::type_info::operator==(std::type_info const&) const
                0x0000000002007d10                std::type_info::__equal(std::type_info const&) const
 .text._ZNK10__cxxabiv117__class_type_info11__do_upcastEPKS0_PPv
                0x0000000002007d60       0x64 c:/devkitpro/devkitarm/bin/../lib/gcc/arm-none-eabi/12.1.0/../../../../arm-none-eabi/lib\libstdc++.a(class_type_info.o)
                0x0000000002007d60                __cxxabiv1::__class_type_info::__do_upcast(__cxxabiv1::__class_type_info const*, void**) const
 .text._ZNK10__cxxabiv117__class_type_info20__do_find_public_srcEiPKvPKS0_S2_
                0x0000000002007dc4       0x14 c:/devkitpro/devkitarm/bin/../lib/gcc/arm-none-eabi/12.1.0/../../../../arm-none-eabi/lib\libstdc++.a(class_type_info.o)
                0x0000000002007dc4                __cxxabiv1::__class_type_info::__do_find_public_src(int, void const*, __cxxabiv1::__class_type_info const*, void const*) const
 .text._ZN10__cxxabiv117__class_type_infoD2Ev
                0x0000000002007dd8       0x24 c:/devkitpro/devkitarm/bin/../lib/gcc/arm-none-eabi/12.1.0/../../../../arm-none-eabi/lib\libstdc++.a(class_type_info.o)
                0x0000000002007dd8                __cxxabiv1::__class_type_info::~__class_type_info()
                0x0000000002007dd8                __cxxabiv1::__class_type_info::~__class_type_info()
 .text._ZN10__cxxabiv117__class_type_infoD0Ev
                0x0000000002007dfc       0x30 c:/devkitpro/devkitarm/bin/../lib/gcc/arm-none-eabi/12.1.0/../../../../arm-none-eabi/lib\libstdc++.a(class_type_info.o)
                0x0000000002007dfc                __cxxabiv1::__class_type_info::~__class_type_info()
 .text._ZNK10__cxxabiv117__class_type_info12__do_dyncastEiNS0_10__sub_kindEPKS0_PKvS3_S5_RNS0_16__dyncast_resultE
                0x0000000002007e2c       0x70 c:/devkitpro/devkitarm/bin/../lib/gcc/arm-none-eabi/12.1.0/../../../../arm-none-eabi/lib\libstdc++.a(class_type_info.o)
                0x0000000002007e2c                __cxxabiv1::__class_type_info::__do_dyncast(int, __cxxabiv1::__class_type_info::__sub_kind, __cxxabiv1::__class_type_info const*, void const*, __cxxabiv1::__class_type_info const*, void const*, __cxxabiv1::__class_type_info::__dyncast_result&) const
 .text._ZNK10__cxxabiv117__class_type_info11__do_upcastEPKS0_PKvRNS0_15__upcast_resultE
                0x0000000002007e9c       0x30 c:/devkitpro/devkitarm/bin/../lib/gcc/arm-none-eabi/12.1.0/../../../../arm-none-eabi/lib\libstdc++.a(class_type_info.o)
                0x0000000002007e9c                __cxxabiv1::__class_type_info::__do_upcast(__cxxabiv1::__class_type_info const*, void const*, __cxxabiv1::__class_type_info::__upcast_result&) const
 .text._ZNK10__cxxabiv117__class_type_info10__do_catchEPKSt9type_infoPPvj
                0x0000000002007ecc       0x4c c:/devkitpro/devkitarm/bin/../lib/gcc/arm-none-eabi/12.1.0/../../../../arm-none-eabi/lib\libstdc++.a(class_type_info.o)
                0x0000000002007ecc                __cxxabiv1::__class_type_info::__do_catch(std::type_info const*, void**, unsigned int) const
 .text.__cxa_begin_catch
                0x0000000002007f18       0xd4 c:/devkitpro/devkitarm/bin/../lib/gcc/arm-none-eabi/12.1.0/../../../../arm-none-eabi/lib\libstdc++.a(eh_catch.o)
                0x0000000002007f18                __cxa_begin_catch
 .text.__cxa_end_catch
                0x0000000002007fec       0xe0 c:/devkitpro/devkitarm/bin/../lib/gcc/arm-none-eabi/12.1.0/../../../../arm-none-eabi/lib\libstdc++.a(eh_catch.o)
                0x0000000002007fec                __cxa_end_catch
 .text.__cxa_get_globals_fast
                0x00000000020080cc        0xc c:/devkitpro/devkitarm/bin/../lib/gcc/arm-none-eabi/12.1.0/../../../../arm-none-eabi/lib\libstdc++.a(eh_globals.o)
                0x00000000020080cc                __cxa_get_globals_fast
 .text.__cxa_get_globals
                0x00000000020080d8        0xc c:/devkitpro/devkitarm/bin/../lib/gcc/arm-none-eabi/12.1.0/../../../../arm-none-eabi/lib\libstdc++.a(eh_globals.o)
                0x00000000020080d8                __cxa_get_globals
 .text._ZL28read_encoded_value_with_basehjPKhPj
                0x00000000020080e4      0x174 c:/devkitpro/devkitarm/bin/../lib/gcc/arm-none-eabi/12.1.0/../../../../arm-none-eabi/lib\libstdc++.a(eh_personality.o)
 .text._ZL21base_of_encoded_valuehP15_Unwind_Context
                0x0000000002008258       0x78 c:/devkitpro/devkitarm/bin/../lib/gcc/arm-none-eabi/12.1.0/../../../../arm-none-eabi/lib\libstdc++.a(eh_personality.o)
 .text._ZL17parse_lsda_headerP15_Unwind_ContextPKhP16lsda_header_info
                0x00000000020082d0       0xd8 c:/devkitpro/devkitarm/bin/../lib/gcc/arm-none-eabi/12.1.0/../../../../arm-none-eabi/lib\libstdc++.a(eh_personality.o)
 .text.__gxx_personality_v0
                0x00000000020083a8      0x6f8 c:/devkitpro/devkitarm/bin/../lib/gcc/arm-none-eabi/12.1.0/../../../../arm-none-eabi/lib\libstdc++.a(eh_personality.o)
                0x00000000020083a8                __gxx_personality_v0
 .text.__cxa_end_cleanup
                0x0000000002008aa0       0x10 c:/devkitpro/devkitarm/bin/../lib/gcc/arm-none-eabi/12.1.0/../../../../arm-none-eabi/lib\libstdc++.a(eh_arm.o)
                0x0000000002008aa0                __cxa_end_cleanup
 .text.__cxa_type_match
                0x0000000002008ab0      0x138 c:/devkitpro/devkitarm/bin/../lib/gcc/arm-none-eabi/12.1.0/../../../../arm-none-eabi/lib\libstdc++.a(eh_arm.o)
                0x0000000002008ab0                __cxa_type_match
 .text.__cxa_begin_cleanup
                0x0000000002008be8       0xbc c:/devkitpro/devkitarm/bin/../lib/gcc/arm-none-eabi/12.1.0/../../../../arm-none-eabi/lib\libstdc++.a(eh_arm.o)
                0x0000000002008be8                __cxa_begin_cleanup
 .text.__gnu_end_cleanup
                0x0000000002008ca4       0xbc c:/devkitpro/devkitarm/bin/../lib/gcc/arm-none-eabi/12.1.0/../../../../arm-none-eabi/lib\libstdc++.a(eh_arm.o)
                0x0000000002008ca4                __gnu_end_cleanup
 .text._ZN10__cxxabiv1L24__is_gxx_exception_classEPc
                0x0000000002008d60       0x70 c:/devkitpro/devkitarm/bin/../lib/gcc/arm-none-eabi/12.1.0/../../../../arm-none-eabi/lib\libstdc++.a(eh_call.o)
 .text.__cxa_call_terminate
                0x0000000002008dd0       0x2c c:/devkitpro/devkitarm/bin/../lib/gcc/arm-none-eabi/12.1.0/../../../../arm-none-eabi/lib\libstdc++.a(eh_call.o)
                0x0000000002008dd0                __cxa_call_terminate
 .text.unlikely.__cxa_call_unexpected
                0x0000000002008dfc      0x138 c:/devkitpro/devkitarm/bin/../lib/gcc/arm-none-eabi/12.1.0/../../../../arm-none-eabi/lib\libstdc++.a(eh_call.o)
                0x0000000002008dfc                __cxa_call_unexpected
 .text.selfrel_offset31
                0x0000000002008f34       0x18 c:/devkitpro/devkitarm/bin/../lib/gcc/arm-none-eabi/12.1.0\libgcc.a(unwind-arm.o)
 .text.search_EIT_table
                0x0000000002008f4c       0x98 c:/devkitpro/devkitarm/bin/../lib/gcc/arm-none-eabi/12.1.0\libgcc.a(unwind-arm.o)
 .text.__gnu_unwind_get_pr_addr
                0x0000000002008fe4       0x40 c:/devkitpro/devkitarm/bin/../lib/gcc/arm-none-eabi/12.1.0\libgcc.a(unwind-arm.o)
 .text.get_eit_entry
                0x0000000002009024       0xf8 c:/devkitpro/devkitarm/bin/../lib/gcc/arm-none-eabi/12.1.0\libgcc.a(unwind-arm.o)
 .text.restore_non_core_regs
                0x000000000200911c       0x90 c:/devkitpro/devkitarm/bin/../lib/gcc/arm-none-eabi/12.1.0\libgcc.a(unwind-arm.o)
 .text._Unwind_decode_typeinfo_ptr.constprop.0
                0x00000000020091ac       0x14 c:/devkitpro/devkitarm/bin/../lib/gcc/arm-none-eabi/12.1.0\libgcc.a(unwind-arm.o)
 .text._Unwind_DebugHook
                0x00000000020091c0        0x4 c:/devkitpro/devkitarm/bin/../lib/gcc/arm-none-eabi/12.1.0\libgcc.a(unwind-arm.o)
 .text.unwind_phase2
                0x00000000020091c4       0x68 c:/devkitpro/devkitarm/bin/../lib/gcc/arm-none-eabi/12.1.0\libgcc.a(unwind-arm.o)
 .text.unwind_phase2_forced
                0x000000000200922c      0x154 c:/devkitpro/devkitarm/bin/../lib/gcc/arm-none-eabi/12.1.0\libgcc.a(unwind-arm.o)
 .text.__gnu_Unwind_RaiseException
                0x0000000002009380       0xac c:/devkitpro/devkitarm/bin/../lib/gcc/arm-none-eabi/12.1.0\libgcc.a(unwind-arm.o)
                0x0000000002009380                __gnu_Unwind_RaiseException
 .text.__gnu_Unwind_ForcedUnwind
                0x000000000200942c       0x28 c:/devkitpro/devkitarm/bin/../lib/gcc/arm-none-eabi/12.1.0\libgcc.a(unwind-arm.o)
                0x000000000200942c                __gnu_Unwind_ForcedUnwind
 .text.__gnu_Unwind_Resume
                0x0000000002009454       0x78 c:/devkitpro/devkitarm/bin/../lib/gcc/arm-none-eabi/12.1.0\libgcc.a(unwind-arm.o)
                0x0000000002009454                __gnu_Unwind_Resume
 .text.__gnu_Unwind_Resume_or_Rethrow
                0x00000000020094cc       0x1c c:/devkitpro/devkitarm/bin/../lib/gcc/arm-none-eabi/12.1.0\libgcc.a(unwind-arm.o)
                0x00000000020094cc                __gnu_Unwind_Resume_or_Rethrow
 .text._Unwind_Complete
                0x00000000020094e8        0x4 c:/devkitpro/devkitarm/bin/../lib/gcc/arm-none-eabi/12.1.0\libgcc.a(unwind-arm.o)
                0x00000000020094e8                _Unwind_Complete
 .text._Unwind_DeleteException
                0x00000000020094ec       0x18 c:/devkitpro/devkitarm/bin/../lib/gcc/arm-none-eabi/12.1.0\libgcc.a(unwind-arm.o)
                0x00000000020094ec                _Unwind_DeleteException
 .text._Unwind_VRS_Get
                0x0000000002009504       0x5c c:/devkitpro/devkitarm/bin/../lib/gcc/arm-none-eabi/12.1.0\libgcc.a(unwind-arm.o)
                0x0000000002009504                _Unwind_VRS_Get
 .text._Unwind_GetGR
                0x0000000002009560       0x30 c:/devkitpro/devkitarm/bin/../lib/gcc/arm-none-eabi/12.1.0\libgcc.a(unwind-arm.o)
 .text._Unwind_VRS_Set
                0x0000000002009590       0x5c c:/devkitpro/devkitarm/bin/../lib/gcc/arm-none-eabi/12.1.0\libgcc.a(unwind-arm.o)
                0x0000000002009590                _Unwind_VRS_Set
 .text._Unwind_SetGR
                0x00000000020095ec       0x30 c:/devkitpro/devkitarm/bin/../lib/gcc/arm-none-eabi/12.1.0\libgcc.a(unwind-arm.o)
 .text.__gnu_Unwind_Backtrace
                0x000000000200961c       0xcc c:/devkitpro/devkitarm/bin/../lib/gcc/arm-none-eabi/12.1.0\libgcc.a(unwind-arm.o)
                0x000000000200961c                __gnu_Unwind_Backtrace
 .text.__gnu_unwind_pr_common
                0x00000000020096e8      0x41c c:/devkitpro/devkitarm/bin/../lib/gcc/arm-none-eabi/12.1.0\libgcc.a(unwind-arm.o)
 .text.__aeabi_unwind_cpp_pr0
                0x0000000002009b04        0x8 c:/devkitpro/devkitarm/bin/../lib/gcc/arm-none-eabi/12.1.0\libgcc.a(unwind-arm.o)
                0x0000000002009b04                __aeabi_unwind_cpp_pr0
 .text.__aeabi_unwind_cpp_pr1
                0x0000000002009b0c        0x8 c:/devkitpro/devkitarm/bin/../lib/gcc/arm-none-eabi/12.1.0\libgcc.a(unwind-arm.o)
                0x0000000002009b0c                __aeabi_unwind_cpp_pr1
 .text.__aeabi_unwind_cpp_pr2
                0x0000000002009b14        0x8 c:/devkitpro/devkitarm/bin/../lib/gcc/arm-none-eabi/12.1.0\libgcc.a(unwind-arm.o)
                0x0000000002009b14                __aeabi_unwind_cpp_pr2
 .text._Unwind_VRS_Pop
                0x0000000002009b1c      0x3e4 c:/devkitpro/devkitarm/bin/../lib/gcc/arm-none-eabi/12.1.0\libgcc.a(unwind-arm.o)
                0x0000000002009b1c                _Unwind_VRS_Pop
 .text.next_unwind_byte
                0x0000000002009f00       0x60 c:/devkitpro/devkitarm/bin/../lib/gcc/arm-none-eabi/12.1.0\libgcc.a(pr-support.o)
 .text._Unwind_GetGR.constprop.0
                0x0000000002009f60       0x30 c:/devkitpro/devkitarm/bin/../lib/gcc/arm-none-eabi/12.1.0\libgcc.a(pr-support.o)
 .text.unwind_UCB_from_context
                0x0000000002009f90        0x4 c:/devkitpro/devkitarm/bin/../lib/gcc/arm-none-eabi/12.1.0\libgcc.a(pr-support.o)
 .text.__gnu_unwind_execute
                0x0000000002009f94      0x424 c:/devkitpro/devkitarm/bin/../lib/gcc/arm-none-eabi/12.1.0\libgcc.a(pr-support.o)
                0x0000000002009f94                __gnu_unwind_execute
 .text.__gnu_unwind_frame
                0x000000000200a3b8       0x4c c:/devkitpro/devkitarm/bin/../lib/gcc/arm-none-eabi/12.1.0\libgcc.a(pr-support.o)
                0x000000000200a3b8                __gnu_unwind_frame
 .text._Unwind_GetRegionStart
                0x000000000200a404       0x14 c:/devkitpro/devkitarm/bin/../lib/gcc/arm-none-eabi/12.1.0\libgcc.a(pr-support.o)
                0x000000000200a404                _Unwind_GetRegionStart
 .text._Unwind_GetLanguageSpecificData
                0x000000000200a418       0x20 c:/devkitpro/devkitarm/bin/../lib/gcc/arm-none-eabi/12.1.0\libgcc.a(pr-support.o)
                0x000000000200a418                _Unwind_GetLanguageSpecificData
 .text.unlikely._Unwind_GetDataRelBase
                0x000000000200a438        0x8 c:/devkitpro/devkitarm/bin/../lib/gcc/arm-none-eabi/12.1.0\libgcc.a(pr-support.o)
                0x000000000200a438                _Unwind_GetDataRelBase
 .text.unlikely._Unwind_GetTextRelBase
                0x000000000200a440        0x8 c:/devkitpro/devkitarm/bin/../lib/gcc/arm-none-eabi/12.1.0\libgcc.a(pr-support.o)
                0x000000000200a440                _Unwind_GetTextRelBase
 .text.abort    0x000000000200a448       0x14 c:/devkitpro/devkitarm/bin/../lib/gcc/arm-none-eabi/12.1.0/../../../../arm-none-eabi/lib\libg.a(lib_a-abort.o)
                0x000000000200a448                abort
 .text.__libc_init_array
                0x000000000200a45c       0x90 c:/devkitpro/devkitarm/bin/../lib/gcc/arm-none-eabi/12.1.0/../../../../arm-none-eabi/lib\libg.a(lib_a-init.o)
                0x000000000200a45c                __libc_init_array
 .text.iprintf  0x000000000200a4ec       0x34 c:/devkitpro/devkitarm/bin/../lib/gcc/arm-none-eabi/12.1.0/../../../../arm-none-eabi/lib\libg.a(lib_a-iprintf.o)
                0x000000000200a4ec                iprintf
 .text.malloc   0x000000000200a520       0x1c c:/devkitpro/devkitarm/bin/../lib/gcc/arm-none-eabi/12.1.0/../../../../arm-none-eabi/lib\libg.a(lib_a-malloc.o)
                0x000000000200a520                malloc
 .text.free     0x000000000200a53c       0x1c c:/devkitpro/devkitarm/bin/../lib/gcc/arm-none-eabi/12.1.0/../../../../arm-none-eabi/lib\libg.a(lib_a-malloc.o)
                0x000000000200a53c                free
 .text._malloc_r
                0x000000000200a558      0x7f0 c:/devkitpro/devkitarm/bin/../lib/gcc/arm-none-eabi/12.1.0/../../../../arm-none-eabi/lib\libg.a(lib_a-mallocr.o)
                0x000000000200a558                _malloc_r
 .text.memcpy   0x000000000200ad48      0x114 c:/devkitpro/devkitarm/bin/../lib/gcc/arm-none-eabi/12.1.0/../../../../arm-none-eabi/lib\libg.a(lib_a-memcpy-stub.o)
                0x000000000200ad48                memcpy
 .text.memset   0x000000000200ae5c       0xfc c:/devkitpro/devkitarm/bin/../lib/gcc/arm-none-eabi/12.1.0/../../../../arm-none-eabi/lib\libg.a(lib_a-memset.o)
                0x000000000200ae5c                memset
 .text.__malloc_lock
                0x000000000200af58       0x18 c:/devkitpro/devkitarm/bin/../lib/gcc/arm-none-eabi/12.1.0/../../../../arm-none-eabi/lib\libg.a(lib_a-mlock.o)
                0x000000000200af58                __malloc_lock
 .text.__malloc_unlock
                0x000000000200af70       0x18 c:/devkitpro/devkitarm/bin/../lib/gcc/arm-none-eabi/12.1.0/../../../../arm-none-eabi/lib\libg.a(lib_a-mlock.o)
                0x000000000200af70                __malloc_unlock
 .text.printf   0x000000000200af88       0x34 c:/devkitpro/devkitarm/bin/../lib/gcc/arm-none-eabi/12.1.0/../../../../arm-none-eabi/lib\libg.a(lib_a-printf.o)
                0x000000000200af88                printf
 .text._puts_r  0x000000000200afbc       0xe8 c:/devkitpro/devkitarm/bin/../lib/gcc/arm-none-eabi/12.1.0/../../../../arm-none-eabi/lib\libg.a(lib_a-puts.o)
                0x000000000200afbc                _puts_r
 .text.puts     0x000000000200b0a4       0x18 c:/devkitpro/devkitarm/bin/../lib/gcc/arm-none-eabi/12.1.0/../../../../arm-none-eabi/lib\libg.a(lib_a-puts.o)
                0x000000000200b0a4                puts
 .text.rand     0x000000000200b0bc       0x48 c:/devkitpro/devkitarm/bin/../lib/gcc/arm-none-eabi/12.1.0/../../../../arm-none-eabi/lib\libg.a(lib_a-rand.o)
                0x000000000200b0bc                rand
 .text.realloc  0x000000000200b104       0x24 c:/devkitpro/devkitarm/bin/../lib/gcc/arm-none-eabi/12.1.0/../../../../arm-none-eabi/lib\libg.a(lib_a-realloc.o)
                0x000000000200b104                realloc
 .text._realloc_r
                0x000000000200b128      0x4b8 c:/devkitpro/devkitarm/bin/../lib/gcc/arm-none-eabi/12.1.0/../../../../arm-none-eabi/lib\libg.a(lib_a-reallocr.o)
                0x000000000200b128                _realloc_r
 .text.setvbuf  0x000000000200b5e0      0x25c c:/devkitpro/devkitarm/bin/../lib/gcc/arm-none-eabi/12.1.0/../../../../arm-none-eabi/lib\libg.a(lib_a-setvbuf.o)
                0x000000000200b5e0                setvbuf
 .text._raise_r
                0x000000000200b83c       0x94 c:/devkitpro/devkitarm/bin/../lib/gcc/arm-none-eabi/12.1.0/../../../../arm-none-eabi/lib\libg.a(lib_a-signal.o)
                0x000000000200b83c                _raise_r
 .text.raise    0x000000000200b8d0       0x18 c:/devkitpro/devkitarm/bin/../lib/gcc/arm-none-eabi/12.1.0/../../../../arm-none-eabi/lib\libg.a(lib_a-signal.o)
                0x000000000200b8d0                raise
 .text.siscanf  0x000000000200b8e8       0x74 c:/devkitpro/devkitarm/bin/../lib/gcc/arm-none-eabi/12.1.0/../../../../arm-none-eabi/lib\libg.a(lib_a-siscanf.o)
                0x000000000200b8e8                siscanf
 .text.__sread  0x000000000200b95c       0x4c c:/devkitpro/devkitarm/bin/../lib/gcc/arm-none-eabi/12.1.0/../../../../arm-none-eabi/lib\libg.a(lib_a-stdio.o)
                0x000000000200b95c                __sread
 .text.__seofread
                0x000000000200b9a8        0x8 c:/devkitpro/devkitarm/bin/../lib/gcc/arm-none-eabi/12.1.0/../../../../arm-none-eabi/lib\libg.a(lib_a-stdio.o)
                0x000000000200b9a8                __seofread
 .text.__swrite
                0x000000000200b9b0       0x6c c:/devkitpro/devkitarm/bin/../lib/gcc/arm-none-eabi/12.1.0/../../../../arm-none-eabi/lib\libg.a(lib_a-stdio.o)
                0x000000000200b9b0                __swrite
 .text.__sseek  0x000000000200ba1c       0x48 c:/devkitpro/devkitarm/bin/../lib/gcc/arm-none-eabi/12.1.0/../../../../arm-none-eabi/lib\libg.a(lib_a-stdio.o)
                0x000000000200ba1c                __sseek
 .text.__sclose
                0x000000000200ba64       0x14 c:/devkitpro/devkitarm/bin/../lib/gcc/arm-none-eabi/12.1.0/../../../../arm-none-eabi/lib\libg.a(lib_a-stdio.o)
                0x000000000200ba64                __sclose
 .text.strlen   0x000000000200ba78       0x60 c:/devkitpro/devkitarm/bin/../lib/gcc/arm-none-eabi/12.1.0/../../../../arm-none-eabi/lib\libg.a(lib_a-strlen-stub.o)
                0x000000000200ba78                strlen
 .text.get_arg  0x000000000200bad8       0x54 c:/devkitpro/devkitarm/bin/../lib/gcc/arm-none-eabi/12.1.0/../../../../arm-none-eabi/lib\libg.a(lib_a-svfiscanf.o)
 .text._sungetc_r
                0x000000000200bb2c       0xdc c:/devkitpro/devkitarm/bin/../lib/gcc/arm-none-eabi/12.1.0/../../../../arm-none-eabi/lib\libg.a(lib_a-svfiscanf.o)
                0x000000000200bb2c                _sungetc_r
 .text.__ssrefill_r
                0x000000000200bc08       0x68 c:/devkitpro/devkitarm/bin/../lib/gcc/arm-none-eabi/12.1.0/../../../../arm-none-eabi/lib\libg.a(lib_a-svfiscanf.o)
                0x000000000200bc08                __ssrefill_r
 .text._sfread_r
                0x000000000200bc70       0xc8 c:/devkitpro/devkitarm/bin/../lib/gcc/arm-none-eabi/12.1.0/../../../../arm-none-eabi/lib\libg.a(lib_a-svfiscanf.o)
                0x000000000200bc70                _sfread_r
 .text.__ssvfiscanf_r
                0x000000000200bd38     0x2338 c:/devkitpro/devkitarm/bin/../lib/gcc/arm-none-eabi/12.1.0/../../../../arm-none-eabi/lib\libg.a(lib_a-svfiscanf.o)
                0x000000000200bd38                __ssvfiscanf_r
 .text.__submore
                0x000000000200e070       0xa8 c:/devkitpro/devkitarm/bin/../lib/gcc/arm-none-eabi/12.1.0/../../../../arm-none-eabi/lib\libg.a(lib_a-ungetc.o)
                0x000000000200e070                __submore
 .text.get_arg  0x000000000200e118      0x674 c:/devkitpro/devkitarm/bin/../lib/gcc/arm-none-eabi/12.1.0/../../../../arm-none-eabi/lib\libg.a(lib_a-vfiprintf.o)
 .text.__sprint_r
                0x000000000200e78c       0x34 c:/devkitpro/devkitarm/bin/../lib/gcc/arm-none-eabi/12.1.0/../../../../arm-none-eabi/lib\libg.a(lib_a-vfiprintf.o)
                0x000000000200e78c                __sprint_r
 .text._vfiprintf_r
                0x000000000200e7c0     0x2320 c:/devkitpro/devkitarm/bin/../lib/gcc/arm-none-eabi/12.1.0/../../../../arm-none-eabi/lib\libg.a(lib_a-vfiprintf.o)
                0x000000000200e7c0                _vfiprintf_r
 .text.__sbprintf
                0x0000000002010ae0       0xd4 c:/devkitpro/devkitarm/bin/../lib/gcc/arm-none-eabi/12.1.0/../../../../arm-none-eabi/lib\libg.a(lib_a-vfiprintf.o)
 .text.get_arg  0x0000000002010bb4      0x674 c:/devkitpro/devkitarm/bin/../lib/gcc/arm-none-eabi/12.1.0/../../../../arm-none-eabi/lib\libg.a(lib_a-vfprintf.o)
 .text._vfprintf_r
                0x0000000002011228     0x370c c:/devkitpro/devkitarm/bin/../lib/gcc/arm-none-eabi/12.1.0/../../../../arm-none-eabi/lib\libg.a(lib_a-vfprintf.o)
                0x0000000002011228                _vfprintf_r
 .text.__sbprintf
                0x0000000002014934       0xd4 c:/devkitpro/devkitarm/bin/../lib/gcc/arm-none-eabi/12.1.0/../../../../arm-none-eabi/lib\libg.a(lib_a-vfprintf.o)
 .text.viprintf
                0x0000000002014a08       0x28 c:/devkitpro/devkitarm/bin/../lib/gcc/arm-none-eabi/12.1.0/../../../../arm-none-eabi/lib\libg.a(lib_a-viprintf.o)
                0x0000000002014a08                viprintf
 .text._wcrtomb_r
                0x0000000002014a30       0x5c c:/devkitpro/devkitarm/bin/../lib/gcc/arm-none-eabi/12.1.0/../../../../arm-none-eabi/lib\libg.a(lib_a-wcrtomb.o)
                0x0000000002014a30                _wcrtomb_r
 .text._wcsrtombs_r
                0x0000000002014a8c       0x2c c:/devkitpro/devkitarm/bin/../lib/gcc/arm-none-eabi/12.1.0/../../../../arm-none-eabi/lib\libg.a(lib_a-wcsrtombs.o)
                0x0000000002014a8c                _wcsrtombs_r
 .text.__swsetup_r
                0x0000000002014ab8      0x148 c:/devkitpro/devkitarm/bin/../lib/gcc/arm-none-eabi/12.1.0/../../../../arm-none-eabi/lib\libg.a(lib_a-wsetup.o)
                0x0000000002014ab8                __swsetup_r
 .text.quorem   0x0000000002014c00      0x1d0 c:/devkitpro/devkitarm/bin/../lib/gcc/arm-none-eabi/12.1.0/../../../../arm-none-eabi/lib\libg.a(lib_a-dtoa.o)
 .text._dtoa_r  0x0000000002014dd0     0x1658 c:/devkitpro/devkitarm/bin/../lib/gcc/arm-none-eabi/12.1.0/../../../../arm-none-eabi/lib\libg.a(lib_a-dtoa.o)
                0x0000000002014dd0                _dtoa_r
 .text.__sflush_r
                0x0000000002016428      0x250 c:/devkitpro/devkitarm/bin/../lib/gcc/arm-none-eabi/12.1.0/../../../../arm-none-eabi/lib\libg.a(lib_a-fflush.o)
                0x0000000002016428                __sflush_r
 .text._fflush_r
                0x0000000002016678       0x9c c:/devkitpro/devkitarm/bin/../lib/gcc/arm-none-eabi/12.1.0/../../../../arm-none-eabi/lib\libg.a(lib_a-fflush.o)
                0x0000000002016678                _fflush_r
 .text._cleanup_r
                0x0000000002016714       0x18 c:/devkitpro/devkitarm/bin/../lib/gcc/arm-none-eabi/12.1.0/../../../../arm-none-eabi/lib\libg.a(lib_a-findfp.o)
                0x0000000002016714                _cleanup_r
 .text.__sinit  0x000000000201672c      0x18c c:/devkitpro/devkitarm/bin/../lib/gcc/arm-none-eabi/12.1.0/../../../../arm-none-eabi/lib\libg.a(lib_a-findfp.o)
                0x000000000201672c                __sinit
 .text.__sfp_lock_acquire
                0x00000000020168b8       0x18 c:/devkitpro/devkitarm/bin/../lib/gcc/arm-none-eabi/12.1.0/../../../../arm-none-eabi/lib\libg.a(lib_a-findfp.o)
                0x00000000020168b8                __sfp_lock_acquire
 .text.__sfp_lock_release
                0x00000000020168d0       0x18 c:/devkitpro/devkitarm/bin/../lib/gcc/arm-none-eabi/12.1.0/../../../../arm-none-eabi/lib\libg.a(lib_a-findfp.o)
                0x00000000020168d0                __sfp_lock_release
 .text._malloc_trim_r
                0x00000000020168e8      0x100 c:/devkitpro/devkitarm/bin/../lib/gcc/arm-none-eabi/12.1.0/../../../../arm-none-eabi/lib\libg.a(lib_a-freer.o)
                0x00000000020168e8                _malloc_trim_r
 .text._free_r  0x00000000020169e8      0x2e8 c:/devkitpro/devkitarm/bin/../lib/gcc/arm-none-eabi/12.1.0/../../../../arm-none-eabi/lib\libg.a(lib_a-freer.o)
                0x00000000020169e8                _free_r
 .text.__sfvwrite_r
                0x0000000002016cd0      0x4c8 c:/devkitpro/devkitarm/bin/../lib/gcc/arm-none-eabi/12.1.0/../../../../arm-none-eabi/lib\libg.a(lib_a-fvwrite.o)
                0x0000000002016cd0                __sfvwrite_r
 .text._fwalk_reent
                0x0000000002017198       0x78 c:/devkitpro/devkitarm/bin/../lib/gcc/arm-none-eabi/12.1.0/../../../../arm-none-eabi/lib\libg.a(lib_a-fwalk.o)
                0x0000000002017198                _fwalk_reent
 .text.iswspace
                0x0000000002017210       0x14 c:/devkitpro/devkitarm/bin/../lib/gcc/arm-none-eabi/12.1.0/../../../../arm-none-eabi/lib\libg.a(lib_a-iswspace.o)
                0x0000000002017210                iswspace
 .text._localeconv_r
                0x0000000002017224        0xc c:/devkitpro/devkitarm/bin/../lib/gcc/arm-none-eabi/12.1.0/../../../../arm-none-eabi/lib\libg.a(lib_a-localeconv.o)
                0x0000000002017224                _localeconv_r
 .text.__locale_mb_cur_max
                0x0000000002017230       0x10 c:/devkitpro/devkitarm/bin/../lib/gcc/arm-none-eabi/12.1.0/../../../../arm-none-eabi/lib\libg.a(lib_a-locale.o)
                0x0000000002017230                __locale_mb_cur_max
 .text.__smakebuf_r
                0x0000000002017240      0x144 c:/devkitpro/devkitarm/bin/../lib/gcc/arm-none-eabi/12.1.0/../../../../arm-none-eabi/lib\libg.a(lib_a-makebuf.o)
                0x0000000002017240                __smakebuf_r
 .text.__swhatbuf_r
                0x0000000002017384       0x80 c:/devkitpro/devkitarm/bin/../lib/gcc/arm-none-eabi/12.1.0/../../../../arm-none-eabi/lib\libg.a(lib_a-makebuf.o)
                0x0000000002017384                __swhatbuf_r
 .text._mbrtowc_r
                0x0000000002017404       0x70 c:/devkitpro/devkitarm/bin/../lib/gcc/arm-none-eabi/12.1.0/../../../../arm-none-eabi/lib\libg.a(lib_a-mbrtowc.o)
                0x0000000002017404                _mbrtowc_r
 .text.__utf8_mbtowc
                0x0000000002017474      0x308 c:/devkitpro/devkitarm/bin/../lib/gcc/arm-none-eabi/12.1.0/../../../../arm-none-eabi/lib\libg.a(lib_a-mbtowc_r.o)
                0x0000000002017474                __utf8_mbtowc
 .text.memchr   0x000000000201777c       0xf4 c:/devkitpro/devkitarm/bin/../lib/gcc/arm-none-eabi/12.1.0/../../../../arm-none-eabi/lib\libg.a(lib_a-memchr-stub.o)
                0x000000000201777c                memchr
 .text.memmove  0x0000000002017870      0x154 c:/devkitpro/devkitarm/bin/../lib/gcc/arm-none-eabi/12.1.0/../../../../arm-none-eabi/lib\libg.a(lib_a-memmove.o)
                0x0000000002017870                memmove
 .text._Balloc  0x00000000020179c4       0x8c c:/devkitpro/devkitarm/bin/../lib/gcc/arm-none-eabi/12.1.0/../../../../arm-none-eabi/lib\libg.a(lib_a-mprec.o)
                0x00000000020179c4                _Balloc
 .text._Bfree   0x0000000002017a50       0x1c c:/devkitpro/devkitarm/bin/../lib/gcc/arm-none-eabi/12.1.0/../../../../arm-none-eabi/lib\libg.a(lib_a-mprec.o)
                0x0000000002017a50                _Bfree
 .text.__multadd
                0x0000000002017a6c      0x100 c:/devkitpro/devkitarm/bin/../lib/gcc/arm-none-eabi/12.1.0/../../../../arm-none-eabi/lib\libg.a(lib_a-mprec.o)
                0x0000000002017a6c                __multadd
 .text.__hi0bits
                0x0000000002017b6c       0x60 c:/devkitpro/devkitarm/bin/../lib/gcc/arm-none-eabi/12.1.0/../../../../arm-none-eabi/lib\libg.a(lib_a-mprec.o)
                0x0000000002017b6c                __hi0bits
 .text.__lo0bits
                0x0000000002017bcc       0xa0 c:/devkitpro/devkitarm/bin/../lib/gcc/arm-none-eabi/12.1.0/../../../../arm-none-eabi/lib\libg.a(lib_a-mprec.o)
                0x0000000002017bcc                __lo0bits
 .text.__i2b    0x0000000002017c6c       0xa8 c:/devkitpro/devkitarm/bin/../lib/gcc/arm-none-eabi/12.1.0/../../../../arm-none-eabi/lib\libg.a(lib_a-mprec.o)
                0x0000000002017c6c                __i2b
 .text.__multiply
                0x0000000002017d14      0x218 c:/devkitpro/devkitarm/bin/../lib/gcc/arm-none-eabi/12.1.0/../../../../arm-none-eabi/lib\libg.a(lib_a-mprec.o)
                0x0000000002017d14                __multiply
 .text.__pow5mult
                0x0000000002017f2c      0x128 c:/devkitpro/devkitarm/bin/../lib/gcc/arm-none-eabi/12.1.0/../../../../arm-none-eabi/lib\libg.a(lib_a-mprec.o)
                0x0000000002017f2c                __pow5mult
 .text.__lshift
                0x0000000002018054      0x144 c:/devkitpro/devkitarm/bin/../lib/gcc/arm-none-eabi/12.1.0/../../../../arm-none-eabi/lib\libg.a(lib_a-mprec.o)
                0x0000000002018054                __lshift
 .text.__mcmp   0x0000000002018198       0x54 c:/devkitpro/devkitarm/bin/../lib/gcc/arm-none-eabi/12.1.0/../../../../arm-none-eabi/lib\libg.a(lib_a-mprec.o)
                0x0000000002018198                __mcmp
 .text.__mdiff  0x00000000020181ec      0x204 c:/devkitpro/devkitarm/bin/../lib/gcc/arm-none-eabi/12.1.0/../../../../arm-none-eabi/lib\libg.a(lib_a-mprec.o)
                0x00000000020181ec                __mdiff
 .text.__d2b    0x00000000020183f0      0x128 c:/devkitpro/devkitarm/bin/../lib/gcc/arm-none-eabi/12.1.0/../../../../arm-none-eabi/lib\libg.a(lib_a-mprec.o)
                0x00000000020183f0                __d2b
 .text.__sccl   0x0000000002018518       0xe4 c:/devkitpro/devkitarm/bin/../lib/gcc/arm-none-eabi/12.1.0/../../../../arm-none-eabi/lib\libg.a(lib_a-sccl.o)
                0x0000000002018518                __sccl
 .text.frexp    0x00000000020185fc       0xa4 c:/devkitpro/devkitarm/bin/../lib/gcc/arm-none-eabi/12.1.0/../../../../arm-none-eabi/lib\libg.a(lib_a-s_frexp.o)
                0x00000000020185fc                frexp
 .text.strncpy  0x00000000020186a0       0xd0 c:/devkitpro/devkitarm/bin/../lib/gcc/arm-none-eabi/12.1.0/../../../../arm-none-eabi/lib\libg.a(lib_a-strncpy.o)
                0x00000000020186a0                strncpy
 .text._strtoll_l.constprop.0
                0x0000000002018770      0x234 c:/devkitpro/devkitarm/bin/../lib/gcc/arm-none-eabi/12.1.0/../../../../arm-none-eabi/lib\libg.a(lib_a-strtoll.o)
 .text._strtoll_r
                0x00000000020189a4        0x4 c:/devkitpro/devkitarm/bin/../lib/gcc/arm-none-eabi/12.1.0/../../../../arm-none-eabi/lib\libg.a(lib_a-strtoll.o)
                0x00000000020189a4                _strtoll_r
 .text._strtol_l.part.0
                0x00000000020189a8      0x1a8 c:/devkitpro/devkitarm/bin/../lib/gcc/arm-none-eabi/12.1.0/../../../../arm-none-eabi/lib\libg.a(lib_a-strtol.o)
 .text._strtol_r
                0x0000000002018b50       0x3c c:/devkitpro/devkitarm/bin/../lib/gcc/arm-none-eabi/12.1.0/../../../../arm-none-eabi/lib\libg.a(lib_a-strtol.o)
                0x0000000002018b50                _strtol_r
 .text._strtoull_l.constprop.0
                0x0000000002018b8c      0x248 c:/devkitpro/devkitarm/bin/../lib/gcc/arm-none-eabi/12.1.0/../../../../arm-none-eabi/lib\libg.a(lib_a-strtoull.o)
 .text._strtoull_r
                0x0000000002018dd4        0x4 c:/devkitpro/devkitarm/bin/../lib/gcc/arm-none-eabi/12.1.0/../../../../arm-none-eabi/lib\libg.a(lib_a-strtoull.o)
                0x0000000002018dd4                _strtoull_r
 .text._strtoul_l.constprop.0
                0x0000000002018dd8      0x1c8 c:/devkitpro/devkitarm/bin/../lib/gcc/arm-none-eabi/12.1.0/../../../../arm-none-eabi/lib\libg.a(lib_a-strtoul.o)
 .text._strtoul_r
                0x0000000002018fa0        0x4 c:/devkitpro/devkitarm/bin/../lib/gcc/arm-none-eabi/12.1.0/../../../../arm-none-eabi/lib\libg.a(lib_a-strtoul.o)
                0x0000000002018fa0                _strtoul_r
 .text._wcsnrtombs_l
                0x0000000002018fa4      0x198 c:/devkitpro/devkitarm/bin/../lib/gcc/arm-none-eabi/12.1.0/../../../../arm-none-eabi/lib\libg.a(lib_a-wcsnrtombs.o)
                0x0000000002018fa4                _wcsnrtombs_l
 .text._wcsnrtombs_r
                0x000000000201913c       0x50 c:/devkitpro/devkitarm/bin/../lib/gcc/arm-none-eabi/12.1.0/../../../../arm-none-eabi/lib\libg.a(lib_a-wcsnrtombs.o)
                0x000000000201913c                _wcsnrtombs_r
 .text.__utf8_wctomb
                0x000000000201918c       0xf4 c:/devkitpro/devkitarm/bin/../lib/gcc/arm-none-eabi/12.1.0/../../../../arm-none-eabi/lib\libg.a(lib_a-wctomb_r.o)
                0x000000000201918c                __utf8_wctomb
 .text.__assert_func
                0x0000000002019280       0x5c c:/devkitpro/devkitarm/bin/../lib/gcc/arm-none-eabi/12.1.0/../../../../arm-none-eabi/lib\libg.a(lib_a-assert.o)
                0x0000000002019280                __assert_func
 .text._calloc_r
                0x00000000020192dc       0xd0 c:/devkitpro/devkitarm/bin/../lib/gcc/arm-none-eabi/12.1.0/../../../../arm-none-eabi/lib\libg.a(lib_a-callocr.o)
                0x00000000020192dc                _calloc_r
 .text.__errno  0x00000000020193ac       0x10 c:/devkitpro/devkitarm/bin/../lib/gcc/arm-none-eabi/12.1.0/../../../../arm-none-eabi/lib\libg.a(lib_a-errno.o)
                0x00000000020193ac                __errno
 .text._fclose_r
                0x00000000020193bc      0x164 c:/devkitpro/devkitarm/bin/../lib/gcc/arm-none-eabi/12.1.0/../../../../arm-none-eabi/lib\libg.a(lib_a-fclose.o)
                0x00000000020193bc                _fclose_r
 .text.fiprintf
                0x0000000002019520       0x3c c:/devkitpro/devkitarm/bin/../lib/gcc/arm-none-eabi/12.1.0/../../../../arm-none-eabi/lib\libg.a(lib_a-fiprintf.o)
                0x0000000002019520                fiprintf
 .text.iswspace_l
                0x000000000201955c       0x44 c:/devkitpro/devkitarm/bin/../lib/gcc/arm-none-eabi/12.1.0/../../../../arm-none-eabi/lib\libg.a(lib_a-iswspace_l.o)
                0x000000000201955c                iswspace_l
 .text.__jp2uc  0x00000000020195a0      0x1e8 c:/devkitpro/devkitarm/bin/../lib/gcc/arm-none-eabi/12.1.0/../../../../arm-none-eabi/lib\libg.a(lib_a-jp2uc.o)
 .text._jp2uc_l
                0x0000000002019788       0x94 c:/devkitpro/devkitarm/bin/../lib/gcc/arm-none-eabi/12.1.0/../../../../arm-none-eabi/lib\libg.a(lib_a-jp2uc.o)
                0x0000000002019788                _jp2uc_l
 .text.category
                0x000000000201981c       0x94 c:/devkitpro/devkitarm/bin/../lib/gcc/arm-none-eabi/12.1.0/../../../../arm-none-eabi/lib\libg.a(lib_a-categories.o)
                0x000000000201981c                category
 .text.null_write
                0x00000000020198b0        0x8 c:/devkitpro/devkitarm/bin/../lib/gcc/arm-none-eabi/12.1.0/../../../../arm-none-eabi/lib\libsysbase.a(iosupport.o)
 .text._fstat_r
                0x00000000020198b8       0x7c c:/devkitpro/devkitarm/bin/../lib/gcc/arm-none-eabi/12.1.0/../../../../arm-none-eabi/lib\libsysbase.a(fstat.o)
                0x00000000020198b8                _fstat_r
 .text._getpid_r
                0x0000000002019934       0x14 c:/devkitpro/devkitarm/bin/../lib/gcc/arm-none-eabi/12.1.0/../../../../arm-none-eabi/lib\libsysbase.a(getpid.o)
                0x0000000002019934                _getpid_r
 .text._isatty_r
                0x0000000002019948        0x8 c:/devkitpro/devkitarm/bin/../lib/gcc/arm-none-eabi/12.1.0/../../../../arm-none-eabi/lib\libsysbase.a(isatty.o)
                0x0000000002019948                _isatty_r
 .text._kill_r  0x0000000002019950       0x14 c:/devkitpro/devkitarm/bin/../lib/gcc/arm-none-eabi/12.1.0/../../../../arm-none-eabi/lib\libsysbase.a(kill.o)
                0x0000000002019950                _kill_r
 .text._lseek_r
                0x0000000002019964       0x88 c:/devkitpro/devkitarm/bin/../lib/gcc/arm-none-eabi/12.1.0/../../../../arm-none-eabi/lib\libsysbase.a(lseek.o)
                0x0000000002019964                _lseek_r
 .text._read_r  0x00000000020199ec       0x84 c:/devkitpro/devkitarm/bin/../lib/gcc/arm-none-eabi/12.1.0/../../../../arm-none-eabi/lib\libsysbase.a(read.o)
                0x00000000020199ec                _read_r
 .text._sbrk_r  0x0000000002019a70       0x7c c:/devkitpro/devkitarm/bin/../lib/gcc/arm-none-eabi/12.1.0/../../../../arm-none-eabi/lib\libsysbase.a(sbrk.o)
                0x0000000002019a70                _sbrk_r
 .text._write_r
                0x0000000002019aec       0x84 c:/devkitpro/devkitarm/bin/../lib/gcc/arm-none-eabi/12.1.0/../../../../arm-none-eabi/lib\libsysbase.a(write.o)
                0x0000000002019aec                _write_r
 .text._exit    0x0000000002019b70       0x20 c:/devkitpro/devkitarm/bin/../lib/gcc/arm-none-eabi/12.1.0/../../../../arm-none-eabi/lib\libsysbase.a(_exit.o)
                0x0000000002019b70                _exit
 .text.build_argv
                0x0000000002019b90       0x80 c:/devkitpro/devkitarm/bin/../lib/gcc/arm-none-eabi/12.1.0/../../../../arm-none-eabi/lib\libsysbase.a(build_argv.o)
                0x0000000002019b90                build_argv
 .text.__flockfile
                0x0000000002019c10       0x14 c:/devkitpro/devkitarm/bin/../lib/gcc/arm-none-eabi/12.1.0/../../../../arm-none-eabi/lib\libsysbase.a(flock.o)
                0x0000000002019c10                __flockfile
 .text.__funlockfile
                0x0000000002019c24       0x14 c:/devkitpro/devkitarm/bin/../lib/gcc/arm-none-eabi/12.1.0/../../../../arm-none-eabi/lib\libsysbase.a(flock.o)
                0x0000000002019c24                __funlockfile
 .text.__get_handle
                0x0000000002019c38       0x40 c:/devkitpro/devkitarm/bin/../lib/gcc/arm-none-eabi/12.1.0/../../../../arm-none-eabi/lib\libsysbase.a(handle_manager.o)
                0x0000000002019c38                __get_handle
 .text._close_r
                0x0000000002019c78       0xfc c:/devkitpro/devkitarm/bin/../lib/gcc/arm-none-eabi/12.1.0/../../../../arm-none-eabi/lib\libsysbase.a(handle_manager.o)
                0x0000000002019c78                _close_r
 .text.__getreent
                0x0000000002019d74       0x30 c:/devkitpro/devkitarm/bin/../lib/gcc/arm-none-eabi/12.1.0/../../../../arm-none-eabi/lib\libsysbase.a(getreent.o)
                0x0000000002019d74                __getreent
 .text.__libc_lock_acquire
                0x0000000002019da4       0x20 c:/devkitpro/devkitarm/bin/../lib/gcc/arm-none-eabi/12.1.0/../../../../arm-none-eabi/lib\libsysbase.a(syscall_support.o)
                0x0000000002019da4                __libc_lock_acquire
 .text.__libc_lock_release
                0x0000000002019dc4       0x20 c:/devkitpro/devkitarm/bin/../lib/gcc/arm-none-eabi/12.1.0/../../../../arm-none-eabi/lib\libsysbase.a(syscall_support.o)
                0x0000000002019dc4                __libc_lock_release
 .text.__libc_lock_init_recursive
                0x0000000002019de4       0x20 c:/devkitpro/devkitarm/bin/../lib/gcc/arm-none-eabi/12.1.0/../../../../arm-none-eabi/lib\libsysbase.a(syscall_support.o)
                0x0000000002019de4                __libc_lock_init_recursive
 .text.__libc_lock_acquire_recursive
                0x0000000002019e04       0x20 c:/devkitpro/devkitarm/bin/../lib/gcc/arm-none-eabi/12.1.0/../../../../arm-none-eabi/lib\libsysbase.a(syscall_support.o)
                0x0000000002019e04                __libc_lock_acquire_recursive
 .text.__libc_lock_release_recursive
                0x0000000002019e24       0x20 c:/devkitpro/devkitarm/bin/../lib/gcc/arm-none-eabi/12.1.0/../../../../arm-none-eabi/lib\libsysbase.a(syscall_support.o)
                0x0000000002019e24                __libc_lock_release_recursive
 .text.__libc_lock_close_recursive
                0x0000000002019e44       0x20 c:/devkitpro/devkitarm/bin/../lib/gcc/arm-none-eabi/12.1.0/../../../../arm-none-eabi/lib\libsysbase.a(syscall_support.o)
                0x0000000002019e44                __libc_lock_close_recursive
 .text.__udivmoddi4
                0x0000000002019e64      0x128 c:/devkitpro/devkitarm/bin/../lib/gcc/arm-none-eabi/12.1.0\libgcc.a(_udivmoddi4.o)
                0x0000000002019e64                __udivmoddi4
 *fill*         0x0000000002019f8c        0x4 ff
 .text.__udivmoddi4.__stub
                0x0000000002019f90      0x12c linker stubs
 *(EXCLUDE_FILE(*.twl*) .gnu.warning)
 *(EXCLUDE_FILE(*.twl*) .gnu.linkonce.t*)
 *(.glue_7)
 .glue_7        0x000000000201a0f0        0x0 linker stubs
 *(.glue_7t)
 .glue_7t       0x000000000201a0f0        0x0 linker stubs
                0x000000000201a0f0                . = ALIGN (0x4)

.vfp11_veneer   0x000000000201a0f0        0x0
 .vfp11_veneer  0x000000000201a0f0        0x0 linker stubs

.v4_bx          0x000000000201a0f0        0x0
 .v4_bx         0x000000000201a0f0        0x0 linker stubs

.iplt           0x000000000201a0f0        0x0
 .iplt          0x000000000201a0f0        0x0 c:/devkitpro/devkitarm/bin/../lib/gcc/arm-none-eabi/12.1.0/../../../../arm-none-eabi/lib/ds_arm9_crt0.o

.fini           0x000000000201a0f0       0x18
 *(.fini)
 .fini          0x000000000201a0f0        0xc c:/devkitpro/devkitarm/bin/../lib/gcc/arm-none-eabi/12.1.0/crti.o
                0x000000000201a0f0                _fini
 .fini          0x000000000201a0fc        0xc c:/devkitpro/devkitarm/bin/../lib/gcc/arm-none-eabi/12.1.0/crtn.o
                0x000000000201a108                __text_end = .

.rodata         0x000000000201a108     0xbc9c
 *(EXCLUDE_FILE(*.twl*) .rodata)
 .rodata        0x000000000201a108      0x220 barrel.o
                0x000000000201a108                barrelTiles
                0x000000000201a308                barrelPal
 .rodata        0x000000000201a328     0x2020 fracas.o
                0x000000000201a328                fracasTiles
                0x000000000201c328                fracasPal
 .rodata        0x000000000201c348      0x220 ship.o
                0x000000000201c348                shipTiles
                0x000000000201c548                shipPal
 .rodata        0x000000000201c568       0x8c main.o
                0x000000000201c568                vtable for Bullet
                0x000000000201c584                vtable for Fracas
                0x000000000201c5a0                vtable for Entity
                0x000000000201c5bc                vtable for Player
                0x000000000201c5d8                vtable for Barrel
 *all.rodata*(*)
 *(EXCLUDE_FILE(*.twl*) .roda)
 *(EXCLUDE_FILE(*.twl*) .rodata.*)
 .rodata.str1.4
                0x000000000201c5f4      0x2d9 main.o
 *fill*         0x000000000201c8cd        0x3 ff
 .rodata.SIN_LUT
                0x000000000201c8d0      0x102 C:/devkitPro/libnds/lib\libnds9.a(trig.o)
                0x000000000201c8d0                SIN_LUT
 *fill*         0x000000000201c9d2        0x2 ff
 .rodata.__sassert.str1.4
                0x000000000201c9d4       0x42 C:/devkitPro/libnds/lib\libnds9.a(sassert.o)
 *fill*         0x000000000201ca16        0x2 ff
 .rodata.con_write.str1.4
                0x000000000201ca18       0x30 C:/devkitPro/libnds/lib\libnds9.a(console.o)
 .rodata.con_write
                0x000000000201ca48       0xd4 C:/devkitPro/libnds/lib\libnds9.a(console.o)
 .rodata.consoleClear.str1.4
                0x000000000201cb1c        0x5 C:/devkitPro/libnds/lib\libnds9.a(console.o)
 *fill*         0x000000000201cb21        0x3 ff
 .rodata.str1.4
                0x000000000201cb24       0x14 C:/devkitPro/libnds/lib\libnds9.a(console.o)
 .rodata.dotab_stdout
                0x000000000201cb38       0x70 C:/devkitPro/libnds/lib\libnds9.a(console.o)
 .rodata.default_font_bin
                0x000000000201cba8     0x2000 C:/devkitPro/libnds/lib\libnds9.a(default_font.bin.o)
                0x000000000201cba8                default_font_bin
                0x000000000201eba8                default_font_bin_end
 .rodata._ZNKSt9bad_alloc4whatEv.str1.4
                0x000000000201eba8        0xf c:/devkitpro/devkitarm/bin/../lib/gcc/arm-none-eabi/12.1.0/../../../../arm-none-eabi/lib\libstdc++.a(bad_alloc.o)
 *fill*         0x000000000201ebb7        0x1 ff
 .rodata._ZTSSt9bad_alloc
                0x000000000201ebb8        0xd c:/devkitpro/devkitarm/bin/../lib/gcc/arm-none-eabi/12.1.0/../../../../arm-none-eabi/lib\libstdc++.a(bad_alloc.o)
                0x000000000201ebb8                typeinfo name for std::bad_alloc
 *fill*         0x000000000201ebc5        0x3 ff
 .rodata._ZTISt9bad_alloc
                0x000000000201ebc8        0xc c:/devkitpro/devkitarm/bin/../lib/gcc/arm-none-eabi/12.1.0/../../../../arm-none-eabi/lib\libstdc++.a(bad_alloc.o)
                0x000000000201ebc8                typeinfo for std::bad_alloc
 .rodata._ZTVSt9bad_alloc
                0x000000000201ebd4       0x14 c:/devkitpro/devkitarm/bin/../lib/gcc/arm-none-eabi/12.1.0/../../../../arm-none-eabi/lib\libstdc++.a(bad_alloc.o)
                0x000000000201ebd4                vtable for std::bad_alloc
 .rodata._ZNKSt13bad_exception4whatEv.str1.4
                0x000000000201ebe8       0x13 c:/devkitpro/devkitarm/bin/../lib/gcc/arm-none-eabi/12.1.0/../../../../arm-none-eabi/lib\libstdc++.a(eh_exception.o)
 *fill*         0x000000000201ebfb        0x1 ff
 .rodata._ZTSSt9exception
                0x000000000201ebfc        0xd c:/devkitpro/devkitarm/bin/../lib/gcc/arm-none-eabi/12.1.0/../../../../arm-none-eabi/lib\libstdc++.a(eh_exception.o)
                0x000000000201ebfc                typeinfo name for std::exception
 *fill*         0x000000000201ec09        0x3 ff
 .rodata._ZTISt9exception
                0x000000000201ec0c        0x8 c:/devkitpro/devkitarm/bin/../lib/gcc/arm-none-eabi/12.1.0/../../../../arm-none-eabi/lib\libstdc++.a(eh_exception.o)
                0x000000000201ec0c                typeinfo for std::exception
 .rodata._ZTSSt13bad_exception
                0x000000000201ec14       0x12 c:/devkitpro/devkitarm/bin/../lib/gcc/arm-none-eabi/12.1.0/../../../../arm-none-eabi/lib\libstdc++.a(eh_exception.o)
                0x000000000201ec14                typeinfo name for std::bad_exception
 *fill*         0x000000000201ec26        0x2 ff
 .rodata._ZTISt13bad_exception
                0x000000000201ec28        0xc c:/devkitpro/devkitarm/bin/../lib/gcc/arm-none-eabi/12.1.0/../../../../arm-none-eabi/lib\libstdc++.a(eh_exception.o)
                0x000000000201ec28                typeinfo for std::bad_exception
 .rodata._ZTSN10__cxxabiv115__forced_unwindE
                0x000000000201ec34       0x20 c:/devkitpro/devkitarm/bin/../lib/gcc/arm-none-eabi/12.1.0/../../../../arm-none-eabi/lib\libstdc++.a(eh_exception.o)
                0x000000000201ec34                typeinfo name for __cxxabiv1::__forced_unwind
 .rodata._ZTIN10__cxxabiv115__forced_unwindE
                0x000000000201ec54        0x8 c:/devkitpro/devkitarm/bin/../lib/gcc/arm-none-eabi/12.1.0/../../../../arm-none-eabi/lib\libstdc++.a(eh_exception.o)
                0x000000000201ec54                typeinfo for __cxxabiv1::__forced_unwind
 .rodata._ZTSN10__cxxabiv119__foreign_exceptionE
                0x000000000201ec5c       0x24 c:/devkitpro/devkitarm/bin/../lib/gcc/arm-none-eabi/12.1.0/../../../../arm-none-eabi/lib\libstdc++.a(eh_exception.o)
                0x000000000201ec5c                typeinfo name for __cxxabiv1::__foreign_exception
 .rodata._ZTIN10__cxxabiv119__foreign_exceptionE
                0x000000000201ec80        0x8 c:/devkitpro/devkitarm/bin/../lib/gcc/arm-none-eabi/12.1.0/../../../../arm-none-eabi/lib\libstdc++.a(eh_exception.o)
                0x000000000201ec80                typeinfo for __cxxabiv1::__foreign_exception
 .rodata._ZTVSt13bad_exception
                0x000000000201ec88       0x14 c:/devkitpro/devkitarm/bin/../lib/gcc/arm-none-eabi/12.1.0/../../../../arm-none-eabi/lib\libstdc++.a(eh_exception.o)
                0x000000000201ec88                vtable for std::bad_exception
 .rodata._ZTSN10__cxxabiv120__si_class_type_infoE
                0x000000000201ec9c       0x25 c:/devkitpro/devkitarm/bin/../lib/gcc/arm-none-eabi/12.1.0/../../../../arm-none-eabi/lib\libstdc++.a(si_class_type_info.o)
                0x000000000201ec9c                typeinfo name for __cxxabiv1::__si_class_type_info
 *fill*         0x000000000201ecc1        0x3 ff
 .rodata._ZTIN10__cxxabiv120__si_class_type_infoE
                0x000000000201ecc4        0xc c:/devkitpro/devkitarm/bin/../lib/gcc/arm-none-eabi/12.1.0/../../../../arm-none-eabi/lib\libstdc++.a(si_class_type_info.o)
                0x000000000201ecc4                typeinfo for __cxxabiv1::__si_class_type_info
 .rodata._ZTVN10__cxxabiv120__si_class_type_infoE
                0x000000000201ecd0       0x2c c:/devkitpro/devkitarm/bin/../lib/gcc/arm-none-eabi/12.1.0/../../../../arm-none-eabi/lib\libstdc++.a(si_class_type_info.o)
                0x000000000201ecd0                vtable for __cxxabiv1::__si_class_type_info
 .rodata._ZTSSt9type_info
                0x000000000201ecfc        0xd c:/devkitpro/devkitarm/bin/../lib/gcc/arm-none-eabi/12.1.0/../../../../arm-none-eabi/lib\libstdc++.a(tinfo.o)
                0x000000000201ecfc                typeinfo name for std::type_info
 *fill*         0x000000000201ed09        0x3 ff
 .rodata._ZTISt9type_info
                0x000000000201ed0c        0x8 c:/devkitpro/devkitarm/bin/../lib/gcc/arm-none-eabi/12.1.0/../../../../arm-none-eabi/lib\libstdc++.a(tinfo.o)
                0x000000000201ed0c                typeinfo for std::type_info
 .rodata._ZTSN10__cxxabiv117__class_type_infoE
                0x000000000201ed14       0x22 c:/devkitpro/devkitarm/bin/../lib/gcc/arm-none-eabi/12.1.0/../../../../arm-none-eabi/lib\libstdc++.a(class_type_info.o)
                0x000000000201ed14                typeinfo name for __cxxabiv1::__class_type_info
 *fill*         0x000000000201ed36        0x2 ff
 .rodata._ZTIN10__cxxabiv117__class_type_infoE
                0x000000000201ed38        0xc c:/devkitpro/devkitarm/bin/../lib/gcc/arm-none-eabi/12.1.0/../../../../arm-none-eabi/lib\libstdc++.a(class_type_info.o)
                0x000000000201ed38                typeinfo for __cxxabiv1::__class_type_info
 .rodata._ZTVN10__cxxabiv117__class_type_infoE
                0x000000000201ed44       0x2c c:/devkitpro/devkitarm/bin/../lib/gcc/arm-none-eabi/12.1.0/../../../../arm-none-eabi/lib\libstdc++.a(class_type_info.o)
                0x000000000201ed44                vtable for __cxxabiv1::__class_type_info
 .rodata._puts_r.str1.4
                0x000000000201ed70       0x13 c:/devkitpro/devkitarm/bin/../lib/gcc/arm-none-eabi/12.1.0/../../../../arm-none-eabi/lib\libg.a(lib_a-puts.o)
                                          0x2 (size before relaxing)
 .rodata.basefix.0
                0x000000000201ed70       0x22 c:/devkitpro/devkitarm/bin/../lib/gcc/arm-none-eabi/12.1.0/../../../../arm-none-eabi/lib\libg.a(lib_a-svfiscanf.o)
 .rodata._vfiprintf_r.str1.1
                0x000000000201ed92       0x29 c:/devkitpro/devkitarm/bin/../lib/gcc/arm-none-eabi/12.1.0/../../../../arm-none-eabi/lib\libg.a(lib_a-vfiprintf.o)
 *fill*         0x000000000201edbb        0x1 ff
 .rodata.zeroes.0
                0x000000000201edbc       0x10 c:/devkitpro/devkitarm/bin/../lib/gcc/arm-none-eabi/12.1.0/../../../../arm-none-eabi/lib\libg.a(lib_a-vfiprintf.o)
 .rodata.blanks.1
                0x000000000201edcc       0x10 c:/devkitpro/devkitarm/bin/../lib/gcc/arm-none-eabi/12.1.0/../../../../arm-none-eabi/lib\libg.a(lib_a-vfiprintf.o)
 .rodata._vfprintf_r.str1.1
                0x000000000201eddc       0x12 c:/devkitpro/devkitarm/bin/../lib/gcc/arm-none-eabi/12.1.0/../../../../arm-none-eabi/lib\libg.a(lib_a-vfprintf.o)
                                         0x3b (size before relaxing)
 *fill*         0x000000000201edee        0x2 ff
 .rodata.zeroes.0
                0x000000000201edf0       0x10 c:/devkitpro/devkitarm/bin/../lib/gcc/arm-none-eabi/12.1.0/../../../../arm-none-eabi/lib\libg.a(lib_a-vfprintf.o)
 .rodata.blanks.1
                0x000000000201ee00       0x10 c:/devkitpro/devkitarm/bin/../lib/gcc/arm-none-eabi/12.1.0/../../../../arm-none-eabi/lib\libg.a(lib_a-vfprintf.o)
 .rodata._ctype_
                0x000000000201ee10      0x101 c:/devkitpro/devkitarm/bin/../lib/gcc/arm-none-eabi/12.1.0/../../../../arm-none-eabi/lib\libg.a(lib_a-ctype_.o)
                0x000000000201ee10                _ctype_
 *fill*         0x000000000201ef11        0x3 ff
 .rodata._dtoa_r.str1.4
                0x000000000201ef14       0x6a c:/devkitpro/devkitarm/bin/../lib/gcc/arm-none-eabi/12.1.0/../../../../arm-none-eabi/lib\libg.a(lib_a-dtoa.o)
 *fill*         0x000000000201ef7e        0x2 ff
 .rodata.str1.4
                0x000000000201ef80       0x48 c:/devkitpro/devkitarm/bin/../lib/gcc/arm-none-eabi/12.1.0/../../../../arm-none-eabi/lib\libg.a(lib_a-locale.o)
                                         0x4c (size before relaxing)
 .rodata._mbrtowc_r.str1.4
                0x000000000201efc8        0x1 c:/devkitpro/devkitarm/bin/../lib/gcc/arm-none-eabi/12.1.0/../../../../arm-none-eabi/lib\libg.a(lib_a-mbrtowc.o)
 .rodata.__multadd.str1.4
                0x000000000201efc8       0x43 c:/devkitpro/devkitarm/bin/../lib/gcc/arm-none-eabi/12.1.0/../../../../arm-none-eabi/lib\libg.a(lib_a-mprec.o)
                                         0x57 (size before relaxing)
 *fill*         0x000000000201f00b        0x1 ff
 .rodata.p05.0  0x000000000201f00c        0xc c:/devkitpro/devkitarm/bin/../lib/gcc/arm-none-eabi/12.1.0/../../../../arm-none-eabi/lib\libg.a(lib_a-mprec.o)
 .rodata.__mprec_bigtens
                0x000000000201f018       0x28 c:/devkitpro/devkitarm/bin/../lib/gcc/arm-none-eabi/12.1.0/../../../../arm-none-eabi/lib\libg.a(lib_a-mprec.o)
                0x000000000201f018                __mprec_bigtens
 .rodata.__mprec_tens
                0x000000000201f040       0xc8 c:/devkitpro/devkitarm/bin/../lib/gcc/arm-none-eabi/12.1.0/../../../../arm-none-eabi/lib\libg.a(lib_a-mprec.o)
                0x000000000201f040                __mprec_tens
 .rodata.__action_table
                0x000000000201f108       0x6c c:/devkitpro/devkitarm/bin/../lib/gcc/arm-none-eabi/12.1.0/../../../../arm-none-eabi/lib\libg.a(lib_a-svfiprintf.o)
                0x000000000201f108                __action_table
 .rodata.__state_table
                0x000000000201f174       0x6c c:/devkitpro/devkitarm/bin/../lib/gcc/arm-none-eabi/12.1.0/../../../../arm-none-eabi/lib\libg.a(lib_a-svfiprintf.o)
                0x000000000201f174                __state_table
 .rodata.__chclass
                0x000000000201f1e0      0x100 c:/devkitpro/devkitarm/bin/../lib/gcc/arm-none-eabi/12.1.0/../../../../arm-none-eabi/lib\libg.a(lib_a-svfiprintf.o)
                0x000000000201f1e0                __chclass
 .rodata.__assert_func.str1.4
                0x000000000201f2e0       0x3f c:/devkitpro/devkitarm/bin/../lib/gcc/arm-none-eabi/12.1.0/../../../../arm-none-eabi/lib\libg.a(lib_a-assert.o)
                                         0x43 (size before relaxing)
 *fill*         0x000000000201f31f        0x1 ff
 .rodata._jp2uc_l.str1.4
                0x000000000201f320       0x12 c:/devkitpro/devkitarm/bin/../lib/gcc/arm-none-eabi/12.1.0/../../../../arm-none-eabi/lib\libg.a(lib_a-jp2uc.o)
 *fill*         0x000000000201f332        0x2 ff
 .rodata.d02f4  0x000000000201f334     0x1a7c c:/devkitpro/devkitarm/bin/../lib/gcc/arm-none-eabi/12.1.0/../../../../arm-none-eabi/lib\libg.a(lib_a-jp2uc.o)
 .rodata.b02cf  0x0000000002020db0     0x172a c:/devkitpro/devkitarm/bin/../lib/gcc/arm-none-eabi/12.1.0/../../../../arm-none-eabi/lib\libg.a(lib_a-jp2uc.o)
 *fill*         0x00000000020224da        0x2 ff
 .rodata.a8     0x00000000020224dc       0x40 c:/devkitpro/devkitarm/bin/../lib/gcc/arm-none-eabi/12.1.0/../../../../arm-none-eabi/lib\libg.a(lib_a-jp2uc.o)
 .rodata.a7     0x000000000202251c       0xa2 c:/devkitpro/devkitarm/bin/../lib/gcc/arm-none-eabi/12.1.0/../../../../arm-none-eabi/lib\libg.a(lib_a-jp2uc.o)
 *fill*         0x00000000020225be        0x2 ff
 .rodata.a6     0x00000000020225c0       0x70 c:/devkitpro/devkitarm/bin/../lib/gcc/arm-none-eabi/12.1.0/../../../../arm-none-eabi/lib\libg.a(lib_a-jp2uc.o)
 .rodata.a3     0x0000000002022630       0x5b c:/devkitpro/devkitarm/bin/../lib/gcc/arm-none-eabi/12.1.0/../../../../arm-none-eabi/lib\libg.a(lib_a-jp2uc.o)
 *fill*         0x000000000202268b        0x1 ff
 .rodata.a2     0x000000000202268c       0xbc c:/devkitpro/devkitarm/bin/../lib/gcc/arm-none-eabi/12.1.0/../../../../arm-none-eabi/lib\libg.a(lib_a-jp2uc.o)
 .rodata.a1     0x0000000002022748       0xbc c:/devkitpro/devkitarm/bin/../lib/gcc/arm-none-eabi/12.1.0/../../../../arm-none-eabi/lib\libg.a(lib_a-jp2uc.o)
 .rodata.categories
                0x0000000002022804     0x3528 c:/devkitpro/devkitarm/bin/../lib/gcc/arm-none-eabi/12.1.0/../../../../arm-none-eabi/lib\libg.a(lib_a-categories.o)
 .rodata.AddDevice.str1.4
                0x0000000002025d2c        0x8 c:/devkitpro/devkitarm/bin/../lib/gcc/arm-none-eabi/12.1.0/../../../../arm-none-eabi/lib\libsysbase.a(iosupport.o)
 .rodata.dotab_stdnull
                0x0000000002025d34       0x70 c:/devkitpro/devkitarm/bin/../lib/gcc/arm-none-eabi/12.1.0/../../../../arm-none-eabi/lib\libsysbase.a(iosupport.o)
                0x0000000002025d34                dotab_stdnull
 *(EXCLUDE_FILE(*.twl*) .gnu.linkonce.r*)
                0x0000000002025da4                . = ALIGN (0x4)

.ARM.extab      0x0000000002025da4       0x6c
 *(.ARM.extab* .gnu.linkonce.armextab.*)
 .ARM.extab.text._ZN10__cxxabiv111__terminateEPFvvE
                0x0000000002025da4       0x18 c:/devkitpro/devkitarm/bin/../lib/gcc/arm-none-eabi/12.1.0/../../../../arm-none-eabi/lib\libstdc++.a(eh_terminate.o)
 .ARM.extab.text.__cxa_begin_catch
                0x0000000002025dbc        0xc c:/devkitpro/devkitarm/bin/../lib/gcc/arm-none-eabi/12.1.0/../../../../arm-none-eabi/lib\libstdc++.a(eh_catch.o)
 .ARM.extab.text.__gxx_personality_v0
                0x0000000002025dc8       0x20 c:/devkitpro/devkitarm/bin/../lib/gcc/arm-none-eabi/12.1.0/../../../../arm-none-eabi/lib\libstdc++.a(eh_personality.o)
 .ARM.extab.text.unlikely.__cxa_call_unexpected
                0x0000000002025de8       0x28 c:/devkitpro/devkitarm/bin/../lib/gcc/arm-none-eabi/12.1.0/../../../../arm-none-eabi/lib\libstdc++.a(eh_call.o)
                0x0000000002025e10                __exidx_start = .

ARM.exidx       0x0000000002025e10      0x180
 *(.ARM.exidx* .gnu.linkonce.armexidx.*)
 .ARM.exidx.text._ZdlPvj
                0x0000000002025e10        0x8 c:/devkitpro/devkitarm/bin/../lib/gcc/arm-none-eabi/12.1.0/../../../../arm-none-eabi/lib\libstdc++.a(del_ops.o)
 .ARM.exidx.text._Znwj
                0x0000000002025e18        0x8 c:/devkitpro/devkitarm/bin/../lib/gcc/arm-none-eabi/12.1.0/../../../../arm-none-eabi/lib\libstdc++.a(new_op.o)
 .ARM.exidx.text._ZNKSt9bad_alloc4whatEv
                0x0000000002025e20        0x8 c:/devkitpro/devkitarm/bin/../lib/gcc/arm-none-eabi/12.1.0/../../../../arm-none-eabi/lib\libstdc++.a(bad_alloc.o)